Archive member included because of file (symbol)

.\CortexM3\ARM_GCC_484\Debug\Design01.a(cyfitter_cfg.o)
                              .\CortexM3\ARM_GCC_484\Debug\Cm3Start.o (cyfitter_cfg)
.\CortexM3\ARM_GCC_484\Debug\Design01.a(CyBootAsmGnu.o)
                              .\CortexM3\ARM_GCC_484\Debug\Design01.a(cyfitter_cfg.o) (CyDelayCycles)
.\CortexM3\ARM_GCC_484\Debug\Design01.a(CyDmac.o)
                              .\CortexM3\ARM_GCC_484\Debug\Cm3Start.o (CyDmacConfigure)
.\CortexM3\ARM_GCC_484\Debug\Design01.a(CyLib.o)
                              .\CortexM3\ARM_GCC_484\Debug\Cm3Start.o (CyResetStatus)
.\CortexM3\ARM_GCC_484\Debug\Design01.a(cyPm.o)
                              .\CortexM3\ARM_GCC_484\Debug\Design01.a(CyLib.o) (CyPmReadStatus)
.\CortexM3\ARM_GCC_484\Debug\Design01.a(A_B.o)
                              .\CortexM3\ARM_GCC_484\Debug\main.o (A_B_Start)
.\CortexM3\ARM_GCC_484\Debug\Design01.a(OutMux.o)
                              .\CortexM3\ARM_GCC_484\Debug\main.o (OutMux_Start)
.\CortexM3\ARM_GCC_484\Debug\Design01.a(C_D.o)
                              .\CortexM3\ARM_GCC_484\Debug\main.o (C_D_Start)
.\CortexM3\ARM_GCC_484\Debug\Design01.a(E_F.o)
                              .\CortexM3\ARM_GCC_484\Debug\main.o (E_F_Start)
.\CortexM3\ARM_GCC_484\Debug\Design01.a(G_A.o)
                              .\CortexM3\ARM_GCC_484\Debug\main.o (G_A_Start)
.\CortexM3\ARM_GCC_484\Debug\Design01.a(Control_Reg.o)
                              .\CortexM3\ARM_GCC_484\Debug\main.o (Control_Reg_Write)
.\CortexM3\ARM_GCC_484\Debug\Design01.a(Status_Reg.o)
                              .\CortexM3\ARM_GCC_484\Debug\main.o (Status_Reg_Read)
.\CortexM3\ARM_GCC_484\Debug\Design01.a(ADC.o)
                              .\CortexM3\ARM_GCC_484\Debug\main.o (ADC_Start)
.\CortexM3\ARM_GCC_484\Debug\Design01.a(ADC_INT.o)
                              .\CortexM3\ARM_GCC_484\Debug\Design01.a(ADC.o) (ADC_ISR)
.\CortexM3\ARM_GCC_484\Debug\Design01.a(Pot_Vals.o)
                              .\CortexM3\ARM_GCC_484\Debug\main.o (Pot_Vals_Start)
.\CortexM3\ARM_GCC_484\Debug\Design01.a(A_B_DacClk.o)
                              .\CortexM3\ARM_GCC_484\Debug\Design01.a(A_B.o) (A_B_DacClk_Start)
.\CortexM3\ARM_GCC_484\Debug\Design01.a(A_B_Wave1_DMA_dma.o)
                              .\CortexM3\ARM_GCC_484\Debug\Design01.a(A_B.o) (A_B_Wave1_DMA_DmaInitialize)
.\CortexM3\ARM_GCC_484\Debug\Design01.a(A_B_Wave2_DMA_dma.o)
                              .\CortexM3\ARM_GCC_484\Debug\Design01.a(A_B.o) (A_B_Wave2_DMA_DmaInitialize)
.\CortexM3\ARM_GCC_484\Debug\Design01.a(A_B_VDAC8.o)
                              .\CortexM3\ARM_GCC_484\Debug\Design01.a(A_B.o) (A_B_VDAC8_Init)
.\CortexM3\ARM_GCC_484\Debug\Design01.a(C_D_DacClk.o)
                              .\CortexM3\ARM_GCC_484\Debug\Design01.a(C_D.o) (C_D_DacClk_Start)
.\CortexM3\ARM_GCC_484\Debug\Design01.a(C_D_Wave1_DMA_dma.o)
                              .\CortexM3\ARM_GCC_484\Debug\Design01.a(C_D.o) (C_D_Wave1_DMA_DmaInitialize)
.\CortexM3\ARM_GCC_484\Debug\Design01.a(C_D_Wave2_DMA_dma.o)
                              .\CortexM3\ARM_GCC_484\Debug\Design01.a(C_D.o) (C_D_Wave2_DMA_DmaInitialize)
.\CortexM3\ARM_GCC_484\Debug\Design01.a(C_D_VDAC8.o)
                              .\CortexM3\ARM_GCC_484\Debug\Design01.a(C_D.o) (C_D_VDAC8_Init)
.\CortexM3\ARM_GCC_484\Debug\Design01.a(E_F_DacClk.o)
                              .\CortexM3\ARM_GCC_484\Debug\Design01.a(E_F.o) (E_F_DacClk_Start)
.\CortexM3\ARM_GCC_484\Debug\Design01.a(E_F_Wave1_DMA_dma.o)
                              .\CortexM3\ARM_GCC_484\Debug\Design01.a(E_F.o) (E_F_Wave1_DMA_DmaInitialize)
.\CortexM3\ARM_GCC_484\Debug\Design01.a(E_F_Wave2_DMA_dma.o)
                              .\CortexM3\ARM_GCC_484\Debug\Design01.a(E_F.o) (E_F_Wave2_DMA_DmaInitialize)
.\CortexM3\ARM_GCC_484\Debug\Design01.a(E_F_VDAC8.o)
                              .\CortexM3\ARM_GCC_484\Debug\Design01.a(E_F.o) (E_F_VDAC8_Init)
.\CortexM3\ARM_GCC_484\Debug\Design01.a(G_A_DacClk.o)
                              .\CortexM3\ARM_GCC_484\Debug\Design01.a(G_A.o) (G_A_DacClk_Start)
.\CortexM3\ARM_GCC_484\Debug\Design01.a(G_A_Wave1_DMA_dma.o)
                              .\CortexM3\ARM_GCC_484\Debug\Design01.a(G_A.o) (G_A_Wave1_DMA_DmaInitialize)
.\CortexM3\ARM_GCC_484\Debug\Design01.a(G_A_Wave2_DMA_dma.o)
                              .\CortexM3\ARM_GCC_484\Debug\Design01.a(G_A.o) (G_A_Wave2_DMA_DmaInitialize)
.\CortexM3\ARM_GCC_484\Debug\Design01.a(G_A_VDAC8.o)
                              .\CortexM3\ARM_GCC_484\Debug\Design01.a(G_A.o) (G_A_VDAC8_Init)
.\CortexM3\ARM_GCC_484\Debug\Design01.a(ADC_theACLK.o)
                              .\CortexM3\ARM_GCC_484\Debug\Design01.a(ADC.o) (ADC_theACLK_SetModeRegister)
.\CortexM3\ARM_GCC_484\Debug\Design01.a(Tremolo.o)
                              .\CortexM3\ARM_GCC_484\Debug\main.o (Tremolo_Start)
[...]
Memory Configuration

Name             Origin             Length             Attributes
rom              0x00000000         0x00040000         xr
ram              0x1fff8000         0x00010000         xrw
*default*        0x00000000         0xffffffff

Linker script and memory map

LOAD c:/program files/cypress/psoc creator/3.2/psoc creator/import/gnu/arm/4.8.4/bin/../lib/gcc/arm-none-eabi/4.8.4/armv7-m/crti.o
LOAD c:/program files/cypress/psoc creator/3.2/psoc creator/import/gnu/arm/4.8.4/bin/../lib/gcc/arm-none-eabi/4.8.4/armv7-m/crtbegin.o
LOAD c:/program files/cypress/psoc creator/3.2/psoc creator/import/gnu/arm/4.8.4/bin/../lib/gcc/arm-none-eabi/4.8.4/../../../../arm-none-eabi/lib/armv7-m/crt0.o
START GROUP
LOAD .\CortexM3\ARM_GCC_484\Debug\main.o
LOAD .\CortexM3\ARM_GCC_484\Debug\cymetadata.o
LOAD .\CortexM3\ARM_GCC_484\Debug\Cm3Start.o
LOAD .\CortexM3\ARM_GCC_484\Debug\Design01.a
LOAD C:\Program Files\Cypress\PSoC Creator\3.2\PSoC Creator\psoc\content\cycomponentlibrary\CyComponentLibrary.cylib\CortexM3\ARM_GCC_484\Debug\CyComponentLibrary.a
END GROUP
START GROUP
LOAD c:/program files/cypress/psoc creator/3.2/psoc creator/import/gnu/arm/4.8.4/bin/../lib/gcc/arm-none-eabi/4.8.4/armv7-m\libgcc.a
LOAD c:/program files/cypress/psoc creator/3.2/psoc creator/import/gnu/arm/4.8.4/bin/../lib/gcc/arm-none-eabi/4.8.4/../../../../arm-none-eabi/lib/armv7-m\libg_s.a
LOAD c:/program files/cypress/psoc creator/3.2/psoc creator/import/gnu/arm/4.8.4/bin/../lib/gcc/arm-none-eabi/4.8.4/../../../../arm-none-eabi/lib/armv7-m\libc_s.a
END GROUP
START GROUP
LOAD c:/program files/cypress/psoc creator/3.2/psoc creator/import/gnu/arm/4.8.4/bin/../lib/gcc/arm-none-eabi/4.8.4/armv7-m\libgcc.a
LOAD c:/program files/cypress/psoc creator/3.2/psoc creator/import/gnu/arm/4.8.4/bin/../lib/gcc/arm-none-eabi/4.8.4/../../../../arm-none-eabi/lib/armv7-m\libc_s.a
END GROUP
LOAD c:/program files/cypress/psoc creator/3.2/psoc creator/import/gnu/arm/4.8.4/bin/../lib/gcc/arm-none-eabi/4.8.4/armv7-m/crtend.o
LOAD c:/program files/cypress/psoc creator/3.2/psoc creator/import/gnu/arm/4.8.4/bin/../lib/gcc/arm-none-eabi/4.8.4/armv7-m/crtn.o
START GROUP
LOAD c:/program files/cypress/psoc creator/3.2/psoc creator/import/gnu/arm/4.8.4/bin/../lib/gcc/arm-none-eabi/4.8.4/armv7-m\libgcc.a
LOAD c:/program files/cypress/psoc creator/3.2/psoc creator/import/gnu/arm/4.8.4/bin/../lib/gcc/arm-none-eabi/4.8.4/../../../../arm-none-eabi/lib/armv7-m\libc.a
LOAD c:/program files/cypress/psoc creator/3.2/psoc creator/import/gnu/arm/4.8.4/bin/../lib/gcc/arm-none-eabi/4.8.4/../../../../arm-none-eabi/lib/armv7-m\libnosys.a
END GROUP
                0x00000000                CY_APPL_ORIGIN = 0x0
                0x00000100                CY_FLASH_ROW_SIZE = 0x100
                0x00000020                CY_ECC_ROW_SIZE = 0x20
                0x00000000                CY_EE_IN_BTLDR = 0x0
                0x00000000                CY_APPL_LOADABLE = 0x0
                0x00000800                CY_EE_SIZE = 0x800
                0x00000001                CY_APPL_NUM = 0x1
                0x00000001                CY_APPL_MAX = 0x1
                0x00000040                CY_METADATA_SIZE = 0x40
                0x1fff8170                PROVIDE (__cy_heap_start, _end)
                0x00000001                PROVIDE (__cy_region_num, ((__cy_regions_end - __cy_regions) / 0x10))
                0x20008000                PROVIDE (__cy_stack, (ORIGIN (ram) + 0x10000))
                0x20007800                PROVIDE (__cy_heap_end, (__cy_stack - 0x800))

.cybootloader   0x00000000        0x0
 *(.cybootloader)
                0x00000000                appl1_start = CY_APPL_ORIGIN?CY_APPL_ORIGIN:ALIGN (CY_FLASH_ROW_SIZE)
                0x0001ff00                appl2_start = (appl1_start + ALIGN ((((0x40000 - appl1_start) - (0x2 * CY_FLASH_ROW_SIZE)) / 0x2), CY_FLASH_ROW_SIZE))
                0x00000000                appl_start = (CY_APPL_NUM == 0x1)?appl1_start:appl2_start
                0x00000000                ecc_offset = ((appl_start / CY_FLASH_ROW_SIZE) * CY_ECC_ROW_SIZE)
                0x00000000                ee_offset = (CY_APPL_LOADABLE && ! (CY_EE_IN_BTLDR))?((CY_EE_SIZE / CY_APPL_MAX) * (CY_APPL_NUM - 0x1)):0x0
                0x00000800                ee_size = (CY_APPL_LOADABLE && ! (CY_EE_IN_BTLDR))?(CY_EE_SIZE / CY_APPL_MAX):CY_EE_SIZE
                0x00000000                PROVIDE (CY_ECC_OFFSET, ecc_offset)

.text           0x00000000     0x250e
 CREATE_OBJECT_SYMBOLS
                0x00000000                PROVIDE (__cy_interrupt_vector, RomVectors)
 *(.romvectors)
 .romvectors    0x00000000       0x10 .\CortexM3\ARM_GCC_484\Debug\Cm3Start.o
                0x00000000                RomVectors
                0x00000001                ASSERT ((. != __cy_interrupt_vector), No interrupt vector)
                0x00000001                ASSERT (CY_APPL_ORIGIN?(SIZEOF (.cybootloader) <= CY_APPL_ORIGIN):0x1, Wrong image location)
                0x00000010                PROVIDE (__cy_reset, Reset)
 *(.text.Reset)
 .text.Reset    0x00000010       0x18 .\CortexM3\ARM_GCC_484\Debug\Cm3Start.o
                0x00000010                Reset
                0x00000001                ASSERT ((. != __cy_reset), No reset code)
 *(.dma_init)
                0x00000001                ASSERT ((((appl_start + .) <= 0x10000) || 0x1), DMA Init must be within the first 64k of flash)
 *(.text .text.* .gnu.linkonce.t.*)
 .text          0x00000028       0x54 c:/program files/cypress/psoc creator/3.2/psoc creator/import/gnu/arm/4.8.4/bin/../lib/gcc/arm-none-eabi/4.8.4/armv7-m/crtbegin.o
 .text.main     0x0000007c      0x1b8 .\CortexM3\ARM_GCC_484\Debug\main.o
                0x0000007c                main
 .text.IntDefaultHandler
                0x00000234        0x8 .\CortexM3\ARM_GCC_484\Debug\Cm3Start.o
                0x00000234                IntDefaultHandler
 .text.Start_c  0x0000023c       0x98 .\CortexM3\ARM_GCC_484\Debug\Cm3Start.o
                0x0000023c                Start_c
 .text.initialize_psoc
                0x000002d4       0x90 .\CortexM3\ARM_GCC_484\Debug\Cm3Start.o
                0x000002d4                initialize_psoc
 .text.CYMEMZERO
                0x00000364       0x1c .\CortexM3\ARM_GCC_484\Debug\Design01.a(cyfitter_cfg.o)
 .text.CYCONFIGCPY
                0x00000380       0x1c .\CortexM3\ARM_GCC_484\Debug\Design01.a(cyfitter_cfg.o)
 .text.CyClockStartupError
                0x0000039c        0xc .\CortexM3\ARM_GCC_484\Debug\Design01.a(cyfitter_cfg.o)
 .text.cfg_write_bytes32
                0x000003a8       0x74 .\CortexM3\ARM_GCC_484\Debug\Design01.a(cyfitter_cfg.o)
 .text.ClockSetup
                0x0000041c      0x164 .\CortexM3\ARM_GCC_484\Debug\Design01.a(cyfitter_cfg.o)
 .text.AnalogSetDefault
                0x00000580       0xb8 .\CortexM3\ARM_GCC_484\Debug\Design01.a(cyfitter_cfg.o)
 .text.OutMux_Set
                0x00000638       0x6c .\CortexM3\ARM_GCC_484\Debug\Design01.a(cyfitter_cfg.o)
                0x00000638                OutMux_Set
 .text.OutMux_Unset
                0x000006a4       0x74 .\CortexM3\ARM_GCC_484\Debug\Design01.a(cyfitter_cfg.o)
                0x000006a4                OutMux_Unset
 .text.Pot_Vals_Set
                0x00000718       0x6c .\CortexM3\ARM_GCC_484\Debug\Design01.a(cyfitter_cfg.o)
                0x00000718                Pot_Vals_Set
 .text.Pot_Vals_Unset
                0x00000784       0x74 .\CortexM3\ARM_GCC_484\Debug\Design01.a(cyfitter_cfg.o)
                0x00000784                Pot_Vals_Unset
 .text.Tremolo_Set
                0x000007f8       0x6c .\CortexM3\ARM_GCC_484\Debug\Design01.a(cyfitter_cfg.o)
                0x000007f8                Tremolo_Set
 .text.Tremolo_Unset
                0x00000864       0x74 .\CortexM3\ARM_GCC_484\Debug\Design01.a(cyfitter_cfg.o)
                0x00000864                Tremolo_Unset
 .text.cyfitter_cfg
                0x000008d8      0x1b8 .\CortexM3\ARM_GCC_484\Debug\Design01.a(cyfitter_cfg.o)
                0x000008d8                cyfitter_cfg
 .text          0x00000a90       0x28 .\CortexM3\ARM_GCC_484\Debug\Design01.a(CyBootAsmGnu.o)
                0x00000a90                CyDelayCycles
                0x00000aa4                CyEnterCriticalSection
                0x00000aac                CyExitCriticalSection
 .text.CyDmacConfigure
                0x00000ab8       0x5c .\CortexM3\ARM_GCC_484\Debug\Design01.a(CyDmac.o)
                0x00000ab8                CyDmacConfigure
 .text.CyDmaChEnable
                0x00000b14       0x8c .\CortexM3\ARM_GCC_484\Debug\Design01.a(CyDmac.o)
                0x00000b14                CyDmaChEnable
 .text.CyDmaChPriority
                0x00000ba0       0x5c .\CortexM3\ARM_GCC_484\Debug\Design01.a(CyDmac.o)
                0x00000ba0                CyDmaChPriority
 .text.CyDmaChSetExtendedAddress
                0x00000bfc       0x7c .\CortexM3\ARM_GCC_484\Debug\Design01.a(CyDmac.o)
                0x00000bfc                CyDmaChSetExtendedAddress
 .text.CyDmaChSetInitialTd
                0x00000c78       0x3c .\CortexM3\ARM_GCC_484\Debug\Design01.a(CyDmac.o)
                0x00000c78                CyDmaChSetInitialTd
 .text.CyDmaChSetConfiguration
                0x00000cb4       0x90 .\CortexM3\ARM_GCC_484\Debug\Design01.a(CyDmac.o)
                0x00000cb4                CyDmaChSetConfiguration
 .text.CyDmaTdAllocate
                0x00000d44       0x5c .\CortexM3\ARM_GCC_484\Debug\Design01.a(CyDmac.o)
                0x00000d44                CyDmaTdAllocate
 .text.CyDmaTdSetConfiguration
                0x00000da0       0x70 .\CortexM3\ARM_GCC_484\Debug\Design01.a(CyDmac.o)
                0x00000da0                CyDmaTdSetConfiguration
 .text.CyDmaTdSetAddress
                0x00000e10       0x5c .\CortexM3\ARM_GCC_484\Debug\Design01.a(CyDmac.o)
                0x00000e10                CyDmaTdSetAddress
 .text.CyHalt   0x00000e6c       0x18 .\CortexM3\ARM_GCC_484\Debug\Design01.a(CyLib.o)
                0x00000e6c                CyHalt
 .text.CyDelay  0x00000e84       0x44 .\CortexM3\ARM_GCC_484\Debug\Design01.a(CyLib.o)
                0x00000e84                CyDelay
 .text.CyDelayUs
                0x00000ec8       0x24 .\CortexM3\ARM_GCC_484\Debug\Design01.a(CyLib.o)
                0x00000ec8                CyDelayUs
 .text.CyIntSetVector
                0x00000eec       0x50 .\CortexM3\ARM_GCC_484\Debug\Design01.a(CyLib.o)
                0x00000eec                CyIntSetVector
 .text.CyIntSetPriority
                0x00000f3c       0x44 .\CortexM3\ARM_GCC_484\Debug\Design01.a(CyLib.o)
                0x00000f3c                CyIntSetPriority
 .text.A_B_Init
                0x00000f80       0x54 .\CortexM3\ARM_GCC_484\Debug\Design01.a(A_B.o)
                0x00000f80                A_B_Init
 .text.A_B_Enable
                0x00000fd4       0x34 .\CortexM3\ARM_GCC_484\Debug\Design01.a(A_B.o)
                0x00000fd4                A_B_Enable
 .text.A_B_Start
                0x00001008       0x20 .\CortexM3\ARM_GCC_484\Debug\Design01.a(A_B.o)
                0x00001008                A_B_Start
 .text.A_B_Wave1Setup
                0x00001028       0x70 .\CortexM3\ARM_GCC_484\Debug\Design01.a(A_B.o)
                0x00001028                A_B_Wave1Setup
 .text.A_B_Wave2Setup
                0x00001098       0x70 .\CortexM3\ARM_GCC_484\Debug\Design01.a(A_B.o)
                0x00001098                A_B_Wave2Setup
 .text.OutMux_Start
                0x00001108       0x30 .\CortexM3\ARM_GCC_484\Debug\Design01.a(OutMux.o)
                0x00001108                OutMux_Start
 .text.OutMux_FastSelect
                0x00001138       0x34 .\CortexM3\ARM_GCC_484\Debug\Design01.a(OutMux.o)
                0x00001138                OutMux_FastSelect
 .text.OutMux_DisconnectAll
                0x0000116c       0x24 .\CortexM3\ARM_GCC_484\Debug\Design01.a(OutMux.o)
                0x0000116c                OutMux_DisconnectAll
 .text.C_D_Init
                0x00001190       0x54 .\CortexM3\ARM_GCC_484\Debug\Design01.a(C_D.o)
                0x00001190                C_D_Init
 .text.C_D_Enable
                0x000011e4       0x34 .\CortexM3\ARM_GCC_484\Debug\Design01.a(C_D.o)
                0x000011e4                C_D_Enable
 .text.C_D_Start
                0x00001218       0x20 .\CortexM3\ARM_GCC_484\Debug\Design01.a(C_D.o)
                0x00001218                C_D_Start
 .text.C_D_Wave1Setup
                0x00001238       0x70 .\CortexM3\ARM_GCC_484\Debug\Design01.a(C_D.o)
                0x00001238                C_D_Wave1Setup
 .text.C_D_Wave2Setup
                0x000012a8       0x70 .\CortexM3\ARM_GCC_484\Debug\Design01.a(C_D.o)
                0x000012a8                C_D_Wave2Setup
 .text.E_F_Init
                0x00001318       0x54 .\CortexM3\ARM_GCC_484\Debug\Design01.a(E_F.o)
                0x00001318                E_F_Init
 .text.E_F_Enable
                0x0000136c       0x34 .\CortexM3\ARM_GCC_484\Debug\Design01.a(E_F.o)
                0x0000136c                E_F_Enable
 .text.E_F_Start
                0x000013a0       0x20 .\CortexM3\ARM_GCC_484\Debug\Design01.a(E_F.o)
                0x000013a0                E_F_Start
 .text.E_F_Wave1Setup
                0x000013c0       0x70 .\CortexM3\ARM_GCC_484\Debug\Design01.a(E_F.o)
                0x000013c0                E_F_Wave1Setup
 .text.E_F_Wave2Setup
                0x00001430       0x70 .\CortexM3\ARM_GCC_484\Debug\Design01.a(E_F.o)
                0x00001430                E_F_Wave2Setup
 .text.G_A_Init
                0x000014a0       0x50 .\CortexM3\ARM_GCC_484\Debug\Design01.a(G_A.o)
                0x000014a0                G_A_Init
 .text.G_A_Enable
                0x000014f0       0x34 .\CortexM3\ARM_GCC_484\Debug\Design01.a(G_A.o)
                0x000014f0                G_A_Enable
 .text.G_A_Start
                0x00001524       0x20 .\CortexM3\ARM_GCC_484\Debug\Design01.a(G_A.o)
                0x00001524                G_A_Start
 .text.G_A_Wave1Setup
                0x00001544       0x70 .\CortexM3\ARM_GCC_484\Debug\Design01.a(G_A.o)
                0x00001544                G_A_Wave1Setup
 .text.G_A_Wave2Setup
                0x000015b4       0x70 .\CortexM3\ARM_GCC_484\Debug\Design01.a(G_A.o)
                0x000015b4                G_A_Wave2Setup
 .text.Control_Reg_Write
                0x00001624       0x20 .\CortexM3\ARM_GCC_484\Debug\Design01.a(Control_Reg.o)
                0x00001624                Control_Reg_Write
 .text.Status_Reg_Read
                0x00001644       0x18 .\CortexM3\ARM_GCC_484\Debug\Design01.a(Status_Reg.o)
                0x00001644                Status_Reg_Read
 .text.ADC_Start
                0x0000165c       0x20 .\CortexM3\ARM_GCC_484\Debug\Design01.a(ADC.o)
                0x0000165c                ADC_Start
 .text.ADC_Init
                0x0000167c       0x44 .\CortexM3\ARM_GCC_484\Debug\Design01.a(ADC.o)
                0x0000167c                ADC_Init
 .text.ADC_Enable
                0x000016c0       0xf4 .\CortexM3\ARM_GCC_484\Debug\Design01.a(ADC.o)
                0x000016c0                ADC_Enable
 .text.ADC_SetResolution
                0x000017b4       0x50 .\CortexM3\ARM_GCC_484\Debug\Design01.a(ADC.o)
                0x000017b4                ADC_SetResolution
 .text.ADC_StartConvert
                0x00001804       0x20 .\CortexM3\ARM_GCC_484\Debug\Design01.a(ADC.o)
                0x00001804                ADC_StartConvert
 .text.ADC_IsEndConversion
                0x00001824       0x40 .\CortexM3\ARM_GCC_484\Debug\Design01.a(ADC.o)
                0x00001824                ADC_IsEndConversion
 .text.ADC_GetResult16
                0x00001864       0x34 .\CortexM3\ARM_GCC_484\Debug\Design01.a(ADC.o)
                0x00001864                ADC_GetResult16
 .text.ADC_CalcGain
                0x00001898       0x7c .\CortexM3\ARM_GCC_484\Debug\Design01.a(ADC.o)
 .text.ADC_ISR  0x00001914        0xc .\CortexM3\ARM_GCC_484\Debug\Design01.a(ADC_INT.o)
                0x00001914                ADC_ISR
 .text.Pot_Vals_Start
                0x00001920       0x30 .\CortexM3\ARM_GCC_484\Debug\Design01.a(Pot_Vals.o)
                0x00001920                Pot_Vals_Start
 .text.Pot_Vals_Select
                0x00001950       0x28 .\CortexM3\ARM_GCC_484\Debug\Design01.a(Pot_Vals.o)
                0x00001950                Pot_Vals_Select
 .text.A_B_DacClk_Start
                0x00001978       0x34 .\CortexM3\ARM_GCC_484\Debug\Design01.a(A_B_DacClk.o)
                0x00001978                A_B_DacClk_Start
 .text.A_B_Wave1_DMA_DmaInitialize
                0x000019ac       0x60 .\CortexM3\ARM_GCC_484\Debug\Design01.a(A_B_Wave1_DMA_dma.o)
                0x000019ac                A_B_Wave1_DMA_DmaInitialize
 .text.A_B_Wave2_DMA_DmaInitialize
                0x00001a0c       0x60 .\CortexM3\ARM_GCC_484\Debug\Design01.a(A_B_Wave2_DMA_dma.o)
                0x00001a0c                A_B_Wave2_DMA_DmaInitialize
 .text.A_B_VDAC8_Init
                0x00001a6c       0x3c .\CortexM3\ARM_GCC_484\Debug\Design01.a(A_B_VDAC8.o)
                0x00001a6c                A_B_VDAC8_Init
 .text.A_B_VDAC8_Enable
                0x00001aa8       0x34 .\CortexM3\ARM_GCC_484\Debug\Design01.a(A_B_VDAC8.o)
                0x00001aa8                A_B_VDAC8_Enable
 .text.A_B_VDAC8_SetSpeed
                0x00001adc       0x40 .\CortexM3\ARM_GCC_484\Debug\Design01.a(A_B_VDAC8.o)
                0x00001adc                A_B_VDAC8_SetSpeed
 .text.A_B_VDAC8_SetRange
                0x00001b1c       0x40 .\CortexM3\ARM_GCC_484\Debug\Design01.a(A_B_VDAC8.o)
                0x00001b1c                A_B_VDAC8_SetRange
 .text.A_B_VDAC8_SetValue
                0x00001b5c       0x20 .\CortexM3\ARM_GCC_484\Debug\Design01.a(A_B_VDAC8.o)
                0x00001b5c                A_B_VDAC8_SetValue
 .text.A_B_VDAC8_DacTrim
                0x00001b7c       0x3c .\CortexM3\ARM_GCC_484\Debug\Design01.a(A_B_VDAC8.o)
                0x00001b7c                A_B_VDAC8_DacTrim
 .text.C_D_DacClk_Start
                0x00001bb8       0x34 .\CortexM3\ARM_GCC_484\Debug\Design01.a(C_D_DacClk.o)
                0x00001bb8                C_D_DacClk_Start
 .text.C_D_Wave1_DMA_DmaInitialize
                0x00001bec       0x60 .\CortexM3\ARM_GCC_484\Debug\Design01.a(C_D_Wave1_DMA_dma.o)
                0x00001bec                C_D_Wave1_DMA_DmaInitialize
 .text.C_D_Wave2_DMA_DmaInitialize
                0x00001c4c       0x60 .\CortexM3\ARM_GCC_484\Debug\Design01.a(C_D_Wave2_DMA_dma.o)
                0x00001c4c                C_D_Wave2_DMA_DmaInitialize
 .text.C_D_VDAC8_Init
                0x00001cac       0x3c .\CortexM3\ARM_GCC_484\Debug\Design01.a(C_D_VDAC8.o)
                0x00001cac                C_D_VDAC8_Init
 .text.C_D_VDAC8_Enable
                0x00001ce8       0x34 .\CortexM3\ARM_GCC_484\Debug\Design01.a(C_D_VDAC8.o)
                0x00001ce8                C_D_VDAC8_Enable
 .text.C_D_VDAC8_SetSpeed
                0x00001d1c       0x40 .\CortexM3\ARM_GCC_484\Debug\Design01.a(C_D_VDAC8.o)
                0x00001d1c                C_D_VDAC8_SetSpeed
 .text.C_D_VDAC8_SetRange
                0x00001d5c       0x40 .\CortexM3\ARM_GCC_484\Debug\Design01.a(C_D_VDAC8.o)
                0x00001d5c                C_D_VDAC8_SetRange
 .text.C_D_VDAC8_SetValue
                0x00001d9c       0x20 .\CortexM3\ARM_GCC_484\Debug\Design01.a(C_D_VDAC8.o)
                0x00001d9c                C_D_VDAC8_SetValue
 .text.C_D_VDAC8_DacTrim
                0x00001dbc       0x3c .\CortexM3\ARM_GCC_484\Debug\Design01.a(C_D_VDAC8.o)
                0x00001dbc                C_D_VDAC8_DacTrim
 .text.E_F_DacClk_Start
                0x00001df8       0x34 .\CortexM3\ARM_GCC_484\Debug\Design01.a(E_F_DacClk.o)
                0x00001df8                E_F_DacClk_Start
 .text.E_F_Wave1_DMA_DmaInitialize
                0x00001e2c       0x60 .\CortexM3\ARM_GCC_484\Debug\Design01.a(E_F_Wave1_DMA_dma.o)
                0x00001e2c                E_F_Wave1_DMA_DmaInitialize
 .text.E_F_Wave2_DMA_DmaInitialize
                0x00001e8c       0x60 .\CortexM3\ARM_GCC_484\Debug\Design01.a(E_F_Wave2_DMA_dma.o)
                0x00001e8c                E_F_Wave2_DMA_DmaInitialize
 .text.E_F_VDAC8_Init
                0x00001eec       0x3c .\CortexM3\ARM_GCC_484\Debug\Design01.a(E_F_VDAC8.o)
                0x00001eec                E_F_VDAC8_Init
 .text.E_F_VDAC8_Enable
                0x00001f28       0x34 .\CortexM3\ARM_GCC_484\Debug\Design01.a(E_F_VDAC8.o)
                0x00001f28                E_F_VDAC8_Enable
 .text.E_F_VDAC8_SetSpeed
                0x00001f5c       0x40 .\CortexM3\ARM_GCC_484\Debug\Design01.a(E_F_VDAC8.o)
                0x00001f5c                E_F_VDAC8_SetSpeed
 .text.E_F_VDAC8_SetRange
                0x00001f9c       0x40 .\CortexM3\ARM_GCC_484\Debug\Design01.a(E_F_VDAC8.o)
                0x00001f9c                E_F_VDAC8_SetRange
 .text.E_F_VDAC8_SetValue
                0x00001fdc       0x20 .\CortexM3\ARM_GCC_484\Debug\Design01.a(E_F_VDAC8.o)
                0x00001fdc                E_F_VDAC8_SetValue
 .text.E_F_VDAC8_DacTrim
                0x00001ffc       0x3c .\CortexM3\ARM_GCC_484\Debug\Design01.a(E_F_VDAC8.o)
                0x00001ffc                E_F_VDAC8_DacTrim
 .text.G_A_DacClk_Start
                0x00002038       0x34 .\CortexM3\ARM_GCC_484\Debug\Design01.a(G_A_DacClk.o)
                0x00002038                G_A_DacClk_Start
 .text.G_A_Wave1_DMA_DmaInitialize
                0x0000206c       0x60 .\CortexM3\ARM_GCC_484\Debug\Design01.a(G_A_Wave1_DMA_dma.o)
                0x0000206c                G_A_Wave1_DMA_DmaInitialize
 .text.G_A_Wave2_DMA_DmaInitialize
                0x000020cc       0x60 .\CortexM3\ARM_GCC_484\Debug\Design01.a(G_A_Wave2_DMA_dma.o)
                0x000020cc                G_A_Wave2_DMA_DmaInitialize
 .text.G_A_VDAC8_Init
                0x0000212c       0x3c .\CortexM3\ARM_GCC_484\Debug\Design01.a(G_A_VDAC8.o)
                0x0000212c                G_A_VDAC8_Init
 .text.G_A_VDAC8_Enable
                0x00002168       0x34 .\CortexM3\ARM_GCC_484\Debug\Design01.a(G_A_VDAC8.o)
                0x00002168                G_A_VDAC8_Enable
 .text.G_A_VDAC8_SetSpeed
                0x0000219c       0x40 .\CortexM3\ARM_GCC_484\Debug\Design01.a(G_A_VDAC8.o)
                0x0000219c                G_A_VDAC8_SetSpeed
 .text.G_A_VDAC8_SetRange
                0x000021dc       0x40 .\CortexM3\ARM_GCC_484\Debug\Design01.a(G_A_VDAC8.o)
                0x000021dc                G_A_VDAC8_SetRange
 .text.G_A_VDAC8_SetValue
                0x0000221c       0x20 .\CortexM3\ARM_GCC_484\Debug\Design01.a(G_A_VDAC8.o)
                0x0000221c                G_A_VDAC8_SetValue
 .text.G_A_VDAC8_DacTrim
                0x0000223c       0x3c .\CortexM3\ARM_GCC_484\Debug\Design01.a(G_A_VDAC8.o)
                0x0000223c                G_A_VDAC8_DacTrim
 .text.ADC_theACLK_SetModeRegister
                0x00002278       0x34 .\CortexM3\ARM_GCC_484\Debug\Design01.a(ADC_theACLK.o)
                0x00002278                ADC_theACLK_SetModeRegister
 .text.Tremolo_Start
                0x000022ac       0x30 .\CortexM3\ARM_GCC_484\Debug\Design01.a(Tremolo.o)
                0x000022ac                Tremolo_Start
 .text.Tremolo_Select
                0x000022dc       0x28 .\CortexM3\ARM_GCC_484\Debug\Design01.a(Tremolo.o)
                0x000022dc                Tremolo_Select
 .text.Amp_Init
                0x00002304       0x3c .\CortexM3\ARM_GCC_484\Debug\Design01.a(Amp.o)
                0x00002304                Amp_Init
 .text.Amp_Enable
                0x00002340       0x48 .\CortexM3\ARM_GCC_484\Debug\Design01.a(Amp.o)
                0x00002340                Amp_Enable
 .text.Amp_Start
                0x00002388       0x20 .\CortexM3\ARM_GCC_484\Debug\Design01.a(Amp.o)
                0x00002388                Amp_Start
 .text.Amp_SetPower
                0x000023a8       0x38 .\CortexM3\ARM_GCC_484\Debug\Design01.a(Amp.o)
                0x000023a8                Amp_SetPower
 .text.Amp_SetGain
                0x000023e0       0xc0 .\CortexM3\ARM_GCC_484\Debug\Design01.a(Amp.o)
                0x000023e0                Amp_SetGain
 .text.__libc_init_array
                0x000024a0       0x4c c:/program files/cypress/psoc creator/3.2/psoc creator/import/gnu/arm/4.8.4/bin/../lib/gcc/arm-none-eabi/4.8.4/../../../../arm-none-eabi/lib/armv7-m\libg_s.a(lib_a-init.o)
                0x000024a0                __libc_init_array
 .text.memcpy   0x000024ec       0x12 c:/program files/cypress/psoc creator/3.2/psoc creator/import/gnu/arm/4.8.4/bin/../lib/gcc/arm-none-eabi/4.8.4/../../../../arm-none-eabi/lib/armv7-m\libg_s.a(lib_a-memcpy-stub.o)
                0x000024ec                memcpy
 .text.memset   0x000024fe       0x10 c:/program files/cypress/psoc creator/3.2/psoc creator/import/gnu/arm/4.8.4/bin/../lib/gcc/arm-none-eabi/4.8.4/../../../../arm-none-eabi/lib/armv7-m\libg_s.a(lib_a-memset.o)
                0x000024fe                memset
 *(.plt)
 *(.gnu.warning)
 *(.glue_7t)
 .glue_7t       0x00000000        0x0 linker stubs
 *(.glue_7)
 .glue_7        0x00000000        0x0 linker stubs
 *(.vfp11_veneer)
 .vfp11_veneer  0x00000000        0x0 linker stubs
 *(.bootloader)
 *(.ARM.extab* .gnu.linkonce.armextab.*)
 *(.gcc_except_table)

.v4_bx          0x00002510        0x0
 .v4_bx         0x00000000        0x0 linker stubs

.iplt           0x00002510        0x0
 .iplt          0x00000000        0x0 c:/program files/cypress/psoc creator/3.2/psoc creator/import/gnu/arm/4.8.4/bin/../lib/gcc/arm-none-eabi/4.8.4/armv7-m/crtbegin.o

.eh_frame_hdr
 *(.eh_frame_hdr)

.eh_frame       0x00002510        0x4
 *(.eh_frame)
 .eh_frame      0x00002510        0x0 c:/program files/cypress/psoc creator/3.2/psoc creator/import/gnu/arm/4.8.4/bin/../lib/gcc/arm-none-eabi/4.8.4/armv7-m/crtbegin.o
 .eh_frame      0x00002510        0x4 c:/program files/cypress/psoc creator/3.2/psoc creator/import/gnu/arm/4.8.4/bin/../lib/gcc/arm-none-eabi/4.8.4/armv7-m/crtend.o
                0x00002514                PROVIDE (__exidx_start, .)

.ARM.exidx
 *(.ARM.exidx* .gnu.linkonce.armexidx.*)
                0x00002514                __exidx_end = .

.rodata         0x00002514      0xb3c
 *(.rodata .rodata.* .gnu.linkonce.r.*)
 .rodata        0x00002514       0x80 .\CortexM3\ARM_GCC_484\Debug\Design01.a(cyfitter_cfg.o)
                0x00002514                OutMux__addrTable
                0x00002534                OutMux__maskTable
                0x0000253c                Pot_Vals__addrTable
                0x0000254c                Pot_Vals__maskTable
                0x00002550                Tremolo__addrTable
                0x00002560                Tremolo__maskTable
 .rodata        0x00002594      0x360 .\CortexM3\ARM_GCC_484\Debug\Design01.a(A_B.o)
                0x00002594                A_B_wave1
                0x0000275c                A_B_wave2
 .rodata        0x000028f4      0x2d8 .\CortexM3\ARM_GCC_484\Debug\Design01.a(C_D.o)
                0x000028f4                C_D_wave1
                0x00002a74                C_D_wave2
 .rodata        0x00002bcc      0x250 .\CortexM3\ARM_GCC_484\Debug\Design01.a(E_F.o)
                0x00002bcc                E_F_wave1
                0x00002cfc                E_F_wave2
 .rodata        0x00002e1c      0x1e4 .\CortexM3\ARM_GCC_484\Debug\Design01.a(G_A.o)
                0x00002e1c                G_A_wave1
                0x00002f1c                G_A_wave2
 .rodata        0x00003000       0x18 .\CortexM3\ARM_GCC_484\Debug\Design01.a(Amp.o)
                0x00003018                . = ALIGN (0x4)
 *(.init)
 .init          0x00003018        0x4 c:/program files/cypress/psoc creator/3.2/psoc creator/import/gnu/arm/4.8.4/bin/../lib/gcc/arm-none-eabi/4.8.4/armv7-m/crti.o
                0x00003018                _init
 .init          0x0000301c        0x8 c:/program files/cypress/psoc creator/3.2/psoc creator/import/gnu/arm/4.8.4/bin/../lib/gcc/arm-none-eabi/4.8.4/armv7-m/crtn.o
                0x00003024                . = ALIGN (0x4)
                0x00003024                __preinit_array_start = .
 *(.preinit_array)
                0x00003024                __preinit_array_end = .
                0x00003024                . = ALIGN (0x4)
                0x00003024                __init_array_start = .
 *(SORT(.init_array.*))
 *(.init_array)
 .init_array    0x00003024        0x4 c:/program files/cypress/psoc creator/3.2/psoc creator/import/gnu/arm/4.8.4/bin/../lib/gcc/arm-none-eabi/4.8.4/armv7-m/crtbegin.o
 .init_array    0x00003028        0x4 .\CortexM3\ARM_GCC_484\Debug\Cm3Start.o
                0x0000302c                __init_array_end = .
                0x0000302c                . = ALIGN (0x4)
 *(.fini)
 .fini          0x0000302c        0x4 c:/program files/cypress/psoc creator/3.2/psoc creator/import/gnu/arm/4.8.4/bin/../lib/gcc/arm-none-eabi/4.8.4/armv7-m/crti.o
                0x0000302c                _fini
 .fini          0x00003030        0x8 c:/program files/cypress/psoc creator/3.2/psoc creator/import/gnu/arm/4.8.4/bin/../lib/gcc/arm-none-eabi/4.8.4/armv7-m/crtn.o
                0x00003038                . = ALIGN (0x4)
                0x00003038                __fini_array_start = .
 *(.fini_array)
 .fini_array    0x00003038        0x4 c:/program files/cypress/psoc creator/3.2/psoc creator/import/gnu/arm/4.8.4/bin/../lib/gcc/arm-none-eabi/4.8.4/armv7-m/crtbegin.o
 *(SORT(.fini_array.*))
                0x0000303c                __fini_array_end = .
                0x0000303c                . = ALIGN (0x4)
 *crtbegin.o(.ctors)
 *(EXCLUDE_FILE(*crtend.o) .ctors)
 *(SORT(.ctors.*))
 *crtend.o(.ctors)
                0x0000303c                . = ALIGN (0x4)
 *crtbegin.o(.dtors)
 *(EXCLUDE_FILE(*crtend.o) .dtors)
 *(SORT(.dtors.*))
 *crtend.o(.dtors)
                0x0000303c                . = ALIGN (0x4)
                0x0000303c                __cy_regions = .
                0x0000303c        0x4 LONG 0x3050 __cy_region_init_ram
                0x00003040        0x4 LONG 0x1fff8108 __cy_region_start_data
                0x00003044        0x4 LONG 0x28 __cy_region_init_size_ram
                0x00003048        0x4 LONG 0x40 __cy_region_zero_size_ram
                0x0000304c                __cy_regions_end = .
                0x00003050                . = ALIGN (0x8)
 *fill*         0x0000304c        0x4 
                0x00003050                _etext = .

.ramvectors     0x1fff8000      0x100
                0x1fff8000                __cy_region_start_ram = .
 *(.ramvectors)
 .ramvectors    0x1fff8000      0x100 .\CortexM3\ARM_GCC_484\Debug\Cm3Start.o
                0x1fff8000                CyRamVectors

.noinit         0x1fff8100        0x5
 *(.noinit)
 .noinit        0x1fff8100        0x4 .\CortexM3\ARM_GCC_484\Debug\Cm3Start.o
 .noinit        0x1fff8104        0x1 .\CortexM3\ARM_GCC_484\Debug\Design01.a(CyLib.o)
                0x1fff8104                CyResetStatus

.data           0x1fff8108       0x28 load address 0x00003050
                0x1fff8108                __cy_region_start_data = .
 *(.jcr)
 .jcr           0x1fff8108        0x0 c:/program files/cypress/psoc creator/3.2/psoc creator/import/gnu/arm/4.8.4/bin/../lib/gcc/arm-none-eabi/4.8.4/armv7-m/crtbegin.o
 .jcr           0x1fff8108        0x4 c:/program files/cypress/psoc creator/3.2/psoc creator/import/gnu/arm/4.8.4/bin/../lib/gcc/arm-none-eabi/4.8.4/armv7-m/crtend.o
 *(.got.plt)
 *(.got)
 *(.shdata)
 *(.data .data.* .gnu.linkonce.d.*)
 .data          0x1fff810c        0x8 .\CortexM3\ARM_GCC_484\Debug\Design01.a(CyDmac.o)
 .data          0x1fff8114       0x10 .\CortexM3\ARM_GCC_484\Debug\Design01.a(CyLib.o)
                0x1fff8114                cydelay_freq_hz
                0x1fff8118                cydelay_freq_khz
                0x1fff811c                cydelay_freq_mhz
                0x1fff8120                cydelay_32k_ms
 .data          0x1fff8124        0x1 .\CortexM3\ARM_GCC_484\Debug\Design01.a(OutMux.o)
 .data          0x1fff8125        0x1 .\CortexM3\ARM_GCC_484\Debug\Design01.a(Pot_Vals.o)
 .data          0x1fff8126        0x1 .\CortexM3\ARM_GCC_484\Debug\Design01.a(A_B_Wave1_DMA_dma.o)
                0x1fff8126                A_B_Wave1_DMA_DmaHandle
 .data          0x1fff8127        0x1 .\CortexM3\ARM_GCC_484\Debug\Design01.a(A_B_Wave2_DMA_dma.o)
                0x1fff8127                A_B_Wave2_DMA_DmaHandle
 .data          0x1fff8128        0x1 .\CortexM3\ARM_GCC_484\Debug\Design01.a(C_D_Wave1_DMA_dma.o)
                0x1fff8128                C_D_Wave1_DMA_DmaHandle
 .data          0x1fff8129        0x1 .\CortexM3\ARM_GCC_484\Debug\Design01.a(C_D_Wave2_DMA_dma.o)
                0x1fff8129                C_D_Wave2_DMA_DmaHandle
 .data          0x1fff812a        0x1 .\CortexM3\ARM_GCC_484\Debug\Design01.a(E_F_Wave1_DMA_dma.o)
                0x1fff812a                E_F_Wave1_DMA_DmaHandle
 .data          0x1fff812b        0x1 .\CortexM3\ARM_GCC_484\Debug\Design01.a(E_F_Wave2_DMA_dma.o)
                0x1fff812b                E_F_Wave2_DMA_DmaHandle
 .data          0x1fff812c        0x1 .\CortexM3\ARM_GCC_484\Debug\Design01.a(G_A_Wave1_DMA_dma.o)
                0x1fff812c                G_A_Wave1_DMA_DmaHandle
 .data          0x1fff812d        0x1 .\CortexM3\ARM_GCC_484\Debug\Design01.a(G_A_Wave2_DMA_dma.o)
                0x1fff812d                G_A_Wave2_DMA_DmaHandle
 .data          0x1fff812e        0x1 .\CortexM3\ARM_GCC_484\Debug\Design01.a(Tremolo.o)
                0x1fff8130                . = ALIGN (0x8)
 *fill*         0x1fff812f        0x1 
 *(.ram)
                0x1fff8130                _edata = .

.igot.plt       0x1fff8130        0x0 load address 0x00003078
 .igot.plt      0x00000000        0x0 c:/program files/cypress/psoc creator/3.2/psoc creator/import/gnu/arm/4.8.4/bin/../lib/gcc/arm-none-eabi/4.8.4/armv7-m/crtbegin.o

.bss            0x1fff8130       0x40 load address 0x00003078
                0x1fff8130                PROVIDE (__bss_start__, .)
 *(.shbss)
 *(.bss .bss.* .gnu.linkonce.b.*)
 .bss           0x1fff8130       0x1c c:/program files/cypress/psoc creator/3.2/psoc creator/import/gnu/arm/4.8.4/bin/../lib/gcc/arm-none-eabi/4.8.4/armv7-m/crtbegin.o
 .bss           0x1fff814c        0x5 .\CortexM3\ARM_GCC_484\Debug\Design01.a(A_B.o)
                0x1fff814c                A_B_initVar
 .bss           0x1fff8151        0x5 .\CortexM3\ARM_GCC_484\Debug\Design01.a(C_D.o)
                0x1fff8151                C_D_initVar
 .bss           0x1fff8156        0x5 .\CortexM3\ARM_GCC_484\Debug\Design01.a(E_F.o)
                0x1fff8156                E_F_initVar
 .bss           0x1fff815b        0x5 .\CortexM3\ARM_GCC_484\Debug\Design01.a(G_A.o)
                0x1fff815b                G_A_initVar
 .bss           0x1fff8160        0x1 .\CortexM3\ARM_GCC_484\Debug\Design01.a(ADC.o)
                0x1fff8160                ADC_initVar
 .bss           0x1fff8161        0x1 .\CortexM3\ARM_GCC_484\Debug\Design01.a(Amp.o)
                0x1fff8161                Amp_initVar
 *(COMMON)
 *fill*         0x1fff8162        0x2 
 COMMON         0x1fff8164        0xa .\CortexM3\ARM_GCC_484\Debug\Design01.a(ADC.o)
                0x1fff8164                ADC_countsPer10Volt
                0x1fff8168                ADC_shift
                0x1fff816a                ADC_countsPerVolt
                0x1fff816c                ADC_offset
                0x1fff8170                . = ALIGN (0x8)
 *fill*         0x1fff816e        0x2 
 *(.ram.b)
                0x1fff8170                _end = .
                0x1fff8170                __end = .
                0x1fff8170                PROVIDE (end, .)
                0x1fff8170                PROVIDE (__bss_end__, .)
                0x00003050                __cy_region_init_ram = LOADADDR (.data)
                0x00000028                __cy_region_init_size_ram = (_edata - ADDR (.data))
                0x00000040                __cy_region_zero_size_ram = (_end - _edata)

.heap           0x1fff8170       0x80 load address 0x00003078
                0x1fff8170                . = _end
                0x1fff81f0                . = (. + 0x80)
 *fill*         0x1fff8170       0x80 
                0x1fff81f0                __cy_heap_limit = .

.stack          0x20007800      0x800
                0x20007800                __cy_stack_limit = .
                0x20008000                . = (. + 0x800)
 *fill*         0x20007800      0x800 
                0x00000001                ASSERT ((__cy_stack_limit >= __cy_heap_limit), region RAM overflowed with stack)

.cyloadermeta
 *(.cyloadermeta)

.cyloadablemeta
 *(.cyloadablemeta)

.cyconfigecc    0x80000000      0x2bc
 *(.cyconfigecc)
 .cyconfigecc   0x80000000      0x2bc .\CortexM3\ARM_GCC_484\Debug\cymetadata.o
                0x80000000                cy_meta_configecc

.cycustnvl      0x90000000        0x4
 *(.cycustnvl)
 .cycustnvl     0x90000000        0x4 .\CortexM3\ARM_GCC_484\Debug\cymetadata.o
                0x90000000                cy_meta_custnvl

.cywolatch      0x90100000        0x4
 *(.cywolatch)
 .cywolatch     0x90100000        0x4 .\CortexM3\ARM_GCC_484\Debug\cymetadata.o
                0x90100000                cy_meta_wonvl

.cyeeprom       0x90200000        0x0
 *(.cyeeprom)
                0x00000001                ASSERT ((. <= ((0x90200000 + ee_offset) + ee_size)), .cyeeprom data will not fit in EEPROM)

.cyflashprotect
                0x90400000      0x100
 *(.cyflashprotect)
 .cyflashprotect
                0x90400000      0x100 .\CortexM3\ARM_GCC_484\Debug\cymetadata.o
                0x90400000                cy_meta_flashprotect

.cymeta         0x90500000        0xc
 *(.cymeta)
 .cymeta        0x90500000        0xc .\CortexM3\ARM_GCC_484\Debug\cymetadata.o
                0x90500000                cy_metadata

.rel.dyn        0x00003078        0x0 load address 0x9050000c
 .rel.iplt      0x00000000        0x0 c:/program files/cypress/psoc creator/3.2/psoc creator/import/gnu/arm/4.8.4/bin/../lib/gcc/arm-none-eabi/4.8.4/armv7-m/crtbegin.o

.stab
 *(.stab)

.stabstr
 *(.stabstr)

.debug
 *(.debug)

.line
 *(.line)

.debug_srcinfo
 *(.debug_srcinfo)

.debug_sfnames
 *(.debug_sfnames)

.debug_aranges  0x00000000      0xe38
 *(.debug_aranges)
 .debug_aranges
                0x00000000       0x20 .\CortexM3\ARM_GCC_484\Debug\main.o
 .debug_aranges
                0x00000020       0x18 .\CortexM3\ARM_GCC_484\Debug\cymetadata.o
 .debug_aranges
                0x00000038       0x48 .\CortexM3\ARM_GCC_484\Debug\Cm3Start.o
 .debug_aranges
                0x00000080       0x90 .\CortexM3\ARM_GCC_484\Debug\Design01.a(cyfitter_cfg.o)
 .debug_aranges
                0x00000110       0x20 .\CortexM3\ARM_GCC_484\Debug\Design01.a(CyBootAsmGnu.o)
 .debug_aranges
                0x00000130       0xd8 .\CortexM3\ARM_GCC_484\Debug\Design01.a(CyDmac.o)
 .debug_aranges
                0x00000208      0x290 .\CortexM3\ARM_GCC_484\Debug\Design01.a(CyLib.o)
 .debug_aranges
                0x00000498       0x90 .\CortexM3\ARM_GCC_484\Debug\Design01.a(cyPm.o)
 .debug_aranges
                0x00000528       0x50 .\CortexM3\ARM_GCC_484\Debug\Design01.a(A_B.o)
 .debug_aranges
                0x00000578       0x30 .\CortexM3\ARM_GCC_484\Debug\Design01.a(OutMux.o)
 .debug_aranges
                0x000005a8       0x50 .\CortexM3\ARM_GCC_484\Debug\Design01.a(C_D.o)
 .debug_aranges
                0x000005f8       0x50 .\CortexM3\ARM_GCC_484\Debug\Design01.a(E_F.o)
 .debug_aranges
                0x00000648       0x50 .\CortexM3\ARM_GCC_484\Debug\Design01.a(G_A.o)
 .debug_aranges
                0x00000698       0x28 .\CortexM3\ARM_GCC_484\Debug\Design01.a(Control_Reg.o)
 .debug_aranges
                0x000006c0       0x40 .\CortexM3\ARM_GCC_484\Debug\Design01.a(Status_Reg.o)
 .debug_aranges
                0x00000700       0xa8 .\CortexM3\ARM_GCC_484\Debug\Design01.a(ADC.o)
 .debug_aranges
                0x000007a8       0x20 .\CortexM3\ARM_GCC_484\Debug\Design01.a(ADC_INT.o)
 .debug_aranges
                0x000007c8       0x30 .\CortexM3\ARM_GCC_484\Debug\Design01.a(Pot_Vals.o)
 .debug_aranges
                0x000007f8       0x70 .\CortexM3\ARM_GCC_484\Debug\Design01.a(A_B_DacClk.o)
 .debug_aranges
                0x00000868       0x28 .\CortexM3\ARM_GCC_484\Debug\Design01.a(A_B_Wave1_DMA_dma.o)
 .debug_aranges
                0x00000890       0x28 .\CortexM3\ARM_GCC_484\Debug\Design01.a(A_B_Wave2_DMA_dma.o)
 .debug_aranges
                0x000008b8       0x58 .\CortexM3\ARM_GCC_484\Debug\Design01.a(A_B_VDAC8.o)
 .debug_aranges
                0x00000910       0x70 .\CortexM3\ARM_GCC_484\Debug\Design01.a(C_D_DacClk.o)
 .debug_aranges
                0x00000980       0x28 .\CortexM3\ARM_GCC_484\Debug\Design01.a(C_D_Wave1_DMA_dma.o)
 .debug_aranges
                0x000009a8       0x28 .\CortexM3\ARM_GCC_484\Debug\Design01.a(C_D_Wave2_DMA_dma.o)
 .debug_aranges
                0x000009d0       0x58 .\CortexM3\ARM_GCC_484\Debug\Design01.a(C_D_VDAC8.o)
 .debug_aranges
                0x00000a28       0x70 .\CortexM3\ARM_GCC_484\Debug\Design01.a(E_F_DacClk.o)
 .debug_aranges
                0x00000a98       0x28 .\CortexM3\ARM_GCC_484\Debug\Design01.a(E_F_Wave1_DMA_dma.o)
 .debug_aranges
                0x00000ac0       0x28 .\CortexM3\ARM_GCC_484\Debug\Design01.a(E_F_Wave2_DMA_dma.o)
 .debug_aranges
                0x00000ae8       0x58 .\CortexM3\ARM_GCC_484\Debug\Design01.a(E_F_VDAC8.o)
 .debug_aranges
                0x00000b40       0x70 .\CortexM3\ARM_GCC_484\Debug\Design01.a(G_A_DacClk.o)
 .debug_aranges
                0x00000bb0       0x28 .\CortexM3\ARM_GCC_484\Debug\Design01.a(G_A_Wave1_DMA_dma.o)
 .debug_aranges
                0x00000bd8       0x28 .\CortexM3\ARM_GCC_484\Debug\Design01.a(G_A_Wave2_DMA_dma.o)
 .debug_aranges
                0x00000c00       0x58 .\CortexM3\ARM_GCC_484\Debug\Design01.a(G_A_VDAC8.o)
 .debug_aranges
                0x00000c58       0x70 .\CortexM3\ARM_GCC_484\Debug\Design01.a(ADC_theACLK.o)
 .debug_aranges
                0x00000cc8       0x30 .\CortexM3\ARM_GCC_484\Debug\Design01.a(Tremolo.o)
 .debug_aranges
                0x00000cf8       0x48 .\CortexM3\ARM_GCC_484\Debug\Design01.a(Amp.o)
 .debug_aranges
                0x00000d40       0x80 .\CortexM3\ARM_GCC_484\Debug\Design01.a(CyFlash.o)
 .debug_aranges
                0x00000dc0       0x78 .\CortexM3\ARM_GCC_484\Debug\Design01.a(CySpc.o)

.debug_pubnames
 *(.debug_pubnames)

.debug_info     0x00000000     0x5dd4
 *(.debug_info .gnu.linkonce.wi.*)
 .debug_info    0x00000000      0x109 .\CortexM3\ARM_GCC_484\Debug\main.o
 .debug_info    0x00000109      0x13a .\CortexM3\ARM_GCC_484\Debug\cymetadata.o
 .debug_info    0x00000243      0x323 .\CortexM3\ARM_GCC_484\Debug\Cm3Start.o
 .debug_info    0x00000566      0x566 .\CortexM3\ARM_GCC_484\Debug\Design01.a(cyfitter_cfg.o)
 .debug_info    0x00000acc       0x98 .\CortexM3\ARM_GCC_484\Debug\Design01.a(CyBootAsmGnu.o)
 .debug_info    0x00000b64      0x8b1 .\CortexM3\ARM_GCC_484\Debug\Design01.a(CyDmac.o)
 .debug_info    0x00001415      0xd85 .\CortexM3\ARM_GCC_484\Debug\Design01.a(CyLib.o)
 .debug_info    0x0000219a      0x536 .\CortexM3\ARM_GCC_484\Debug\Design01.a(cyPm.o)
 .debug_info    0x000026d0      0x250 .\CortexM3\ARM_GCC_484\Debug\Design01.a(A_B.o)
 .debug_info    0x00002920       0xf6 .\CortexM3\ARM_GCC_484\Debug\Design01.a(OutMux.o)
 .debug_info    0x00002a16      0x250 .\CortexM3\ARM_GCC_484\Debug\Design01.a(C_D.o)
 .debug_info    0x00002c66      0x250 .\CortexM3\ARM_GCC_484\Debug\Design01.a(E_F.o)
 .debug_info    0x00002eb6      0x24e .\CortexM3\ARM_GCC_484\Debug\Design01.a(G_A.o)
 .debug_info    0x00003104       0xd6 .\CortexM3\ARM_GCC_484\Debug\Design01.a(Control_Reg.o)
 .debug_info    0x000031da      0x13a .\CortexM3\ARM_GCC_484\Debug\Design01.a(Status_Reg.o)
 .debug_info    0x00003314      0x470 .\CortexM3\ARM_GCC_484\Debug\Design01.a(ADC.o)
 .debug_info    0x00003784       0x92 .\CortexM3\ARM_GCC_484\Debug\Design01.a(ADC_INT.o)
 .debug_info    0x00003816      0x109 .\CortexM3\ARM_GCC_484\Debug\Design01.a(Pot_Vals.o)
 .debug_info    0x0000391f      0x25b .\CortexM3\ARM_GCC_484\Debug\Design01.a(A_B_DacClk.o)
 .debug_info    0x00003b7a      0x112 .\CortexM3\ARM_GCC_484\Debug\Design01.a(A_B_Wave1_DMA_dma.o)
 .debug_info    0x00003c8c      0x112 .\CortexM3\ARM_GCC_484\Debug\Design01.a(A_B_Wave2_DMA_dma.o)
 .debug_info    0x00003d9e      0x184 .\CortexM3\ARM_GCC_484\Debug\Design01.a(A_B_VDAC8.o)
 .debug_info    0x00003f22      0x25b .\CortexM3\ARM_GCC_484\Debug\Design01.a(C_D_DacClk.o)
 .debug_info    0x0000417d      0x112 .\CortexM3\ARM_GCC_484\Debug\Design01.a(C_D_Wave1_DMA_dma.o)
 .debug_info    0x0000428f      0x112 .\CortexM3\ARM_GCC_484\Debug\Design01.a(C_D_Wave2_DMA_dma.o)
 .debug_info    0x000043a1      0x184 .\CortexM3\ARM_GCC_484\Debug\Design01.a(C_D_VDAC8.o)
 .debug_info    0x00004525      0x25b .\CortexM3\ARM_GCC_484\Debug\Design01.a(E_F_DacClk.o)
 .debug_info    0x00004780      0x112 .\CortexM3\ARM_GCC_484\Debug\Design01.a(E_F_Wave1_DMA_dma.o)
 .debug_info    0x00004892      0x112 .\CortexM3\ARM_GCC_484\Debug\Design01.a(E_F_Wave2_DMA_dma.o)
 .debug_info    0x000049a4      0x184 .\CortexM3\ARM_GCC_484\Debug\Design01.a(E_F_VDAC8.o)
 .debug_info    0x00004b28      0x25b .\CortexM3\ARM_GCC_484\Debug\Design01.a(G_A_DacClk.o)
 .debug_info    0x00004d83      0x112 .\CortexM3\ARM_GCC_484\Debug\Design01.a(G_A_Wave1_DMA_dma.o)
 .debug_info    0x00004e95      0x112 .\CortexM3\ARM_GCC_484\Debug\Design01.a(G_A_Wave2_DMA_dma.o)
 .debug_info    0x00004fa7      0x184 .\CortexM3\ARM_GCC_484\Debug\Design01.a(G_A_VDAC8.o)
 .debug_info    0x0000512b      0x25b .\CortexM3\ARM_GCC_484\Debug\Design01.a(ADC_theACLK.o)
 .debug_info    0x00005386      0x109 .\CortexM3\ARM_GCC_484\Debug\Design01.a(Tremolo.o)
 .debug_info    0x0000548f      0x185 .\CortexM3\ARM_GCC_484\Debug\Design01.a(Amp.o)
 .debug_info    0x00005614      0x36a .\CortexM3\ARM_GCC_484\Debug\Design01.a(CyFlash.o)
 .debug_info    0x0000597e      0x456 .\CortexM3\ARM_GCC_484\Debug\Design01.a(CySpc.o)

.debug_abbrev   0x00000000     0x2305
 *(.debug_abbrev)
 .debug_abbrev  0x00000000       0x78 .\CortexM3\ARM_GCC_484\Debug\main.o
 .debug_abbrev  0x00000078       0x66 .\CortexM3\ARM_GCC_484\Debug\cymetadata.o
 .debug_abbrev  0x000000de      0x1c5 .\CortexM3\ARM_GCC_484\Debug\Cm3Start.o
 .debug_abbrev  0x000002a3      0x1b0 .\CortexM3\ARM_GCC_484\Debug\Design01.a(cyfitter_cfg.o)
 .debug_abbrev  0x00000453       0x14 .\CortexM3\ARM_GCC_484\Debug\Design01.a(CyBootAsmGnu.o)
 .debug_abbrev  0x00000467      0x194 .\CortexM3\ARM_GCC_484\Debug\Design01.a(CyDmac.o)
 .debug_abbrev  0x000005fb      0x217 .\CortexM3\ARM_GCC_484\Debug\Design01.a(CyLib.o)
 .debug_abbrev  0x00000812      0x16e .\CortexM3\ARM_GCC_484\Debug\Design01.a(cyPm.o)
 .debug_abbrev  0x00000980       0xe3 .\CortexM3\ARM_GCC_484\Debug\Design01.a(A_B.o)
 .debug_abbrev  0x00000a63       0x87 .\CortexM3\ARM_GCC_484\Debug\Design01.a(OutMux.o)
 .debug_abbrev  0x00000aea       0xe3 .\CortexM3\ARM_GCC_484\Debug\Design01.a(C_D.o)
 .debug_abbrev  0x00000bcd       0xe3 .\CortexM3\ARM_GCC_484\Debug\Design01.a(E_F.o)
 .debug_abbrev  0x00000cb0       0xe3 .\CortexM3\ARM_GCC_484\Debug\Design01.a(G_A.o)
 .debug_abbrev  0x00000d93       0x8e .\CortexM3\ARM_GCC_484\Debug\Design01.a(Control_Reg.o)
 .debug_abbrev  0x00000e21       0xb7 .\CortexM3\ARM_GCC_484\Debug\Design01.a(Status_Reg.o)
 .debug_abbrev  0x00000ed8      0x180 .\CortexM3\ARM_GCC_484\Debug\Design01.a(ADC.o)
 .debug_abbrev  0x00001058       0x42 .\CortexM3\ARM_GCC_484\Debug\Design01.a(ADC_INT.o)
 .debug_abbrev  0x0000109a       0x6f .\CortexM3\ARM_GCC_484\Debug\Design01.a(Pot_Vals.o)
 .debug_abbrev  0x00001109      0x12a .\CortexM3\ARM_GCC_484\Debug\Design01.a(A_B_DacClk.o)
 .debug_abbrev  0x00001233       0x8b .\CortexM3\ARM_GCC_484\Debug\Design01.a(A_B_Wave1_DMA_dma.o)
 .debug_abbrev  0x000012be       0x8b .\CortexM3\ARM_GCC_484\Debug\Design01.a(A_B_Wave2_DMA_dma.o)
 .debug_abbrev  0x00001349       0xf8 .\CortexM3\ARM_GCC_484\Debug\Design01.a(A_B_VDAC8.o)
 .debug_abbrev  0x00001441      0x12a .\CortexM3\ARM_GCC_484\Debug\Design01.a(C_D_DacClk.o)
 .debug_abbrev  0x0000156b       0x8b .\CortexM3\ARM_GCC_484\Debug\Design01.a(C_D_Wave1_DMA_dma.o)
 .debug_abbrev  0x000015f6       0x8b .\CortexM3\ARM_GCC_484\Debug\Design01.a(C_D_Wave2_DMA_dma.o)
 .debug_abbrev  0x00001681       0xf8 .\CortexM3\ARM_GCC_484\Debug\Design01.a(C_D_VDAC8.o)
 .debug_abbrev  0x00001779      0x12a .\CortexM3\ARM_GCC_484\Debug\Design01.a(E_F_DacClk.o)
 .debug_abbrev  0x000018a3       0x8b .\CortexM3\ARM_GCC_484\Debug\Design01.a(E_F_Wave1_DMA_dma.o)
 .debug_abbrev  0x0000192e       0x8b .\CortexM3\ARM_GCC_484\Debug\Design01.a(E_F_Wave2_DMA_dma.o)
 .debug_abbrev  0x000019b9       0xf8 .\CortexM3\ARM_GCC_484\Debug\Design01.a(E_F_VDAC8.o)
 .debug_abbrev  0x00001ab1      0x12a .\CortexM3\ARM_GCC_484\Debug\Design01.a(G_A_DacClk.o)
 .debug_abbrev  0x00001bdb       0x8b .\CortexM3\ARM_GCC_484\Debug\Design01.a(G_A_Wave1_DMA_dma.o)
 .debug_abbrev  0x00001c66       0x8b .\CortexM3\ARM_GCC_484\Debug\Design01.a(G_A_Wave2_DMA_dma.o)
 .debug_abbrev  0x00001cf1       0xf8 .\CortexM3\ARM_GCC_484\Debug\Design01.a(G_A_VDAC8.o)
 .debug_abbrev  0x00001de9      0x12a .\CortexM3\ARM_GCC_484\Debug\Design01.a(ADC_theACLK.o)
 .debug_abbrev  0x00001f13       0x6f .\CortexM3\ARM_GCC_484\Debug\Design01.a(Tremolo.o)
 .debug_abbrev  0x00001f82       0xdd .\CortexM3\ARM_GCC_484\Debug\Design01.a(Amp.o)
 .debug_abbrev  0x0000205f      0x12d .\CortexM3\ARM_GCC_484\Debug\Design01.a(CyFlash.o)
 .debug_abbrev  0x0000218c      0x179 .\CortexM3\ARM_GCC_484\Debug\Design01.a(CySpc.o)

.debug_line     0x00000000     0x3432
 *(.debug_line)
 .debug_line    0x00000000      0x199 .\CortexM3\ARM_GCC_484\Debug\main.o
 .debug_line    0x00000199       0x53 .\CortexM3\ARM_GCC_484\Debug\cymetadata.o
 .debug_line    0x000001ec      0x1c6 .\CortexM3\ARM_GCC_484\Debug\Cm3Start.o
 .debug_line    0x000003b2      0x290 .\CortexM3\ARM_GCC_484\Debug\Design01.a(cyfitter_cfg.o)
 .debug_line    0x00000642       0x68 .\CortexM3\ARM_GCC_484\Debug\Design01.a(CyBootAsmGnu.o)
 .debug_line    0x000006aa      0x2af .\CortexM3\ARM_GCC_484\Debug\Design01.a(CyDmac.o)
 .debug_line    0x00000959      0x839 .\CortexM3\ARM_GCC_484\Debug\Design01.a(CyLib.o)
 .debug_line    0x00001192      0x366 .\CortexM3\ARM_GCC_484\Debug\Design01.a(cyPm.o)
 .debug_line    0x000014f8       0xef .\CortexM3\ARM_GCC_484\Debug\Design01.a(A_B.o)
 .debug_line    0x000015e7       0x9d .\CortexM3\ARM_GCC_484\Debug\Design01.a(OutMux.o)
 .debug_line    0x00001684       0xef .\CortexM3\ARM_GCC_484\Debug\Design01.a(C_D.o)
 .debug_line    0x00001773       0xef .\CortexM3\ARM_GCC_484\Debug\Design01.a(E_F.o)
 .debug_line    0x00001862       0xef .\CortexM3\ARM_GCC_484\Debug\Design01.a(G_A.o)
 .debug_line    0x00001951       0x76 .\CortexM3\ARM_GCC_484\Debug\Design01.a(Control_Reg.o)
 .debug_line    0x000019c7       0xaf .\CortexM3\ARM_GCC_484\Debug\Design01.a(Status_Reg.o)
 .debug_line    0x00001a76      0x200 .\CortexM3\ARM_GCC_484\Debug\Design01.a(ADC.o)
 .debug_line    0x00001c76       0x55 .\CortexM3\ARM_GCC_484\Debug\Design01.a(ADC_INT.o)
 .debug_line    0x00001ccb       0x9f .\CortexM3\ARM_GCC_484\Debug\Design01.a(Pot_Vals.o)
 .debug_line    0x00001d6a      0x1b9 .\CortexM3\ARM_GCC_484\Debug\Design01.a(A_B_DacClk.o)
 .debug_line    0x00001f23       0x99 .\CortexM3\ARM_GCC_484\Debug\Design01.a(A_B_Wave1_DMA_dma.o)
 .debug_line    0x00001fbc       0x99 .\CortexM3\ARM_GCC_484\Debug\Design01.a(A_B_Wave2_DMA_dma.o)
 .debug_line    0x00002055       0xf3 .\CortexM3\ARM_GCC_484\Debug\Design01.a(A_B_VDAC8.o)
 .debug_line    0x00002148      0x1b9 .\CortexM3\ARM_GCC_484\Debug\Design01.a(C_D_DacClk.o)
 .debug_line    0x00002301       0x99 .\CortexM3\ARM_GCC_484\Debug\Design01.a(C_D_Wave1_DMA_dma.o)
 .debug_line    0x0000239a       0x99 .\CortexM3\ARM_GCC_484\Debug\Design01.a(C_D_Wave2_DMA_dma.o)
 .debug_line    0x00002433       0xf3 .\CortexM3\ARM_GCC_484\Debug\Design01.a(C_D_VDAC8.o)
 .debug_line    0x00002526      0x1b9 .\CortexM3\ARM_GCC_484\Debug\Design01.a(E_F_DacClk.o)
 .debug_line    0x000026df       0x99 .\CortexM3\ARM_GCC_484\Debug\Design01.a(E_F_Wave1_DMA_dma.o)
 .debug_line    0x00002778       0x99 .\CortexM3\ARM_GCC_484\Debug\Design01.a(E_F_Wave2_DMA_dma.o)
 .debug_line    0x00002811       0xf3 .\CortexM3\ARM_GCC_484\Debug\Design01.a(E_F_VDAC8.o)
 .debug_line    0x00002904      0x1b9 .\CortexM3\ARM_GCC_484\Debug\Design01.a(G_A_DacClk.o)
 .debug_line    0x00002abd       0x99 .\CortexM3\ARM_GCC_484\Debug\Design01.a(G_A_Wave1_DMA_dma.o)
 .debug_line    0x00002b56       0x99 .\CortexM3\ARM_GCC_484\Debug\Design01.a(G_A_Wave2_DMA_dma.o)
 .debug_line    0x00002bef       0xf3 .\CortexM3\ARM_GCC_484\Debug\Design01.a(G_A_VDAC8.o)
 .debug_line    0x00002ce2      0x1ba .\CortexM3\ARM_GCC_484\Debug\Design01.a(ADC_theACLK.o)
 .debug_line    0x00002e9c       0x9e .\CortexM3\ARM_GCC_484\Debug\Design01.a(Tremolo.o)
 .debug_line    0x00002f3a       0xd5 .\CortexM3\ARM_GCC_484\Debug\Design01.a(Amp.o)
 .debug_line    0x0000300f      0x217 .\CortexM3\ARM_GCC_484\Debug\Design01.a(CyFlash.o)
 .debug_line    0x00003226      0x20c .\CortexM3\ARM_GCC_484\Debug\Design01.a(CySpc.o)

.debug_frame    0x00000000     0x2a80
 *(.debug_frame)
 .debug_frame   0x00000000       0x30 .\CortexM3\ARM_GCC_484\Debug\main.o
 .debug_frame   0x00000030       0xc4 .\CortexM3\ARM_GCC_484\Debug\Cm3Start.o
 .debug_frame   0x000000f4      0x1c8 .\CortexM3\ARM_GCC_484\Debug\Design01.a(cyfitter_cfg.o)
 .debug_frame   0x000002bc      0x2c0 .\CortexM3\ARM_GCC_484\Debug\Design01.a(CyDmac.o)
 .debug_frame   0x0000057c      0x924 .\CortexM3\ARM_GCC_484\Debug\Design01.a(CyLib.o)
 .debug_frame   0x00000ea0      0x1d0 .\CortexM3\ARM_GCC_484\Debug\Design01.a(cyPm.o)
 .debug_frame   0x00001070       0xe0 .\CortexM3\ARM_GCC_484\Debug\Design01.a(A_B.o)
 .debug_frame   0x00001150       0x6c .\CortexM3\ARM_GCC_484\Debug\Design01.a(OutMux.o)
 .debug_frame   0x000011bc       0xe0 .\CortexM3\ARM_GCC_484\Debug\Design01.a(C_D.o)
 .debug_frame   0x0000129c       0xe0 .\CortexM3\ARM_GCC_484\Debug\Design01.a(E_F.o)
 .debug_frame   0x0000137c       0xe0 .\CortexM3\ARM_GCC_484\Debug\Design01.a(G_A.o)
 .debug_frame   0x0000145c       0x48 .\CortexM3\ARM_GCC_484\Debug\Design01.a(Control_Reg.o)
 .debug_frame   0x000014a4       0xa4 .\CortexM3\ARM_GCC_484\Debug\Design01.a(Status_Reg.o)
 .debug_frame   0x00001548      0x230 .\CortexM3\ARM_GCC_484\Debug\Design01.a(ADC.o)
 .debug_frame   0x00001778       0x2c .\CortexM3\ARM_GCC_484\Debug\Design01.a(ADC_INT.o)
 .debug_frame   0x000017a4       0x70 .\CortexM3\ARM_GCC_484\Debug\Design01.a(Pot_Vals.o)
 .debug_frame   0x00001814      0x14c .\CortexM3\ARM_GCC_484\Debug\Design01.a(A_B_DacClk.o)
 .debug_frame   0x00001960       0x4c .\CortexM3\ARM_GCC_484\Debug\Design01.a(A_B_Wave1_DMA_dma.o)
 .debug_frame   0x000019ac       0x4c .\CortexM3\ARM_GCC_484\Debug\Design01.a(A_B_Wave2_DMA_dma.o)
 .debug_frame   0x000019f8       0xf4 .\CortexM3\ARM_GCC_484\Debug\Design01.a(A_B_VDAC8.o)
 .debug_frame   0x00001aec      0x14c .\CortexM3\ARM_GCC_484\Debug\Design01.a(C_D_DacClk.o)
 .debug_frame   0x00001c38       0x4c .\CortexM3\ARM_GCC_484\Debug\Design01.a(C_D_Wave1_DMA_dma.o)
 .debug_frame   0x00001c84       0x4c .\CortexM3\ARM_GCC_484\Debug\Design01.a(C_D_Wave2_DMA_dma.o)
 .debug_frame   0x00001cd0       0xf4 .\CortexM3\ARM_GCC_484\Debug\Design01.a(C_D_VDAC8.o)
 .debug_frame   0x00001dc4      0x14c .\CortexM3\ARM_GCC_484\Debug\Design01.a(E_F_DacClk.o)
 .debug_frame   0x00001f10       0x4c .\CortexM3\ARM_GCC_484\Debug\Design01.a(E_F_Wave1_DMA_dma.o)
 .debug_frame   0x00001f5c       0x4c .\CortexM3\ARM_GCC_484\Debug\Design01.a(E_F_Wave2_DMA_dma.o)
 .debug_frame   0x00001fa8       0xf4 .\CortexM3\ARM_GCC_484\Debug\Design01.a(E_F_VDAC8.o)
 .debug_frame   0x0000209c      0x14c .\CortexM3\ARM_GCC_484\Debug\Design01.a(G_A_DacClk.o)
 .debug_frame   0x000021e8       0x4c .\CortexM3\ARM_GCC_484\Debug\Design01.a(G_A_Wave1_DMA_dma.o)
 .debug_frame   0x00002234       0x4c .\CortexM3\ARM_GCC_484\Debug\Design01.a(G_A_Wave2_DMA_dma.o)
 .debug_frame   0x00002280       0xf4 .\CortexM3\ARM_GCC_484\Debug\Design01.a(G_A_VDAC8.o)
 .debug_frame   0x00002374      0x14c .\CortexM3\ARM_GCC_484\Debug\Design01.a(ADC_theACLK.o)
 .debug_frame   0x000024c0       0x70 .\CortexM3\ARM_GCC_484\Debug\Design01.a(Tremolo.o)
 .debug_frame   0x00002530       0xb8 .\CortexM3\ARM_GCC_484\Debug\Design01.a(Amp.o)
 .debug_frame   0x000025e8      0x1a8 .\CortexM3\ARM_GCC_484\Debug\Design01.a(CyFlash.o)
 .debug_frame   0x00002790      0x174 .\CortexM3\ARM_GCC_484\Debug\Design01.a(CySpc.o)
 .debug_frame   0x00002904       0x58 c:/program files/cypress/psoc creator/3.2/psoc creator/import/gnu/arm/4.8.4/bin/../lib/gcc/arm-none-eabi/4.8.4/armv7-m\libgcc.a(bpabi.o)
 .debug_frame   0x0000295c       0x34 c:/program files/cypress/psoc creator/3.2/psoc creator/import/gnu/arm/4.8.4/bin/../lib/gcc/arm-none-eabi/4.8.4/armv7-m\libgcc.a(_divdi3.o)
 .debug_frame   0x00002990       0x34 c:/program files/cypress/psoc creator/3.2/psoc creator/import/gnu/arm/4.8.4/bin/../lib/gcc/arm-none-eabi/4.8.4/armv7-m\libgcc.a(_udivdi3.o)
 .debug_frame   0x000029c4       0x20 c:/program files/cypress/psoc creator/3.2/psoc creator/import/gnu/arm/4.8.4/bin/../lib/gcc/arm-none-eabi/4.8.4/../../../../arm-none-eabi/lib/armv7-m\libg_s.a(lib_a-errno.o)
 .debug_frame   0x000029e4       0x28 c:/program files/cypress/psoc creator/3.2/psoc creator/import/gnu/arm/4.8.4/bin/../lib/gcc/arm-none-eabi/4.8.4/../../../../arm-none-eabi/lib/armv7-m\libg_s.a(lib_a-exit.o)
 .debug_frame   0x00002a0c       0x2c c:/program files/cypress/psoc creator/3.2/psoc creator/import/gnu/arm/4.8.4/bin/../lib/gcc/arm-none-eabi/4.8.4/../../../../arm-none-eabi/lib/armv7-m\libg_s.a(lib_a-init.o)
 .debug_frame   0x00002a38       0x28 c:/program files/cypress/psoc creator/3.2/psoc creator/import/gnu/arm/4.8.4/bin/../lib/gcc/arm-none-eabi/4.8.4/../../../../arm-none-eabi/lib/armv7-m\libg_s.a(lib_a-memcpy-stub.o)
 .debug_frame   0x00002a60       0x20 c:/program files/cypress/psoc creator/3.2/psoc creator/import/gnu/arm/4.8.4/bin/../lib/gcc/arm-none-eabi/4.8.4/../../../../arm-none-eabi/lib/armv7-m\libg_s.a(lib_a-memset.o)

.debug_str      0x00000000     0x2bc2
 *(.debug_str)
 .debug_str     0x00000000      0x172 .\CortexM3\ARM_GCC_484\Debug\main.o
                                0x1b9 (size before relaxing)
 .debug_str     0x00000172       0x77 .\CortexM3\ARM_GCC_484\Debug\cymetadata.o
                                0x1e0 (size before relaxing)
 .debug_str     0x000001e9      0x13e .\CortexM3\ARM_GCC_484\Debug\Cm3Start.o
                                0x2c1 (size before relaxing)
 .debug_str     0x00000327      0x21f .\CortexM3\ARM_GCC_484\Debug\Design01.a(cyfitter_cfg.o)
                                0x3b5 (size before relaxing)
 .debug_str     0x00000546      0x36f .\CortexM3\ARM_GCC_484\Debug\Design01.a(CyDmac.o)
                                0x507 (size before relaxing)
 .debug_str     0x000008b5      0x78d .\CortexM3\ARM_GCC_484\Debug\Design01.a(CyLib.o)
                                0x981 (size before relaxing)
 .debug_str     0x00001042      0x371 .\CortexM3\ARM_GCC_484\Debug\Design01.a(cyPm.o)
                                0x511 (size before relaxing)
 .debug_str     0x000013b3      0x101 .\CortexM3\ARM_GCC_484\Debug\Design01.a(A_B.o)
                                0x278 (size before relaxing)
 .debug_str     0x000014b4       0x6e .\CortexM3\ARM_GCC_484\Debug\Design01.a(OutMux.o)
                                0x1d6 (size before relaxing)
 .debug_str     0x00001522       0xc4 .\CortexM3\ARM_GCC_484\Debug\Design01.a(C_D.o)
                                0x278 (size before relaxing)
 .debug_str     0x000015e6       0xc4 .\CortexM3\ARM_GCC_484\Debug\Design01.a(E_F.o)
                                0x278 (size before relaxing)
 .debug_str     0x000016aa       0xc4 .\CortexM3\ARM_GCC_484\Debug\Design01.a(G_A.o)
                                0x278 (size before relaxing)
 .debug_str     0x0000176e       0x52 .\CortexM3\ARM_GCC_484\Debug\Design01.a(Control_Reg.o)
                                0x1b7 (size before relaxing)
 .debug_str     0x000017c0       0x96 .\CortexM3\ARM_GCC_484\Debug\Design01.a(Status_Reg.o)
                                0x218 (size before relaxing)
 .debug_str     0x00001856      0x1d2 .\CortexM3\ARM_GCC_484\Debug\Design01.a(ADC.o)
                                0x397 (size before relaxing)
 .debug_str     0x00001a28       0x2b .\CortexM3\ARM_GCC_484\Debug\Design01.a(ADC_INT.o)
                                0x185 (size before relaxing)
 .debug_str     0x00001a53       0x6c .\CortexM3\ARM_GCC_484\Debug\Design01.a(Pot_Vals.o)
                                0x1d9 (size before relaxing)
 .debug_str     0x00001abf      0x188 .\CortexM3\ARM_GCC_484\Debug\Design01.a(A_B_DacClk.o)
                                0x308 (size before relaxing)
 .debug_str     0x00001c47       0xb5 .\CortexM3\ARM_GCC_484\Debug\Design01.a(A_B_Wave1_DMA_dma.o)
                                0x225 (size before relaxing)
 .debug_str     0x00001cfc       0x7a .\CortexM3\ARM_GCC_484\Debug\Design01.a(A_B_Wave2_DMA_dma.o)
                                0x225 (size before relaxing)
 .debug_str     0x00001d76       0xcd .\CortexM3\ARM_GCC_484\Debug\Design01.a(A_B_VDAC8.o)
                                0x23d (size before relaxing)
 .debug_str     0x00001e43      0x13d .\CortexM3\ARM_GCC_484\Debug\Design01.a(C_D_DacClk.o)
                                0x308 (size before relaxing)
 .debug_str     0x00001f80       0x7a .\CortexM3\ARM_GCC_484\Debug\Design01.a(C_D_Wave1_DMA_dma.o)
                                0x225 (size before relaxing)
 .debug_str     0x00001ffa       0x7a .\CortexM3\ARM_GCC_484\Debug\Design01.a(C_D_Wave2_DMA_dma.o)
                                0x225 (size before relaxing)
 .debug_str     0x00002074       0xc1 .\CortexM3\ARM_GCC_484\Debug\Design01.a(C_D_VDAC8.o)
                                0x23d (size before relaxing)
 .debug_str     0x00002135      0x13d .\CortexM3\ARM_GCC_484\Debug\Design01.a(E_F_DacClk.o)
                                0x308 (size before relaxing)
 .debug_str     0x00002272       0x7a .\CortexM3\ARM_GCC_484\Debug\Design01.a(E_F_Wave1_DMA_dma.o)
                                0x225 (size before relaxing)
 .debug_str     0x000022ec       0x7a .\CortexM3\ARM_GCC_484\Debug\Design01.a(E_F_Wave2_DMA_dma.o)
                                0x225 (size before relaxing)
 .debug_str     0x00002366       0xc1 .\CortexM3\ARM_GCC_484\Debug\Design01.a(E_F_VDAC8.o)
                                0x23d (size before relaxing)
 .debug_str     0x00002427      0x13d .\CortexM3\ARM_GCC_484\Debug\Design01.a(G_A_DacClk.o)
                                0x308 (size before relaxing)
 .debug_str     0x00002564       0x7a .\CortexM3\ARM_GCC_484\Debug\Design01.a(G_A_Wave1_DMA_dma.o)
                                0x225 (size before relaxing)
 .debug_str     0x000025de       0x7a .\CortexM3\ARM_GCC_484\Debug\Design01.a(G_A_Wave2_DMA_dma.o)
                                0x225 (size before relaxing)
 .debug_str     0x00002658       0xc1 .\CortexM3\ARM_GCC_484\Debug\Design01.a(G_A_VDAC8.o)
                                0x23d (size before relaxing)
 .debug_str     0x00002719      0x149 .\CortexM3\ARM_GCC_484\Debug\Design01.a(ADC_theACLK.o)
                                0x314 (size before relaxing)
 .debug_str     0x00002862       0x67 .\CortexM3\ARM_GCC_484\Debug\Design01.a(Tremolo.o)
                                0x1d4 (size before relaxing)
 .debug_str     0x000028c9       0x91 .\CortexM3\ARM_GCC_484\Debug\Design01.a(Amp.o)
                                0x205 (size before relaxing)
 .debug_str     0x0000295a      0x147 .\CortexM3\ARM_GCC_484\Debug\Design01.a(CyFlash.o)
                                0x2e0 (size before relaxing)
 .debug_str     0x00002aa1      0x121 .\CortexM3\ARM_GCC_484\Debug\Design01.a(CySpc.o)
                                0x2dd (size before relaxing)

.debug_loc
 *(.debug_loc)

.debug_macinfo
 *(.debug_macinfo)

.debug_ranges   0x00000000      0xbb0
 *(.debug_ranges)
 .debug_ranges  0x00000000       0x10 .\CortexM3\ARM_GCC_484\Debug\main.o
 .debug_ranges  0x00000010       0x38 .\CortexM3\ARM_GCC_484\Debug\Cm3Start.o
 .debug_ranges  0x00000048       0x80 .\CortexM3\ARM_GCC_484\Debug\Design01.a(cyfitter_cfg.o)
 .debug_ranges  0x000000c8       0xc8 .\CortexM3\ARM_GCC_484\Debug\Design01.a(CyDmac.o)
 .debug_ranges  0x00000190      0x280 .\CortexM3\ARM_GCC_484\Debug\Design01.a(CyLib.o)
 .debug_ranges  0x00000410       0x80 .\CortexM3\ARM_GCC_484\Debug\Design01.a(cyPm.o)
 .debug_ranges  0x00000490       0x40 .\CortexM3\ARM_GCC_484\Debug\Design01.a(A_B.o)
 .debug_ranges  0x000004d0       0x20 .\CortexM3\ARM_GCC_484\Debug\Design01.a(OutMux.o)
 .debug_ranges  0x000004f0       0x40 .\CortexM3\ARM_GCC_484\Debug\Design01.a(C_D.o)
 .debug_ranges  0x00000530       0x40 .\CortexM3\ARM_GCC_484\Debug\Design01.a(E_F.o)
 .debug_ranges  0x00000570       0x40 .\CortexM3\ARM_GCC_484\Debug\Design01.a(G_A.o)
 .debug_ranges  0x000005b0       0x18 .\CortexM3\ARM_GCC_484\Debug\Design01.a(Control_Reg.o)
 .debug_ranges  0x000005c8       0x30 .\CortexM3\ARM_GCC_484\Debug\Design01.a(Status_Reg.o)
 .debug_ranges  0x000005f8       0x98 .\CortexM3\ARM_GCC_484\Debug\Design01.a(ADC.o)
 .debug_ranges  0x00000690       0x10 .\CortexM3\ARM_GCC_484\Debug\Design01.a(ADC_INT.o)
 .debug_ranges  0x000006a0       0x20 .\CortexM3\ARM_GCC_484\Debug\Design01.a(Pot_Vals.o)
 .debug_ranges  0x000006c0       0x60 .\CortexM3\ARM_GCC_484\Debug\Design01.a(A_B_DacClk.o)
 .debug_ranges  0x00000720       0x18 .\CortexM3\ARM_GCC_484\Debug\Design01.a(A_B_Wave1_DMA_dma.o)
 .debug_ranges  0x00000738       0x18 .\CortexM3\ARM_GCC_484\Debug\Design01.a(A_B_Wave2_DMA_dma.o)
 .debug_ranges  0x00000750       0x48 .\CortexM3\ARM_GCC_484\Debug\Design01.a(A_B_VDAC8.o)
 .debug_ranges  0x00000798       0x60 .\CortexM3\ARM_GCC_484\Debug\Design01.a(C_D_DacClk.o)
 .debug_ranges  0x000007f8       0x18 .\CortexM3\ARM_GCC_484\Debug\Design01.a(C_D_Wave1_DMA_dma.o)
 .debug_ranges  0x00000810       0x18 .\CortexM3\ARM_GCC_484\Debug\Design01.a(C_D_Wave2_DMA_dma.o)
 .debug_ranges  0x00000828       0x48 .\CortexM3\ARM_GCC_484\Debug\Design01.a(C_D_VDAC8.o)
 .debug_ranges  0x00000870       0x60 .\CortexM3\ARM_GCC_484\Debug\Design01.a(E_F_DacClk.o)
 .debug_ranges  0x000008d0       0x18 .\CortexM3\ARM_GCC_484\Debug\Design01.a(E_F_Wave1_DMA_dma.o)
 .debug_ranges  0x000008e8       0x18 .\CortexM3\ARM_GCC_484\Debug\Design01.a(E_F_Wave2_DMA_dma.o)
 .debug_ranges  0x00000900       0x48 .\CortexM3\ARM_GCC_484\Debug\Design01.a(E_F_VDAC8.o)
 .debug_ranges  0x00000948       0x60 .\CortexM3\ARM_GCC_484\Debug\Design01.a(G_A_DacClk.o)
 .debug_ranges  0x000009a8       0x18 .\CortexM3\ARM_GCC_484\Debug\Design01.a(G_A_Wave1_DMA_dma.o)
 .debug_ranges  0x000009c0       0x18 .\CortexM3\ARM_GCC_484\Debug\Design01.a(G_A_Wave2_DMA_dma.o)
 .debug_ranges  0x000009d8       0x48 .\CortexM3\ARM_GCC_484\Debug\Design01.a(G_A_VDAC8.o)
 .debug_ranges  0x00000a20       0x60 .\CortexM3\ARM_GCC_484\Debug\Design01.a(ADC_theACLK.o)
 .debug_ranges  0x00000a80       0x20 .\CortexM3\ARM_GCC_484\Debug\Design01.a(Tremolo.o)
 .debug_ranges  0x00000aa0       0x38 .\CortexM3\ARM_GCC_484\Debug\Design01.a(Amp.o)
 .debug_ranges  0x00000ad8       0x70 .\CortexM3\ARM_GCC_484\Debug\Design01.a(CyFlash.o)
 .debug_ranges  0x00000b48       0x68 .\CortexM3\ARM_GCC_484\Debug\Design01.a(CySpc.o)

.comment        0x00000000       0x70
 .comment       0x00000000       0x70 .\CortexM3\ARM_GCC_484\Debug\main.o
                                 0x71 (size before relaxing)
 .comment       0x00000000       0x71 .\CortexM3\ARM_GCC_484\Debug\cymetadata.o
 .comment       0x00000000       0x71 .\CortexM3\ARM_GCC_484\Debug\Cm3Start.o
 .comment       0x00000000       0x71 .\CortexM3\ARM_GCC_484\Debug\Design01.a(cyfitter_cfg.o)
 .comment       0x00000000       0x71 .\CortexM3\ARM_GCC_484\Debug\Design01.a(CyDmac.o)
 .comment       0x00000000       0x71 .\CortexM3\ARM_GCC_484\Debug\Design01.a(CyLib.o)
 .comment       0x00000000       0x71 .\CortexM3\ARM_GCC_484\Debug\Design01.a(cyPm.o)
 .comment       0x00000000       0x71 .\CortexM3\ARM_GCC_484\Debug\Design01.a(A_B.o)
 .comment       0x00000000       0x71 .\CortexM3\ARM_GCC_484\Debug\Design01.a(OutMux.o)
 .comment       0x00000000       0x71 .\CortexM3\ARM_GCC_484\Debug\Design01.a(C_D.o)
 .comment       0x00000000       0x71 .\CortexM3\ARM_GCC_484\Debug\Design01.a(E_F.o)
 .comment       0x00000000       0x71 .\CortexM3\ARM_GCC_484\Debug\Design01.a(G_A.o)
 .comment       0x00000000       0x71 .\CortexM3\ARM_GCC_484\Debug\Design01.a(Control_Reg.o)
 .comment       0x00000000       0x71 .\CortexM3\ARM_GCC_484\Debug\Design01.a(Status_Reg.o)
 .comment       0x00000000       0x71 .\CortexM3\ARM_GCC_484\Debug\Design01.a(ADC.o)
 .comment       0x00000000       0x71 .\CortexM3\ARM_GCC_484\Debug\Design01.a(ADC_INT.o)
 .comment       0x00000000       0x71 .\CortexM3\ARM_GCC_484\Debug\Design01.a(Pot_Vals.o)
 .comment       0x00000000       0x71 .\CortexM3\ARM_GCC_484\Debug\Design01.a(A_B_DacClk.o)
 .comment       0x00000000       0x71 .\CortexM3\ARM_GCC_484\Debug\Design01.a(A_B_Wave1_DMA_dma.o)
 .comment       0x00000000       0x71 .\CortexM3\ARM_GCC_484\Debug\Design01.a(A_B_Wave2_DMA_dma.o)
 .comment       0x00000000       0x71 .\CortexM3\ARM_GCC_484\Debug\Design01.a(A_B_VDAC8.o)
 .comment       0x00000000       0x71 .\CortexM3\ARM_GCC_484\Debug\Design01.a(C_D_DacClk.o)
 .comment       0x00000000       0x71 .\CortexM3\ARM_GCC_484\Debug\Design01.a(C_D_Wave1_DMA_dma.o)
 .comment       0x00000000       0x71 .\CortexM3\ARM_GCC_484\Debug\Design01.a(C_D_Wave2_DMA_dma.o)
 .comment       0x00000000       0x71 .\CortexM3\ARM_GCC_484\Debug\Design01.a(C_D_VDAC8.o)
 .comment       0x00000000       0x71 .\CortexM3\ARM_GCC_484\Debug\Design01.a(E_F_DacClk.o)
 .comment       0x00000000       0x71 .\CortexM3\ARM_GCC_484\Debug\Design01.a(E_F_Wave1_DMA_dma.o)
 .comment       0x00000000       0x71 .\CortexM3\ARM_GCC_484\Debug\Design01.a(E_F_Wave2_DMA_dma.o)
 .comment       0x00000000       0x71 .\CortexM3\ARM_GCC_484\Debug\Design01.a(E_F_VDAC8.o)
 .comment       0x00000000       0x71 .\CortexM3\ARM_GCC_484\Debug\Design01.a(G_A_DacClk.o)
 .comment       0x00000000       0x71 .\CortexM3\ARM_GCC_484\Debug\Design01.a(G_A_Wave1_DMA_dma.o)
 .comment       0x00000000       0x71 .\CortexM3\ARM_GCC_484\Debug\Design01.a(G_A_Wave2_DMA_dma.o)
 .comment       0x00000000       0x71 .\CortexM3\ARM_GCC_484\Debug\Design01.a(G_A_VDAC8.o)
 .comment       0x00000000       0x71 .\CortexM3\ARM_GCC_484\Debug\Design01.a(ADC_theACLK.o)
 .comment       0x00000000       0x71 .\CortexM3\ARM_GCC_484\Debug\Design01.a(Tremolo.o)
 .comment       0x00000000       0x71 .\CortexM3\ARM_GCC_484\Debug\Design01.a(Amp.o)
 .comment       0x00000000       0x71 .\CortexM3\ARM_GCC_484\Debug\Design01.a(CyFlash.o)
 .comment       0x00000000       0x71 .\CortexM3\ARM_GCC_484\Debug\Design01.a(CySpc.o)

.debug_weaknames
 *(.debug_weaknames)

.debug_funcnames
 *(.debug_funcnames)

.debug_typenames
 *(.debug_typenames)

.debug_varnames
 *(.debug_varnames)

.note.gnu.arm.ident
 *(.note.gnu.arm.ident)

.ARM.attributes
                0x00000000       0x29
 *(.ARM.attributes)
 .ARM.attributes
                0x00000000       0x1d c:/program files/cypress/psoc creator/3.2/psoc creator/import/gnu/arm/4.8.4/bin/../lib/gcc/arm-none-eabi/4.8.4/armv7-m/crti.o
 .ARM.attributes
                0x0000001d       0x2d c:/program files/cypress/psoc creator/3.2/psoc creator/import/gnu/arm/4.8.4/bin/../lib/gcc/arm-none-eabi/4.8.4/armv7-m/crtbegin.o
 .ARM.attributes
                0x0000004a       0x1b c:/program files/cypress/psoc creator/3.2/psoc creator/import/gnu/arm/4.8.4/bin/../lib/gcc/arm-none-eabi/4.8.4/../../../../arm-none-eabi/lib/armv7-m/crt0.o
 .ARM.attributes
                0x00000065       0x33 .\CortexM3\ARM_GCC_484\Debug\main.o
 .ARM.attributes
                0x00000098       0x33 .\CortexM3\ARM_GCC_484\Debug\cymetadata.o
 .ARM.attributes
                0x000000cb       0x33 .\CortexM3\ARM_GCC_484\Debug\Cm3Start.o
 .ARM.attributes
                0x000000fe       0x33 .\CortexM3\ARM_GCC_484\Debug\Design01.a(cyfitter_cfg.o)
 .ARM.attributes
                0x00000131       0x21 .\CortexM3\ARM_GCC_484\Debug\Design01.a(CyBootAsmGnu.o)
 .ARM.attributes
                0x00000152       0x33 .\CortexM3\ARM_GCC_484\Debug\Design01.a(CyDmac.o)
 .ARM.attributes
                0x00000185       0x33 .\CortexM3\ARM_GCC_484\Debug\Design01.a(CyLib.o)
 .ARM.attributes
                0x000001b8       0x33 .\CortexM3\ARM_GCC_484\Debug\Design01.a(cyPm.o)
 .ARM.attributes
                0x000001eb       0x33 .\CortexM3\ARM_GCC_484\Debug\Design01.a(A_B.o)
 .ARM.attributes
                0x0000021e       0x33 .\CortexM3\ARM_GCC_484\Debug\Design01.a(OutMux.o)
 .ARM.attributes
                0x00000251       0x33 .\CortexM3\ARM_GCC_484\Debug\Design01.a(C_D.o)
 .ARM.attributes
                0x00000284       0x33 .\CortexM3\ARM_GCC_484\Debug\Design01.a(E_F.o)
 .ARM.attributes
                0x000002b7       0x33 .\CortexM3\ARM_GCC_484\Debug\Design01.a(G_A.o)
 .ARM.attributes
                0x000002ea       0x33 .\CortexM3\ARM_GCC_484\Debug\Design01.a(Control_Reg.o)
 .ARM.attributes
                0x0000031d       0x33 .\CortexM3\ARM_GCC_484\Debug\Design01.a(Status_Reg.o)
 .ARM.attributes
                0x00000350       0x33 .\CortexM3\ARM_GCC_484\Debug\Design01.a(ADC.o)
 .ARM.attributes
                0x00000383       0x33 .\CortexM3\ARM_GCC_484\Debug\Design01.a(ADC_INT.o)
 .ARM.attributes
                0x000003b6       0x33 .\CortexM3\ARM_GCC_484\Debug\Design01.a(Pot_Vals.o)
 .ARM.attributes
                0x000003e9       0x33 .\CortexM3\ARM_GCC_484\Debug\Design01.a(A_B_DacClk.o)
 .ARM.attributes
                0x0000041c       0x33 .\CortexM3\ARM_GCC_484\Debug\Design01.a(A_B_Wave1_DMA_dma.o)
 .ARM.attributes
                0x0000044f       0x33 .\CortexM3\ARM_GCC_484\Debug\Design01.a(A_B_Wave2_DMA_dma.o)
 .ARM.attributes
                0x00000482       0x33 .\CortexM3\ARM_GCC_484\Debug\Design01.a(A_B_VDAC8.o)
 .ARM.attributes
                0x000004b5       0x33 .\CortexM3\ARM_GCC_484\Debug\Design01.a(C_D_DacClk.o)
 .ARM.attributes
                0x000004e8       0x33 .\CortexM3\ARM_GCC_484\Debug\Design01.a(C_D_Wave1_DMA_dma.o)
 .ARM.attributes
                0x0000051b       0x33 .\CortexM3\ARM_GCC_484\Debug\Design01.a(C_D_Wave2_DMA_dma.o)
 .ARM.attributes
                0x0000054e       0x33 .\CortexM3\ARM_GCC_484\Debug\Design01.a(C_D_VDAC8.o)
 .ARM.attributes
                0x00000581       0x33 .\CortexM3\ARM_GCC_484\Debug\Design01.a(E_F_DacClk.o)
 .ARM.attributes
                0x000005b4       0x33 .\CortexM3\ARM_GCC_484\Debug\Design01.a(E_F_Wave1_DMA_dma.o)
 .ARM.attributes
                0x000005e7       0x33 .\CortexM3\ARM_GCC_484\Debug\Design01.a(E_F_Wave2_DMA_dma.o)
 .ARM.attributes
                0x0000061a       0x33 .\CortexM3\ARM_GCC_484\Debug\Design01.a(E_F_VDAC8.o)
 .ARM.attributes
                0x0000064d       0x33 .\CortexM3\ARM_GCC_484\Debug\Design01.a(G_A_DacClk.o)
 .ARM.attributes
                0x00000680       0x33 .\CortexM3\ARM_GCC_484\Debug\Design01.a(G_A_Wave1_DMA_dma.o)
 .ARM.attributes
                0x000006b3       0x33 .\CortexM3\ARM_GCC_484\Debug\Design01.a(G_A_Wave2_DMA_dma.o)
 .ARM.attributes
                0x000006e6       0x33 .\CortexM3\ARM_GCC_484\Debug\Design01.a(G_A_VDAC8.o)
 .ARM.attributes
                0x00000719       0x33 .\CortexM3\ARM_GCC_484\Debug\Design01.a(ADC_theACLK.o)
 .ARM.attributes
                0x0000074c       0x33 .\CortexM3\ARM_GCC_484\Debug\Design01.a(Tremolo.o)
 .ARM.attributes
                0x0000077f       0x33 .\CortexM3\ARM_GCC_484\Debug\Design01.a(Amp.o)
 .ARM.attributes
                0x000007b2       0x33 .\CortexM3\ARM_GCC_484\Debug\Design01.a(CyFlash.o)
 .ARM.attributes
                0x000007e5       0x33 .\CortexM3\ARM_GCC_484\Debug\Design01.a(CySpc.o)
 .ARM.attributes
                0x00000818       0x1d c:/program files/cypress/psoc creator/3.2/psoc creator/import/gnu/arm/4.8.4/bin/../lib/gcc/arm-none-eabi/4.8.4/armv7-m\libgcc.a(_arm_addsubsf3.o)
 .ARM.attributes
                0x00000835       0x1d c:/program files/cypress/psoc creator/3.2/psoc creator/import/gnu/arm/4.8.4/bin/../lib/gcc/arm-none-eabi/4.8.4/armv7-m\libgcc.a(_arm_muldivsf3.o)
 .ARM.attributes
                0x00000852       0x1d c:/program files/cypress/psoc creator/3.2/psoc creator/import/gnu/arm/4.8.4/bin/../lib/gcc/arm-none-eabi/4.8.4/armv7-m\libgcc.a(_aeabi_ldivmod.o)
 .ARM.attributes
                0x0000086f       0x2d c:/program files/cypress/psoc creator/3.2/psoc creator/import/gnu/arm/4.8.4/bin/../lib/gcc/arm-none-eabi/4.8.4/armv7-m\libgcc.a(bpabi.o)
 .ARM.attributes
                0x0000089c       0x1d c:/program files/cypress/psoc creator/3.2/psoc creator/import/gnu/arm/4.8.4/bin/../lib/gcc/arm-none-eabi/4.8.4/armv7-m\libgcc.a(_dvmd_tls.o)
 .ARM.attributes
                0x000008b9       0x2d c:/program files/cypress/psoc creator/3.2/psoc creator/import/gnu/arm/4.8.4/bin/../lib/gcc/arm-none-eabi/4.8.4/armv7-m\libgcc.a(_divdi3.o)
 .ARM.attributes
                0x000008e6       0x2d c:/program files/cypress/psoc creator/3.2/psoc creator/import/gnu/arm/4.8.4/bin/../lib/gcc/arm-none-eabi/4.8.4/armv7-m\libgcc.a(_udivdi3.o)
 .ARM.attributes
                0x00000913       0x2d c:/program files/cypress/psoc creator/3.2/psoc creator/import/gnu/arm/4.8.4/bin/../lib/gcc/arm-none-eabi/4.8.4/../../../../arm-none-eabi/lib/armv7-m\libg_s.a(lib_a-errno.o)
 .ARM.attributes
                0x00000940       0x2d c:/program files/cypress/psoc creator/3.2/psoc creator/import/gnu/arm/4.8.4/bin/../lib/gcc/arm-none-eabi/4.8.4/../../../../arm-none-eabi/lib/armv7-m\libg_s.a(lib_a-exit.o)
 .ARM.attributes
                0x0000096d       0x2d c:/program files/cypress/psoc creator/3.2/psoc creator/import/gnu/arm/4.8.4/bin/../lib/gcc/arm-none-eabi/4.8.4/../../../../arm-none-eabi/lib/armv7-m\libg_s.a(lib_a-impure.o)
 .ARM.attributes
                0x0000099a       0x2d c:/program files/cypress/psoc creator/3.2/psoc creator/import/gnu/arm/4.8.4/bin/../lib/gcc/arm-none-eabi/4.8.4/../../../../arm-none-eabi/lib/armv7-m\libg_s.a(lib_a-init.o)
 .ARM.attributes
                0x000009c7       0x2d c:/program files/cypress/psoc creator/3.2/psoc creator/import/gnu/arm/4.8.4/bin/../lib/gcc/arm-none-eabi/4.8.4/../../../../arm-none-eabi/lib/armv7-m\libg_s.a(lib_a-memcpy-stub.o)
 .ARM.attributes
                0x000009f4       0x2d c:/program files/cypress/psoc creator/3.2/psoc creator/import/gnu/arm/4.8.4/bin/../lib/gcc/arm-none-eabi/4.8.4/../../../../arm-none-eabi/lib/armv7-m\libg_s.a(lib_a-memset.o)
 .ARM.attributes
                0x00000a21       0x2d c:/program files/cypress/psoc creator/3.2/psoc creator/import/gnu/arm/4.8.4/bin/../lib/gcc/arm-none-eabi/4.8.4/armv7-m/crtend.o
 .ARM.attributes
                0x00000a4e       0x1d c:/program files/cypress/psoc creator/3.2/psoc creator/import/gnu/arm/4.8.4/bin/../lib/gcc/arm-none-eabi/4.8.4/armv7-m/crtn.o

/DISCARD/
 *(.note.GNU-stack)
OUTPUT(.\CortexM3\ARM_GCC_484\Debug\Design01.elf elf32-littlearm)
