ARM GAS  C:\Users\IEUser\AppData\Local\Temp\ccSIVJAX.s 			page 1


   1              		.syntax unified
   2              		.cpu cortex-m3
   3              		.fpu softvfp
   4              		.eabi_attribute 20, 1
   5              		.eabi_attribute 21, 1
   6              		.eabi_attribute 23, 3
   7              		.eabi_attribute 24, 1
   8              		.eabi_attribute 25, 1
   9              		.eabi_attribute 26, 1
  10              		.eabi_attribute 30, 6
  11              		.eabi_attribute 34, 1
  12              		.eabi_attribute 18, 4
  13              		.thumb
  14              		.file	"G_A.c"
  15              		.text
  16              	.Ltext0:
  17              		.cfi_sections	.debug_frame
  18              		.global	G_A_initVar
  19              		.bss
  20              		.type	G_A_initVar, %object
  21              		.size	G_A_initVar, 1
  22              	G_A_initVar:
  23 0000 00       		.space	1
  24              		.global	G_A_wave1
  25              		.section	.rodata
  26              		.align	2
  27              		.type	G_A_wave1, %object
  28              		.size	G_A_wave1, 255
  29              	G_A_wave1:
  30 0000 80       		.byte	-128
  31 0001 83       		.byte	-125
  32 0002 86       		.byte	-122
  33 0003 89       		.byte	-119
  34 0004 8C       		.byte	-116
  35 0005 8F       		.byte	-113
  36 0006 92       		.byte	-110
  37 0007 95       		.byte	-107
  38 0008 98       		.byte	-104
  39 0009 9B       		.byte	-101
  40 000a 9E       		.byte	-98
  41 000b A1       		.byte	-95
  42 000c A4       		.byte	-92
  43 000d A7       		.byte	-89
  44 000e AA       		.byte	-86
  45 000f AD       		.byte	-83
  46 0010 B0       		.byte	-80
  47 0011 B2       		.byte	-78
  48 0012 B5       		.byte	-75
  49 0013 B8       		.byte	-72
  50 0014 BB       		.byte	-69
  51 0015 BD       		.byte	-67
  52 0016 C0       		.byte	-64
  53 0017 C3       		.byte	-61
  54 0018 C5       		.byte	-59
  55 0019 C8       		.byte	-56
  56 001a CA       		.byte	-54
  57 001b CD       		.byte	-51
ARM GAS  C:\Users\IEUser\AppData\Local\Temp\ccSIVJAX.s 			page 2


  58 001c CF       		.byte	-49
  59 001d D1       		.byte	-47
  60 001e D4       		.byte	-44
  61 001f D6       		.byte	-42
  62 0020 D8       		.byte	-40
  63 0021 DA       		.byte	-38
  64 0022 DC       		.byte	-36
  65 0023 DE       		.byte	-34
  66 0024 E0       		.byte	-32
  67 0025 E2       		.byte	-30
  68 0026 E4       		.byte	-28
  69 0027 E6       		.byte	-26
  70 0028 E8       		.byte	-24
  71 0029 E9       		.byte	-23
  72 002a EB       		.byte	-21
  73 002b ED       		.byte	-19
  74 002c EE       		.byte	-18
  75 002d EF       		.byte	-17
  76 002e F1       		.byte	-15
  77 002f F2       		.byte	-14
  78 0030 F3       		.byte	-13
  79 0031 F4       		.byte	-12
  80 0032 F5       		.byte	-11
  81 0033 F6       		.byte	-10
  82 0034 F7       		.byte	-9
  83 0035 F8       		.byte	-8
  84 0036 F9       		.byte	-7
  85 0037 FA       		.byte	-6
  86 0038 FA       		.byte	-6
  87 0039 FB       		.byte	-5
  88 003a FB       		.byte	-5
  89 003b FC       		.byte	-4
  90 003c FC       		.byte	-4
  91 003d FC       		.byte	-4
  92 003e FC       		.byte	-4
  93 003f FC       		.byte	-4
  94 0040 FC       		.byte	-4
  95 0041 FC       		.byte	-4
  96 0042 FC       		.byte	-4
  97 0043 FC       		.byte	-4
  98 0044 FC       		.byte	-4
  99 0045 FB       		.byte	-5
 100 0046 FB       		.byte	-5
 101 0047 FB       		.byte	-5
 102 0048 FA       		.byte	-6
 103 0049 F9       		.byte	-7
 104 004a F9       		.byte	-7
 105 004b F8       		.byte	-8
 106 004c F7       		.byte	-9
 107 004d F6       		.byte	-10
 108 004e F5       		.byte	-11
 109 004f F4       		.byte	-12
 110 0050 F3       		.byte	-13
 111 0051 F1       		.byte	-15
 112 0052 F0       		.byte	-16
 113 0053 EF       		.byte	-17
 114 0054 ED       		.byte	-19
ARM GAS  C:\Users\IEUser\AppData\Local\Temp\ccSIVJAX.s 			page 3


 115 0055 EC       		.byte	-20
 116 0056 EA       		.byte	-22
 117 0057 E9       		.byte	-23
 118 0058 E7       		.byte	-25
 119 0059 E5       		.byte	-27
 120 005a E3       		.byte	-29
 121 005b E1       		.byte	-31
 122 005c DF       		.byte	-33
 123 005d DD       		.byte	-35
 124 005e DB       		.byte	-37
 125 005f D9       		.byte	-39
 126 0060 D7       		.byte	-41
 127 0061 D5       		.byte	-43
 128 0062 D3       		.byte	-45
 129 0063 D0       		.byte	-48
 130 0064 CE       		.byte	-50
 131 0065 CB       		.byte	-53
 132 0066 C9       		.byte	-55
 133 0067 C6       		.byte	-58
 134 0068 C4       		.byte	-60
 135 0069 C1       		.byte	-63
 136 006a BF       		.byte	-65
 137 006b BC       		.byte	-68
 138 006c B9       		.byte	-71
 139 006d B7       		.byte	-73
 140 006e B4       		.byte	-76
 141 006f B1       		.byte	-79
 142 0070 AE       		.byte	-82
 143 0071 AB       		.byte	-85
 144 0072 A8       		.byte	-88
 145 0073 A5       		.byte	-91
 146 0074 A2       		.byte	-94
 147 0075 9F       		.byte	-97
 148 0076 9C       		.byte	-100
 149 0077 99       		.byte	-103
 150 0078 96       		.byte	-106
 151 0079 93       		.byte	-109
 152 007a 90       		.byte	-112
 153 007b 8D       		.byte	-115
 154 007c 8A       		.byte	-118
 155 007d 87       		.byte	-121
 156 007e 84       		.byte	-124
 157 007f 81       		.byte	-127
 158 0080 7E       		.byte	126
 159 0081 7B       		.byte	123
 160 0082 78       		.byte	120
 161 0083 75       		.byte	117
 162 0084 72       		.byte	114
 163 0085 6F       		.byte	111
 164 0086 6C       		.byte	108
 165 0087 69       		.byte	105
 166 0088 66       		.byte	102
 167 0089 63       		.byte	99
 168 008a 60       		.byte	96
 169 008b 5D       		.byte	93
 170 008c 5A       		.byte	90
 171 008d 57       		.byte	87
ARM GAS  C:\Users\IEUser\AppData\Local\Temp\ccSIVJAX.s 			page 4


 172 008e 54       		.byte	84
 173 008f 51       		.byte	81
 174 0090 4E       		.byte	78
 175 0091 4B       		.byte	75
 176 0092 48       		.byte	72
 177 0093 46       		.byte	70
 178 0094 43       		.byte	67
 179 0095 40       		.byte	64
 180 0096 3E       		.byte	62
 181 0097 3B       		.byte	59
 182 0098 39       		.byte	57
 183 0099 36       		.byte	54
 184 009a 34       		.byte	52
 185 009b 31       		.byte	49
 186 009c 2F       		.byte	47
 187 009d 2C       		.byte	44
 188 009e 2A       		.byte	42
 189 009f 28       		.byte	40
 190 00a0 26       		.byte	38
 191 00a1 24       		.byte	36
 192 00a2 22       		.byte	34
 193 00a3 20       		.byte	32
 194 00a4 1E       		.byte	30
 195 00a5 1C       		.byte	28
 196 00a6 1A       		.byte	26
 197 00a7 18       		.byte	24
 198 00a8 16       		.byte	22
 199 00a9 15       		.byte	21
 200 00aa 13       		.byte	19
 201 00ab 12       		.byte	18
 202 00ac 10       		.byte	16
 203 00ad 0F       		.byte	15
 204 00ae 0E       		.byte	14
 205 00af 0C       		.byte	12
 206 00b0 0B       		.byte	11
 207 00b1 0A       		.byte	10
 208 00b2 09       		.byte	9
 209 00b3 08       		.byte	8
 210 00b4 07       		.byte	7
 211 00b5 06       		.byte	6
 212 00b6 06       		.byte	6
 213 00b7 05       		.byte	5
 214 00b8 04       		.byte	4
 215 00b9 04       		.byte	4
 216 00ba 04       		.byte	4
 217 00bb 03       		.byte	3
 218 00bc 03       		.byte	3
 219 00bd 03       		.byte	3
 220 00be 03       		.byte	3
 221 00bf 03       		.byte	3
 222 00c0 03       		.byte	3
 223 00c1 03       		.byte	3
 224 00c2 03       		.byte	3
 225 00c3 03       		.byte	3
 226 00c4 03       		.byte	3
 227 00c5 04       		.byte	4
 228 00c6 04       		.byte	4
ARM GAS  C:\Users\IEUser\AppData\Local\Temp\ccSIVJAX.s 			page 5


 229 00c7 05       		.byte	5
 230 00c8 05       		.byte	5
 231 00c9 06       		.byte	6
 232 00ca 07       		.byte	7
 233 00cb 08       		.byte	8
 234 00cc 09       		.byte	9
 235 00cd 0A       		.byte	10
 236 00ce 0B       		.byte	11
 237 00cf 0C       		.byte	12
 238 00d0 0D       		.byte	13
 239 00d1 0E       		.byte	14
 240 00d2 10       		.byte	16
 241 00d3 11       		.byte	17
 242 00d4 12       		.byte	18
 243 00d5 14       		.byte	20
 244 00d6 16       		.byte	22
 245 00d7 17       		.byte	23
 246 00d8 19       		.byte	25
 247 00d9 1B       		.byte	27
 248 00da 1D       		.byte	29
 249 00db 1F       		.byte	31
 250 00dc 21       		.byte	33
 251 00dd 23       		.byte	35
 252 00de 25       		.byte	37
 253 00df 27       		.byte	39
 254 00e0 29       		.byte	41
 255 00e1 2B       		.byte	43
 256 00e2 2E       		.byte	46
 257 00e3 30       		.byte	48
 258 00e4 32       		.byte	50
 259 00e5 35       		.byte	53
 260 00e6 37       		.byte	55
 261 00e7 3A       		.byte	58
 262 00e8 3C       		.byte	60
 263 00e9 3F       		.byte	63
 264 00ea 42       		.byte	66
 265 00eb 44       		.byte	68
 266 00ec 47       		.byte	71
 267 00ed 4A       		.byte	74
 268 00ee 4D       		.byte	77
 269 00ef 4F       		.byte	79
 270 00f0 52       		.byte	82
 271 00f1 55       		.byte	85
 272 00f2 58       		.byte	88
 273 00f3 5B       		.byte	91
 274 00f4 5E       		.byte	94
 275 00f5 61       		.byte	97
 276 00f6 64       		.byte	100
 277 00f7 67       		.byte	103
 278 00f8 6A       		.byte	106
 279 00f9 6D       		.byte	109
 280 00fa 70       		.byte	112
 281 00fb 73       		.byte	115
 282 00fc 76       		.byte	118
 283 00fd 79       		.byte	121
 284 00fe 7C       		.byte	124
 285              		.global	G_A_wave2
ARM GAS  C:\Users\IEUser\AppData\Local\Temp\ccSIVJAX.s 			page 6


 286 00ff 00       		.align	2
 287              		.type	G_A_wave2, %object
 288              		.size	G_A_wave2, 227
 289              	G_A_wave2:
 290 0100 80       		.byte	-128
 291 0101 83       		.byte	-125
 292 0102 86       		.byte	-122
 293 0103 8A       		.byte	-118
 294 0104 8D       		.byte	-115
 295 0105 91       		.byte	-111
 296 0106 94       		.byte	-108
 297 0107 98       		.byte	-104
 298 0108 9B       		.byte	-101
 299 0109 9E       		.byte	-98
 300 010a A2       		.byte	-94
 301 010b A5       		.byte	-91
 302 010c A8       		.byte	-88
 303 010d AC       		.byte	-84
 304 010e AF       		.byte	-81
 305 010f B2       		.byte	-78
 306 0110 B5       		.byte	-75
 307 0111 B8       		.byte	-72
 308 0112 BB       		.byte	-69
 309 0113 BE       		.byte	-66
 310 0114 C1       		.byte	-63
 311 0115 C4       		.byte	-60
 312 0116 C7       		.byte	-57
 313 0117 CA       		.byte	-54
 314 0118 CD       		.byte	-51
 315 0119 CF       		.byte	-49
 316 011a D2       		.byte	-46
 317 011b D4       		.byte	-44
 318 011c D7       		.byte	-41
 319 011d D9       		.byte	-39
 320 011e DC       		.byte	-36
 321 011f DE       		.byte	-34
 322 0120 E0       		.byte	-32
 323 0121 E2       		.byte	-30
 324 0122 E5       		.byte	-27
 325 0123 E7       		.byte	-25
 326 0124 E8       		.byte	-24
 327 0125 EA       		.byte	-22
 328 0126 EC       		.byte	-20
 329 0127 EE       		.byte	-18
 330 0128 EF       		.byte	-17
 331 0129 F1       		.byte	-15
 332 012a F2       		.byte	-14
 333 012b F4       		.byte	-12
 334 012c F5       		.byte	-11
 335 012d F6       		.byte	-10
 336 012e F7       		.byte	-9
 337 012f F8       		.byte	-8
 338 0130 F9       		.byte	-7
 339 0131 FA       		.byte	-6
 340 0132 FA       		.byte	-6
 341 0133 FB       		.byte	-5
 342 0134 FB       		.byte	-5
ARM GAS  C:\Users\IEUser\AppData\Local\Temp\ccSIVJAX.s 			page 7


 343 0135 FC       		.byte	-4
 344 0136 FC       		.byte	-4
 345 0137 FC       		.byte	-4
 346 0138 FC       		.byte	-4
 347 0139 FC       		.byte	-4
 348 013a FC       		.byte	-4
 349 013b FC       		.byte	-4
 350 013c FC       		.byte	-4
 351 013d FC       		.byte	-4
 352 013e FB       		.byte	-5
 353 013f FB       		.byte	-5
 354 0140 FA       		.byte	-6
 355 0141 F9       		.byte	-7
 356 0142 F8       		.byte	-8
 357 0143 F8       		.byte	-8
 358 0144 F6       		.byte	-10
 359 0145 F5       		.byte	-11
 360 0146 F4       		.byte	-12
 361 0147 F3       		.byte	-13
 362 0148 F2       		.byte	-14
 363 0149 F0       		.byte	-16
 364 014a EF       		.byte	-17
 365 014b ED       		.byte	-19
 366 014c EB       		.byte	-21
 367 014d E9       		.byte	-23
 368 014e E7       		.byte	-25
 369 014f E6       		.byte	-26
 370 0150 E3       		.byte	-29
 371 0151 E1       		.byte	-31
 372 0152 DF       		.byte	-33
 373 0153 DD       		.byte	-35
 374 0154 DB       		.byte	-37
 375 0155 D8       		.byte	-40
 376 0156 D6       		.byte	-42
 377 0157 D3       		.byte	-45
 378 0158 D1       		.byte	-47
 379 0159 CE       		.byte	-50
 380 015a CB       		.byte	-53
 381 015b C8       		.byte	-56
 382 015c C6       		.byte	-58
 383 015d C3       		.byte	-61
 384 015e C0       		.byte	-64
 385 015f BD       		.byte	-67
 386 0160 BA       		.byte	-70
 387 0161 B7       		.byte	-73
 388 0162 B3       		.byte	-77
 389 0163 B0       		.byte	-80
 390 0164 AD       		.byte	-83
 391 0165 AA       		.byte	-86
 392 0166 A7       		.byte	-89
 393 0167 A3       		.byte	-93
 394 0168 A0       		.byte	-96
 395 0169 9D       		.byte	-99
 396 016a 99       		.byte	-103
 397 016b 96       		.byte	-106
 398 016c 92       		.byte	-110
 399 016d 8F       		.byte	-113
ARM GAS  C:\Users\IEUser\AppData\Local\Temp\ccSIVJAX.s 			page 8


 400 016e 8C       		.byte	-116
 401 016f 88       		.byte	-120
 402 0170 85       		.byte	-123
 403 0171 81       		.byte	-127
 404 0172 7E       		.byte	126
 405 0173 7A       		.byte	122
 406 0174 77       		.byte	119
 407 0175 73       		.byte	115
 408 0176 70       		.byte	112
 409 0177 6D       		.byte	109
 410 0178 69       		.byte	105
 411 0179 66       		.byte	102
 412 017a 62       		.byte	98
 413 017b 5F       		.byte	95
 414 017c 5C       		.byte	92
 415 017d 58       		.byte	88
 416 017e 55       		.byte	85
 417 017f 52       		.byte	82
 418 0180 4F       		.byte	79
 419 0181 4C       		.byte	76
 420 0182 48       		.byte	72
 421 0183 45       		.byte	69
 422 0184 42       		.byte	66
 423 0185 3F       		.byte	63
 424 0186 3C       		.byte	60
 425 0187 39       		.byte	57
 426 0188 37       		.byte	55
 427 0189 34       		.byte	52
 428 018a 31       		.byte	49
 429 018b 2E       		.byte	46
 430 018c 2C       		.byte	44
 431 018d 29       		.byte	41
 432 018e 27       		.byte	39
 433 018f 24       		.byte	36
 434 0190 22       		.byte	34
 435 0191 20       		.byte	32
 436 0192 1E       		.byte	30
 437 0193 1C       		.byte	28
 438 0194 19       		.byte	25
 439 0195 18       		.byte	24
 440 0196 16       		.byte	22
 441 0197 14       		.byte	20
 442 0198 12       		.byte	18
 443 0199 10       		.byte	16
 444 019a 0F       		.byte	15
 445 019b 0D       		.byte	13
 446 019c 0C       		.byte	12
 447 019d 0B       		.byte	11
 448 019e 0A       		.byte	10
 449 019f 09       		.byte	9
 450 01a0 07       		.byte	7
 451 01a1 07       		.byte	7
 452 01a2 06       		.byte	6
 453 01a3 05       		.byte	5
 454 01a4 04       		.byte	4
 455 01a5 04       		.byte	4
 456 01a6 03       		.byte	3
ARM GAS  C:\Users\IEUser\AppData\Local\Temp\ccSIVJAX.s 			page 9


 457 01a7 03       		.byte	3
 458 01a8 03       		.byte	3
 459 01a9 03       		.byte	3
 460 01aa 03       		.byte	3
 461 01ab 03       		.byte	3
 462 01ac 03       		.byte	3
 463 01ad 03       		.byte	3
 464 01ae 03       		.byte	3
 465 01af 04       		.byte	4
 466 01b0 04       		.byte	4
 467 01b1 05       		.byte	5
 468 01b2 05       		.byte	5
 469 01b3 06       		.byte	6
 470 01b4 07       		.byte	7
 471 01b5 08       		.byte	8
 472 01b6 09       		.byte	9
 473 01b7 0A       		.byte	10
 474 01b8 0B       		.byte	11
 475 01b9 0D       		.byte	13
 476 01ba 0E       		.byte	14
 477 01bb 10       		.byte	16
 478 01bc 11       		.byte	17
 479 01bd 13       		.byte	19
 480 01be 15       		.byte	21
 481 01bf 17       		.byte	23
 482 01c0 18       		.byte	24
 483 01c1 1A       		.byte	26
 484 01c2 1D       		.byte	29
 485 01c3 1F       		.byte	31
 486 01c4 21       		.byte	33
 487 01c5 23       		.byte	35
 488 01c6 26       		.byte	38
 489 01c7 28       		.byte	40
 490 01c8 2B       		.byte	43
 491 01c9 2D       		.byte	45
 492 01ca 30       		.byte	48
 493 01cb 32       		.byte	50
 494 01cc 35       		.byte	53
 495 01cd 38       		.byte	56
 496 01ce 3B       		.byte	59
 497 01cf 3E       		.byte	62
 498 01d0 41       		.byte	65
 499 01d1 44       		.byte	68
 500 01d2 47       		.byte	71
 501 01d3 4A       		.byte	74
 502 01d4 4D       		.byte	77
 503 01d5 50       		.byte	80
 504 01d6 53       		.byte	83
 505 01d7 57       		.byte	87
 506 01d8 5A       		.byte	90
 507 01d9 5D       		.byte	93
 508 01da 61       		.byte	97
 509 01db 64       		.byte	100
 510 01dc 67       		.byte	103
 511 01dd 6B       		.byte	107
 512 01de 6E       		.byte	110
 513 01df 72       		.byte	114
ARM GAS  C:\Users\IEUser\AppData\Local\Temp\ccSIVJAX.s 			page 10


 514 01e0 75       		.byte	117
 515 01e1 79       		.byte	121
 516 01e2 7C       		.byte	124
 517 01e3 00       		.bss
 518              	G_A_Wave1Chan:
 519 0001 00       		.space	1
 520              	G_A_Wave2Chan:
 521 0002 00       		.space	1
 522              	G_A_Wave1TD:
 523 0003 00       		.space	1
 524              	G_A_Wave2TD:
 525 0004 00       		.space	1
 526              		.section	.text.G_A_Init,"ax",%progbits
 527              		.align	2
 528              		.global	G_A_Init
 529              		.thumb
 530              		.thumb_func
 531              		.type	G_A_Init, %function
 532              	G_A_Init:
 533              	.LFB0:
 534              		.file 1 ".\\Generated_Source\\PSoC5\\G_A.c"
   1:.\Generated_Source\PSoC5/G_A.c **** /*******************************************************************************
   2:.\Generated_Source\PSoC5/G_A.c **** * File Name: G_A.c
   3:.\Generated_Source\PSoC5/G_A.c **** * Version 2.0
   4:.\Generated_Source\PSoC5/G_A.c **** *
   5:.\Generated_Source\PSoC5/G_A.c **** * Description:
   6:.\Generated_Source\PSoC5/G_A.c **** *  This file provides the source code for the 8-bit Waveform DAC 
   7:.\Generated_Source\PSoC5/G_A.c **** *  (WaveDAC8) Component.
   8:.\Generated_Source\PSoC5/G_A.c **** *
   9:.\Generated_Source\PSoC5/G_A.c **** ********************************************************************************
  10:.\Generated_Source\PSoC5/G_A.c **** * Copyright 2013, Cypress Semiconductor Corporation.  All rights reserved.
  11:.\Generated_Source\PSoC5/G_A.c **** * You may use this file only in accordance with the license, terms, conditions,
  12:.\Generated_Source\PSoC5/G_A.c **** * disclaimers, and limitations in the end user license agreement accompanying
  13:.\Generated_Source\PSoC5/G_A.c **** * the software package with which this file was provided.
  14:.\Generated_Source\PSoC5/G_A.c **** *******************************************************************************/
  15:.\Generated_Source\PSoC5/G_A.c **** 
  16:.\Generated_Source\PSoC5/G_A.c **** #include "G_A.h"
  17:.\Generated_Source\PSoC5/G_A.c **** 
  18:.\Generated_Source\PSoC5/G_A.c **** uint8  G_A_initVar = 0u;
  19:.\Generated_Source\PSoC5/G_A.c **** 
  20:.\Generated_Source\PSoC5/G_A.c **** const uint8 CYCODE G_A_wave1[G_A_WAVE1_LENGTH] = { 128u,131u,134u,137u,140u,143u,146u,149u,152u,155
  21:.\Generated_Source\PSoC5/G_A.c **** const uint8 CYCODE G_A_wave2[G_A_WAVE2_LENGTH] = { 128u,131u,134u,138u,141u,145u,148u,152u,155u,158
  22:.\Generated_Source\PSoC5/G_A.c **** 
  23:.\Generated_Source\PSoC5/G_A.c **** static uint8  G_A_Wave1Chan;
  24:.\Generated_Source\PSoC5/G_A.c **** static uint8  G_A_Wave2Chan;
  25:.\Generated_Source\PSoC5/G_A.c **** static uint8  G_A_Wave1TD;
  26:.\Generated_Source\PSoC5/G_A.c **** static uint8  G_A_Wave2TD;
  27:.\Generated_Source\PSoC5/G_A.c **** 
  28:.\Generated_Source\PSoC5/G_A.c **** 
  29:.\Generated_Source\PSoC5/G_A.c **** /*******************************************************************************
  30:.\Generated_Source\PSoC5/G_A.c **** * Function Name: G_A_Init
  31:.\Generated_Source\PSoC5/G_A.c **** ********************************************************************************
  32:.\Generated_Source\PSoC5/G_A.c **** *
  33:.\Generated_Source\PSoC5/G_A.c **** * Summary:
  34:.\Generated_Source\PSoC5/G_A.c **** *  Initializes component with parameters set in the customizer.
  35:.\Generated_Source\PSoC5/G_A.c **** *
  36:.\Generated_Source\PSoC5/G_A.c **** * Parameters:  
ARM GAS  C:\Users\IEUser\AppData\Local\Temp\ccSIVJAX.s 			page 11


  37:.\Generated_Source\PSoC5/G_A.c **** *  None
  38:.\Generated_Source\PSoC5/G_A.c **** *
  39:.\Generated_Source\PSoC5/G_A.c **** * Return: 
  40:.\Generated_Source\PSoC5/G_A.c **** *  None
  41:.\Generated_Source\PSoC5/G_A.c **** *
  42:.\Generated_Source\PSoC5/G_A.c **** *******************************************************************************/
  43:.\Generated_Source\PSoC5/G_A.c **** void G_A_Init(void) 
  44:.\Generated_Source\PSoC5/G_A.c **** {
 535              		.loc 1 44 0
 536              		.cfi_startproc
 537              		@ args = 0, pretend = 0, frame = 0
 538              		@ frame_needed = 1, uses_anonymous_args = 0
 539 0000 80B5     		push	{r7, lr}
 540              		.cfi_def_cfa_offset 8
 541              		.cfi_offset 7, -8
 542              		.cfi_offset 14, -4
 543 0002 00AF     		add	r7, sp, #0
 544              		.cfi_def_cfa_register 7
  45:.\Generated_Source\PSoC5/G_A.c **** 	G_A_VDAC8_Init();
 545              		.loc 1 45 0
 546 0004 FFF7FEFF 		bl	G_A_VDAC8_Init
  46:.\Generated_Source\PSoC5/G_A.c **** 	G_A_VDAC8_SetSpeed(G_A_HIGHSPEED);
 547              		.loc 1 46 0
 548 0008 0220     		movs	r0, #2
 549 000a FFF7FEFF 		bl	G_A_VDAC8_SetSpeed
  47:.\Generated_Source\PSoC5/G_A.c **** 	G_A_VDAC8_SetRange(G_A_DAC_RANGE);
 550              		.loc 1 47 0
 551 000e 0020     		movs	r0, #0
 552 0010 FFF7FEFF 		bl	G_A_VDAC8_SetRange
  48:.\Generated_Source\PSoC5/G_A.c **** 
  49:.\Generated_Source\PSoC5/G_A.c **** 	#if(G_A_DAC_MODE == G_A_CURRENT_MODE)
  50:.\Generated_Source\PSoC5/G_A.c **** 		G_A_IDAC8_SetPolarity(G_A_DAC_POL);
  51:.\Generated_Source\PSoC5/G_A.c **** 	#endif /* G_A_DAC_MODE == G_A_CURRENT_MODE */
  52:.\Generated_Source\PSoC5/G_A.c **** 
  53:.\Generated_Source\PSoC5/G_A.c **** 	#if(G_A_OUT_MODE == G_A_BUFFER_MODE)
  54:.\Generated_Source\PSoC5/G_A.c **** 	   G_A_BuffAmp_Init();
  55:.\Generated_Source\PSoC5/G_A.c **** 	#endif /* G_A_OUT_MODE == G_A_BUFFER_MODE */
  56:.\Generated_Source\PSoC5/G_A.c **** 
  57:.\Generated_Source\PSoC5/G_A.c **** 	/* Get the TD Number for the DMA channel 1 and 2   */
  58:.\Generated_Source\PSoC5/G_A.c **** 	G_A_Wave1TD = CyDmaTdAllocate();
 553              		.loc 1 58 0
 554 0014 FFF7FEFF 		bl	CyDmaTdAllocate
 555 0018 0346     		mov	r3, r0
 556 001a 1A46     		mov	r2, r3
 557 001c 084B     		ldr	r3, .L2
 558 001e 1A70     		strb	r2, [r3]
  59:.\Generated_Source\PSoC5/G_A.c **** 	G_A_Wave2TD = CyDmaTdAllocate();
 559              		.loc 1 59 0
 560 0020 FFF7FEFF 		bl	CyDmaTdAllocate
 561 0024 0346     		mov	r3, r0
 562 0026 1A46     		mov	r2, r3
 563 0028 064B     		ldr	r3, .L2+4
 564 002a 1A70     		strb	r2, [r3]
  60:.\Generated_Source\PSoC5/G_A.c **** 	
  61:.\Generated_Source\PSoC5/G_A.c **** 	/* Initialize waveform pointers  */
  62:.\Generated_Source\PSoC5/G_A.c **** 	G_A_Wave1Setup(G_A_wave1, G_A_WAVE1_LENGTH) ;
 565              		.loc 1 62 0
ARM GAS  C:\Users\IEUser\AppData\Local\Temp\ccSIVJAX.s 			page 12


 566 002c 0648     		ldr	r0, .L2+8
 567 002e FF21     		movs	r1, #255
 568 0030 FFF7FEFF 		bl	G_A_Wave1Setup
  63:.\Generated_Source\PSoC5/G_A.c **** 	G_A_Wave2Setup(G_A_wave2, G_A_WAVE2_LENGTH) ;
 569              		.loc 1 63 0
 570 0034 0548     		ldr	r0, .L2+12
 571 0036 E321     		movs	r1, #227
 572 0038 FFF7FEFF 		bl	G_A_Wave2Setup
  64:.\Generated_Source\PSoC5/G_A.c **** 	
  65:.\Generated_Source\PSoC5/G_A.c **** 	/* Initialize the internal clock if one present  */
  66:.\Generated_Source\PSoC5/G_A.c **** 	#if defined(G_A_DacClk_PHASE)
  67:.\Generated_Source\PSoC5/G_A.c **** 	   G_A_DacClk_SetPhase(G_A_CLK_PHASE_0nS);
  68:.\Generated_Source\PSoC5/G_A.c **** 	#endif /* defined(G_A_DacClk_PHASE) */
  69:.\Generated_Source\PSoC5/G_A.c **** }
 573              		.loc 1 69 0
 574 003c 80BD     		pop	{r7, pc}
 575              	.L3:
 576 003e 00BF     		.align	2
 577              	.L2:
 578 0040 03000000 		.word	G_A_Wave1TD
 579 0044 04000000 		.word	G_A_Wave2TD
 580 0048 00000000 		.word	G_A_wave1
 581 004c 00000000 		.word	G_A_wave2
 582              		.cfi_endproc
 583              	.LFE0:
 584              		.size	G_A_Init, .-G_A_Init
 585              		.section	.text.G_A_Enable,"ax",%progbits
 586              		.align	2
 587              		.global	G_A_Enable
 588              		.thumb
 589              		.thumb_func
 590              		.type	G_A_Enable, %function
 591              	G_A_Enable:
 592              	.LFB1:
  70:.\Generated_Source\PSoC5/G_A.c **** 
  71:.\Generated_Source\PSoC5/G_A.c **** 
  72:.\Generated_Source\PSoC5/G_A.c **** /*******************************************************************************
  73:.\Generated_Source\PSoC5/G_A.c **** * Function Name: G_A_Enable
  74:.\Generated_Source\PSoC5/G_A.c **** ********************************************************************************
  75:.\Generated_Source\PSoC5/G_A.c **** *  
  76:.\Generated_Source\PSoC5/G_A.c **** * Summary: 
  77:.\Generated_Source\PSoC5/G_A.c **** *  Enables the DAC block and DMA operation.
  78:.\Generated_Source\PSoC5/G_A.c **** *
  79:.\Generated_Source\PSoC5/G_A.c **** * Parameters:  
  80:.\Generated_Source\PSoC5/G_A.c **** *  None
  81:.\Generated_Source\PSoC5/G_A.c **** *
  82:.\Generated_Source\PSoC5/G_A.c **** * Return: 
  83:.\Generated_Source\PSoC5/G_A.c **** *  None
  84:.\Generated_Source\PSoC5/G_A.c **** *
  85:.\Generated_Source\PSoC5/G_A.c **** *******************************************************************************/
  86:.\Generated_Source\PSoC5/G_A.c **** void G_A_Enable(void) 
  87:.\Generated_Source\PSoC5/G_A.c **** {
 593              		.loc 1 87 0
 594              		.cfi_startproc
 595              		@ args = 0, pretend = 0, frame = 0
 596              		@ frame_needed = 1, uses_anonymous_args = 0
 597 0000 80B5     		push	{r7, lr}
ARM GAS  C:\Users\IEUser\AppData\Local\Temp\ccSIVJAX.s 			page 13


 598              		.cfi_def_cfa_offset 8
 599              		.cfi_offset 7, -8
 600              		.cfi_offset 14, -4
 601 0002 00AF     		add	r7, sp, #0
 602              		.cfi_def_cfa_register 7
  88:.\Generated_Source\PSoC5/G_A.c **** 	G_A_VDAC8_Enable();
 603              		.loc 1 88 0
 604 0004 FFF7FEFF 		bl	G_A_VDAC8_Enable
  89:.\Generated_Source\PSoC5/G_A.c **** 
  90:.\Generated_Source\PSoC5/G_A.c **** 	#if(G_A_OUT_MODE == G_A_BUFFER_MODE)
  91:.\Generated_Source\PSoC5/G_A.c **** 	   G_A_BuffAmp_Enable();
  92:.\Generated_Source\PSoC5/G_A.c **** 	#endif /* G_A_OUT_MODE == G_A_BUFFER_MODE */
  93:.\Generated_Source\PSoC5/G_A.c **** 
  94:.\Generated_Source\PSoC5/G_A.c **** 	/* 
  95:.\Generated_Source\PSoC5/G_A.c **** 	* Enable the channel. It is configured to remember the TD value so that
  96:.\Generated_Source\PSoC5/G_A.c **** 	* it can be restored from the place where it has been stopped.
  97:.\Generated_Source\PSoC5/G_A.c **** 	*/
  98:.\Generated_Source\PSoC5/G_A.c **** 	(void)CyDmaChEnable(G_A_Wave1Chan, 1u);
 605              		.loc 1 98 0
 606 0008 084B     		ldr	r3, .L5
 607 000a 1B78     		ldrb	r3, [r3]	@ zero_extendqisi2
 608 000c 1846     		mov	r0, r3
 609 000e 0121     		movs	r1, #1
 610 0010 FFF7FEFF 		bl	CyDmaChEnable
  99:.\Generated_Source\PSoC5/G_A.c **** 	(void)CyDmaChEnable(G_A_Wave2Chan, 1u);
 611              		.loc 1 99 0
 612 0014 064B     		ldr	r3, .L5+4
 613 0016 1B78     		ldrb	r3, [r3]	@ zero_extendqisi2
 614 0018 1846     		mov	r0, r3
 615 001a 0121     		movs	r1, #1
 616 001c FFF7FEFF 		bl	CyDmaChEnable
 100:.\Generated_Source\PSoC5/G_A.c **** 	
 101:.\Generated_Source\PSoC5/G_A.c **** 	/* set the initial value */
 102:.\Generated_Source\PSoC5/G_A.c **** 	G_A_SetValue(0u);
 617              		.loc 1 102 0
 618 0020 0020     		movs	r0, #0
 619 0022 FFF7FEFF 		bl	G_A_VDAC8_SetValue
 103:.\Generated_Source\PSoC5/G_A.c **** 	
 104:.\Generated_Source\PSoC5/G_A.c **** 	#if(G_A_CLOCK_SRC == G_A_CLOCK_INT)  	
 105:.\Generated_Source\PSoC5/G_A.c **** 	   G_A_DacClk_Start();
 620              		.loc 1 105 0
 621 0026 FFF7FEFF 		bl	G_A_DacClk_Start
 106:.\Generated_Source\PSoC5/G_A.c **** 	#endif /* G_A_CLOCK_SRC == G_A_CLOCK_INT */
 107:.\Generated_Source\PSoC5/G_A.c **** }
 622              		.loc 1 107 0
 623 002a 80BD     		pop	{r7, pc}
 624              	.L6:
 625              		.align	2
 626              	.L5:
 627 002c 01000000 		.word	G_A_Wave1Chan
 628 0030 02000000 		.word	G_A_Wave2Chan
 629              		.cfi_endproc
 630              	.LFE1:
 631              		.size	G_A_Enable, .-G_A_Enable
 632              		.section	.text.G_A_Start,"ax",%progbits
 633              		.align	2
 634              		.global	G_A_Start
ARM GAS  C:\Users\IEUser\AppData\Local\Temp\ccSIVJAX.s 			page 14


 635              		.thumb
 636              		.thumb_func
 637              		.type	G_A_Start, %function
 638              	G_A_Start:
 639              	.LFB2:
 108:.\Generated_Source\PSoC5/G_A.c **** 
 109:.\Generated_Source\PSoC5/G_A.c **** 
 110:.\Generated_Source\PSoC5/G_A.c **** /*******************************************************************************
 111:.\Generated_Source\PSoC5/G_A.c **** * Function Name: G_A_Start
 112:.\Generated_Source\PSoC5/G_A.c **** ********************************************************************************
 113:.\Generated_Source\PSoC5/G_A.c **** *
 114:.\Generated_Source\PSoC5/G_A.c **** * Summary:
 115:.\Generated_Source\PSoC5/G_A.c **** *  The start function initializes the voltage DAC with the default values, 
 116:.\Generated_Source\PSoC5/G_A.c **** *  and sets the power to the given level.  A power level of 0, is the same as 
 117:.\Generated_Source\PSoC5/G_A.c **** *  executing the stop function.
 118:.\Generated_Source\PSoC5/G_A.c **** *
 119:.\Generated_Source\PSoC5/G_A.c **** * Parameters:  
 120:.\Generated_Source\PSoC5/G_A.c **** *  None
 121:.\Generated_Source\PSoC5/G_A.c **** *
 122:.\Generated_Source\PSoC5/G_A.c **** * Return: 
 123:.\Generated_Source\PSoC5/G_A.c **** *  None
 124:.\Generated_Source\PSoC5/G_A.c **** *
 125:.\Generated_Source\PSoC5/G_A.c **** * Reentrant:
 126:.\Generated_Source\PSoC5/G_A.c **** *  No
 127:.\Generated_Source\PSoC5/G_A.c **** *
 128:.\Generated_Source\PSoC5/G_A.c **** *******************************************************************************/
 129:.\Generated_Source\PSoC5/G_A.c **** void G_A_Start(void) 
 130:.\Generated_Source\PSoC5/G_A.c **** {
 640              		.loc 1 130 0
 641              		.cfi_startproc
 642              		@ args = 0, pretend = 0, frame = 0
 643              		@ frame_needed = 1, uses_anonymous_args = 0
 644 0000 80B5     		push	{r7, lr}
 645              		.cfi_def_cfa_offset 8
 646              		.cfi_offset 7, -8
 647              		.cfi_offset 14, -4
 648 0002 00AF     		add	r7, sp, #0
 649              		.cfi_def_cfa_register 7
 131:.\Generated_Source\PSoC5/G_A.c **** 	/* If not Initialized then initialize all required hardware and software */
 132:.\Generated_Source\PSoC5/G_A.c **** 	if(G_A_initVar == 0u)
 650              		.loc 1 132 0
 651 0004 054B     		ldr	r3, .L9
 652 0006 1B78     		ldrb	r3, [r3]	@ zero_extendqisi2
 653 0008 002B     		cmp	r3, #0
 654 000a 04D1     		bne	.L8
 133:.\Generated_Source\PSoC5/G_A.c **** 	{
 134:.\Generated_Source\PSoC5/G_A.c **** 		G_A_Init();
 655              		.loc 1 134 0
 656 000c FFF7FEFF 		bl	G_A_Init
 135:.\Generated_Source\PSoC5/G_A.c **** 		G_A_initVar = 1u;
 657              		.loc 1 135 0
 658 0010 024B     		ldr	r3, .L9
 659 0012 0122     		movs	r2, #1
 660 0014 1A70     		strb	r2, [r3]
 661              	.L8:
 136:.\Generated_Source\PSoC5/G_A.c **** 	}
 137:.\Generated_Source\PSoC5/G_A.c **** 	
ARM GAS  C:\Users\IEUser\AppData\Local\Temp\ccSIVJAX.s 			page 15


 138:.\Generated_Source\PSoC5/G_A.c **** 	G_A_Enable();
 662              		.loc 1 138 0
 663 0016 FFF7FEFF 		bl	G_A_Enable
 139:.\Generated_Source\PSoC5/G_A.c **** }
 664              		.loc 1 139 0
 665 001a 80BD     		pop	{r7, pc}
 666              	.L10:
 667              		.align	2
 668              	.L9:
 669 001c 00000000 		.word	G_A_initVar
 670              		.cfi_endproc
 671              	.LFE2:
 672              		.size	G_A_Start, .-G_A_Start
 673              		.section	.text.G_A_StartEx,"ax",%progbits
 674              		.align	2
 675              		.global	G_A_StartEx
 676              		.thumb
 677              		.thumb_func
 678              		.type	G_A_StartEx, %function
 679              	G_A_StartEx:
 680              	.LFB3:
 140:.\Generated_Source\PSoC5/G_A.c **** 
 141:.\Generated_Source\PSoC5/G_A.c **** 
 142:.\Generated_Source\PSoC5/G_A.c **** /*******************************************************************************
 143:.\Generated_Source\PSoC5/G_A.c **** * Function Name: G_A_StartEx
 144:.\Generated_Source\PSoC5/G_A.c **** ********************************************************************************
 145:.\Generated_Source\PSoC5/G_A.c **** *
 146:.\Generated_Source\PSoC5/G_A.c **** * Summary:
 147:.\Generated_Source\PSoC5/G_A.c **** *  The StartEx function sets pointers and sizes for both waveforms
 148:.\Generated_Source\PSoC5/G_A.c **** *  and then starts the component.
 149:.\Generated_Source\PSoC5/G_A.c **** *
 150:.\Generated_Source\PSoC5/G_A.c **** * Parameters:  
 151:.\Generated_Source\PSoC5/G_A.c **** *   uint8 * wavePtr1:     Pointer to the waveform 1 array.
 152:.\Generated_Source\PSoC5/G_A.c **** *   uint16  sampleSize1:  The amount of samples in the waveform 1.
 153:.\Generated_Source\PSoC5/G_A.c **** *   uint8 * wavePtr2:     Pointer to the waveform 2 array.
 154:.\Generated_Source\PSoC5/G_A.c **** *   uint16  sampleSize2:  The amount of samples in the waveform 2.
 155:.\Generated_Source\PSoC5/G_A.c **** *
 156:.\Generated_Source\PSoC5/G_A.c **** * Return: 
 157:.\Generated_Source\PSoC5/G_A.c **** *  None
 158:.\Generated_Source\PSoC5/G_A.c **** *
 159:.\Generated_Source\PSoC5/G_A.c **** * Reentrant:
 160:.\Generated_Source\PSoC5/G_A.c **** *  No
 161:.\Generated_Source\PSoC5/G_A.c **** *
 162:.\Generated_Source\PSoC5/G_A.c **** *******************************************************************************/
 163:.\Generated_Source\PSoC5/G_A.c **** void G_A_StartEx(const uint8 * wavePtr1, uint16 sampleSize1, const uint8 * wavePtr2, uint16 sampleS
 164:.\Generated_Source\PSoC5/G_A.c **** 
 165:.\Generated_Source\PSoC5/G_A.c **** {
 681              		.loc 1 165 0
 682              		.cfi_startproc
 683              		@ args = 0, pretend = 0, frame = 16
 684              		@ frame_needed = 1, uses_anonymous_args = 0
 685 0000 80B5     		push	{r7, lr}
 686              		.cfi_def_cfa_offset 8
 687              		.cfi_offset 7, -8
 688              		.cfi_offset 14, -4
 689 0002 84B0     		sub	sp, sp, #16
 690              		.cfi_def_cfa_offset 24
ARM GAS  C:\Users\IEUser\AppData\Local\Temp\ccSIVJAX.s 			page 16


 691 0004 00AF     		add	r7, sp, #0
 692              		.cfi_def_cfa_register 7
 693 0006 F860     		str	r0, [r7, #12]
 694 0008 7A60     		str	r2, [r7, #4]
 695 000a 0A46     		mov	r2, r1	@ movhi
 696 000c 7A81     		strh	r2, [r7, #10]	@ movhi
 697 000e 3B81     		strh	r3, [r7, #8]	@ movhi
 166:.\Generated_Source\PSoC5/G_A.c **** 	G_A_Wave1Setup(wavePtr1, sampleSize1);
 698              		.loc 1 166 0
 699 0010 7B89     		ldrh	r3, [r7, #10]
 700 0012 F868     		ldr	r0, [r7, #12]
 701 0014 1946     		mov	r1, r3
 702 0016 FFF7FEFF 		bl	G_A_Wave1Setup
 167:.\Generated_Source\PSoC5/G_A.c **** 	G_A_Wave2Setup(wavePtr2, sampleSize2);
 703              		.loc 1 167 0
 704 001a 3B89     		ldrh	r3, [r7, #8]
 705 001c 7868     		ldr	r0, [r7, #4]
 706 001e 1946     		mov	r1, r3
 707 0020 FFF7FEFF 		bl	G_A_Wave2Setup
 168:.\Generated_Source\PSoC5/G_A.c **** 	G_A_Start();
 708              		.loc 1 168 0
 709 0024 FFF7FEFF 		bl	G_A_Start
 169:.\Generated_Source\PSoC5/G_A.c **** }
 710              		.loc 1 169 0
 711 0028 1037     		adds	r7, r7, #16
 712 002a BD46     		mov	sp, r7
 713              		@ sp needed
 714 002c 80BD     		pop	{r7, pc}
 715              		.cfi_endproc
 716              	.LFE3:
 717              		.size	G_A_StartEx, .-G_A_StartEx
 718 002e 00BF     		.section	.text.G_A_Stop,"ax",%progbits
 719              		.align	2
 720              		.global	G_A_Stop
 721              		.thumb
 722              		.thumb_func
 723              		.type	G_A_Stop, %function
 724              	G_A_Stop:
 725              	.LFB4:
 170:.\Generated_Source\PSoC5/G_A.c **** 
 171:.\Generated_Source\PSoC5/G_A.c **** 
 172:.\Generated_Source\PSoC5/G_A.c **** /*******************************************************************************
 173:.\Generated_Source\PSoC5/G_A.c **** * Function Name: G_A_Stop
 174:.\Generated_Source\PSoC5/G_A.c **** ********************************************************************************
 175:.\Generated_Source\PSoC5/G_A.c **** *
 176:.\Generated_Source\PSoC5/G_A.c **** * Summary:
 177:.\Generated_Source\PSoC5/G_A.c **** *  Stops the clock (if internal), disables the DMA channels
 178:.\Generated_Source\PSoC5/G_A.c **** *  and powers down the DAC.
 179:.\Generated_Source\PSoC5/G_A.c **** *
 180:.\Generated_Source\PSoC5/G_A.c **** * Parameters:  
 181:.\Generated_Source\PSoC5/G_A.c **** *  None  
 182:.\Generated_Source\PSoC5/G_A.c **** *
 183:.\Generated_Source\PSoC5/G_A.c **** * Return: 
 184:.\Generated_Source\PSoC5/G_A.c **** *  None
 185:.\Generated_Source\PSoC5/G_A.c **** *
 186:.\Generated_Source\PSoC5/G_A.c **** *******************************************************************************/
 187:.\Generated_Source\PSoC5/G_A.c **** void G_A_Stop(void) 
ARM GAS  C:\Users\IEUser\AppData\Local\Temp\ccSIVJAX.s 			page 17


 188:.\Generated_Source\PSoC5/G_A.c **** {
 726              		.loc 1 188 0
 727              		.cfi_startproc
 728              		@ args = 0, pretend = 0, frame = 0
 729              		@ frame_needed = 1, uses_anonymous_args = 0
 730 0000 80B5     		push	{r7, lr}
 731              		.cfi_def_cfa_offset 8
 732              		.cfi_offset 7, -8
 733              		.cfi_offset 14, -4
 734 0002 00AF     		add	r7, sp, #0
 735              		.cfi_def_cfa_register 7
 189:.\Generated_Source\PSoC5/G_A.c **** 	/* Turn off internal clock, if one present */
 190:.\Generated_Source\PSoC5/G_A.c **** 	#if(G_A_CLOCK_SRC == G_A_CLOCK_INT)  	
 191:.\Generated_Source\PSoC5/G_A.c **** 	   G_A_DacClk_Stop();
 736              		.loc 1 191 0
 737 0004 FFF7FEFF 		bl	G_A_DacClk_Stop
 192:.\Generated_Source\PSoC5/G_A.c **** 	#endif /* G_A_CLOCK_SRC == G_A_CLOCK_INT */
 193:.\Generated_Source\PSoC5/G_A.c **** 	
 194:.\Generated_Source\PSoC5/G_A.c **** 	/* Disble DMA channels */
 195:.\Generated_Source\PSoC5/G_A.c **** 	(void)CyDmaChDisable(G_A_Wave1Chan);
 738              		.loc 1 195 0
 739 0008 064B     		ldr	r3, .L13
 740 000a 1B78     		ldrb	r3, [r3]	@ zero_extendqisi2
 741 000c 1846     		mov	r0, r3
 742 000e FFF7FEFF 		bl	CyDmaChDisable
 196:.\Generated_Source\PSoC5/G_A.c **** 	(void)CyDmaChDisable(G_A_Wave2Chan);
 743              		.loc 1 196 0
 744 0012 054B     		ldr	r3, .L13+4
 745 0014 1B78     		ldrb	r3, [r3]	@ zero_extendqisi2
 746 0016 1846     		mov	r0, r3
 747 0018 FFF7FEFF 		bl	CyDmaChDisable
 197:.\Generated_Source\PSoC5/G_A.c **** 
 198:.\Generated_Source\PSoC5/G_A.c **** 	/* Disable power to DAC */
 199:.\Generated_Source\PSoC5/G_A.c **** 	G_A_VDAC8_Stop();
 748              		.loc 1 199 0
 749 001c FFF7FEFF 		bl	G_A_VDAC8_Stop
 200:.\Generated_Source\PSoC5/G_A.c **** }
 750              		.loc 1 200 0
 751 0020 80BD     		pop	{r7, pc}
 752              	.L14:
 753 0022 00BF     		.align	2
 754              	.L13:
 755 0024 01000000 		.word	G_A_Wave1Chan
 756 0028 02000000 		.word	G_A_Wave2Chan
 757              		.cfi_endproc
 758              	.LFE4:
 759              		.size	G_A_Stop, .-G_A_Stop
 760              		.section	.text.G_A_Wave1Setup,"ax",%progbits
 761              		.align	2
 762              		.global	G_A_Wave1Setup
 763              		.thumb
 764              		.thumb_func
 765              		.type	G_A_Wave1Setup, %function
 766              	G_A_Wave1Setup:
 767              	.LFB5:
 201:.\Generated_Source\PSoC5/G_A.c **** 
 202:.\Generated_Source\PSoC5/G_A.c **** 
ARM GAS  C:\Users\IEUser\AppData\Local\Temp\ccSIVJAX.s 			page 18


 203:.\Generated_Source\PSoC5/G_A.c **** /*******************************************************************************
 204:.\Generated_Source\PSoC5/G_A.c **** * Function Name: G_A_Wave1Setup
 205:.\Generated_Source\PSoC5/G_A.c **** ********************************************************************************
 206:.\Generated_Source\PSoC5/G_A.c **** *
 207:.\Generated_Source\PSoC5/G_A.c **** * Summary:
 208:.\Generated_Source\PSoC5/G_A.c **** *  Sets pointer and size for waveform 1.                                    
 209:.\Generated_Source\PSoC5/G_A.c **** *
 210:.\Generated_Source\PSoC5/G_A.c **** * Parameters:  
 211:.\Generated_Source\PSoC5/G_A.c **** *  uint8 * WavePtr:     Pointer to the waveform array.
 212:.\Generated_Source\PSoC5/G_A.c **** *  uint16  SampleSize:  The amount of samples in the waveform.
 213:.\Generated_Source\PSoC5/G_A.c **** *
 214:.\Generated_Source\PSoC5/G_A.c **** * Return: 
 215:.\Generated_Source\PSoC5/G_A.c **** *  None 
 216:.\Generated_Source\PSoC5/G_A.c **** *
 217:.\Generated_Source\PSoC5/G_A.c **** *******************************************************************************/
 218:.\Generated_Source\PSoC5/G_A.c **** void G_A_Wave1Setup(const uint8 * wavePtr, uint16 sampleSize)
 219:.\Generated_Source\PSoC5/G_A.c **** 
 220:.\Generated_Source\PSoC5/G_A.c **** {
 768              		.loc 1 220 0
 769              		.cfi_startproc
 770              		@ args = 0, pretend = 0, frame = 8
 771              		@ frame_needed = 1, uses_anonymous_args = 0
 772 0000 80B5     		push	{r7, lr}
 773              		.cfi_def_cfa_offset 8
 774              		.cfi_offset 7, -8
 775              		.cfi_offset 14, -4
 776 0002 82B0     		sub	sp, sp, #8
 777              		.cfi_def_cfa_offset 16
 778 0004 00AF     		add	r7, sp, #0
 779              		.cfi_def_cfa_register 7
 780 0006 7860     		str	r0, [r7, #4]
 781 0008 0B46     		mov	r3, r1
 782 000a 7B80     		strh	r3, [r7, #2]	@ movhi
 221:.\Generated_Source\PSoC5/G_A.c **** 	#if (CY_PSOC3)
 222:.\Generated_Source\PSoC5/G_A.c **** 		uint16 memoryType; /* determining the source memory type */
 223:.\Generated_Source\PSoC5/G_A.c **** 		memoryType = (G_A_HI16FLASHPTR == HI16(wavePtr)) ? HI16(CYDEV_FLS_BASE) : HI16(CYDEV_SRAM_BASE);
 224:.\Generated_Source\PSoC5/G_A.c **** 		
 225:.\Generated_Source\PSoC5/G_A.c **** 		G_A_Wave1Chan = G_A_Wave1_DMA_DmaInitialize(
 226:.\Generated_Source\PSoC5/G_A.c **** 		G_A_Wave1_DMA_BYTES_PER_BURST, G_A_Wave1_DMA_REQUEST_PER_BURST,
 227:.\Generated_Source\PSoC5/G_A.c **** 		memoryType, HI16(CYDEV_PERIPH_BASE));
 228:.\Generated_Source\PSoC5/G_A.c **** 	#else /* PSoC 5 */
 229:.\Generated_Source\PSoC5/G_A.c **** 		G_A_Wave1Chan = G_A_Wave1_DMA_DmaInitialize(
 230:.\Generated_Source\PSoC5/G_A.c **** 		G_A_Wave1_DMA_BYTES_PER_BURST, G_A_Wave1_DMA_REQUEST_PER_BURST,
 231:.\Generated_Source\PSoC5/G_A.c **** 		HI16(wavePtr), HI16(G_A_DAC8__D));
 783              		.loc 1 231 0
 784 000c 7B68     		ldr	r3, [r7, #4]
 785 000e 1B0C     		lsrs	r3, r3, #16
 229:.\Generated_Source\PSoC5/G_A.c **** 		G_A_Wave1Chan = G_A_Wave1_DMA_DmaInitialize(
 786              		.loc 1 229 0
 787 0010 9BB2     		uxth	r3, r3
 788 0012 0120     		movs	r0, #1
 789 0014 0121     		movs	r1, #1
 790 0016 1A46     		mov	r2, r3
 791 0018 4FF48043 		mov	r3, #16384
 792 001c FFF7FEFF 		bl	G_A_Wave1_DMA_DmaInitialize
 793 0020 0346     		mov	r3, r0
 794 0022 1A46     		mov	r2, r3
ARM GAS  C:\Users\IEUser\AppData\Local\Temp\ccSIVJAX.s 			page 19


 795 0024 104B     		ldr	r3, .L16
 796 0026 1A70     		strb	r2, [r3]
 232:.\Generated_Source\PSoC5/G_A.c **** 	#endif /* CY_PSOC3 */
 233:.\Generated_Source\PSoC5/G_A.c **** 	
 234:.\Generated_Source\PSoC5/G_A.c **** 	/*
 235:.\Generated_Source\PSoC5/G_A.c **** 	* TD is looping on itself. 
 236:.\Generated_Source\PSoC5/G_A.c ****     * Increment the source address, but not the destination address. 
 237:.\Generated_Source\PSoC5/G_A.c **** 	*/
 238:.\Generated_Source\PSoC5/G_A.c **** 	(void)CyDmaTdSetConfiguration(G_A_Wave1TD, sampleSize, G_A_Wave1TD, 
 797              		.loc 1 238 0
 798 0028 104B     		ldr	r3, .L16+4
 799 002a 1978     		ldrb	r1, [r3]	@ zero_extendqisi2
 800 002c 0F4B     		ldr	r3, .L16+4
 801 002e 1B78     		ldrb	r3, [r3]	@ zero_extendqisi2
 802 0030 7A88     		ldrh	r2, [r7, #2]
 803 0032 0846     		mov	r0, r1
 804 0034 1146     		mov	r1, r2
 805 0036 1A46     		mov	r2, r3
 806 0038 0123     		movs	r3, #1
 807 003a FFF7FEFF 		bl	CyDmaTdSetConfiguration
 239:.\Generated_Source\PSoC5/G_A.c ****                                     (uint8)CY_DMA_TD_INC_SRC_ADR | (uint8)G_A_Wave1_DMA__TD_TERMOUT
 240:.\Generated_Source\PSoC5/G_A.c **** 	
 241:.\Generated_Source\PSoC5/G_A.c **** 	/* Set the TD source and destination address */
 242:.\Generated_Source\PSoC5/G_A.c **** 	(void)CyDmaTdSetAddress(G_A_Wave1TD, LO16((uint32)wavePtr), LO16(G_A_DAC8__D));
 808              		.loc 1 242 0
 809 003e 0B4B     		ldr	r3, .L16+4
 810 0040 1A78     		ldrb	r2, [r3]	@ zero_extendqisi2
 811 0042 7B68     		ldr	r3, [r7, #4]
 812 0044 9BB2     		uxth	r3, r3
 813 0046 1046     		mov	r0, r2
 814 0048 1946     		mov	r1, r3
 815 004a 45F68232 		movw	r2, #23426
 816 004e FFF7FEFF 		bl	CyDmaTdSetAddress
 243:.\Generated_Source\PSoC5/G_A.c **** 	
 244:.\Generated_Source\PSoC5/G_A.c **** 	/* Associate the TD with the channel */
 245:.\Generated_Source\PSoC5/G_A.c **** 	(void)CyDmaChSetInitialTd(G_A_Wave1Chan, G_A_Wave1TD);
 817              		.loc 1 245 0
 818 0052 054B     		ldr	r3, .L16
 819 0054 1A78     		ldrb	r2, [r3]	@ zero_extendqisi2
 820 0056 054B     		ldr	r3, .L16+4
 821 0058 1B78     		ldrb	r3, [r3]	@ zero_extendqisi2
 822 005a 1046     		mov	r0, r2
 823 005c 1946     		mov	r1, r3
 824 005e FFF7FEFF 		bl	CyDmaChSetInitialTd
 246:.\Generated_Source\PSoC5/G_A.c **** }
 825              		.loc 1 246 0
 826 0062 0837     		adds	r7, r7, #8
 827 0064 BD46     		mov	sp, r7
 828              		@ sp needed
 829 0066 80BD     		pop	{r7, pc}
 830              	.L17:
 831              		.align	2
 832              	.L16:
 833 0068 01000000 		.word	G_A_Wave1Chan
 834 006c 03000000 		.word	G_A_Wave1TD
 835              		.cfi_endproc
 836              	.LFE5:
ARM GAS  C:\Users\IEUser\AppData\Local\Temp\ccSIVJAX.s 			page 20


 837              		.size	G_A_Wave1Setup, .-G_A_Wave1Setup
 838              		.section	.text.G_A_Wave2Setup,"ax",%progbits
 839              		.align	2
 840              		.global	G_A_Wave2Setup
 841              		.thumb
 842              		.thumb_func
 843              		.type	G_A_Wave2Setup, %function
 844              	G_A_Wave2Setup:
 845              	.LFB6:
 247:.\Generated_Source\PSoC5/G_A.c **** 
 248:.\Generated_Source\PSoC5/G_A.c **** 
 249:.\Generated_Source\PSoC5/G_A.c **** /*******************************************************************************
 250:.\Generated_Source\PSoC5/G_A.c **** * Function Name: G_A_Wave2Setup
 251:.\Generated_Source\PSoC5/G_A.c **** ********************************************************************************
 252:.\Generated_Source\PSoC5/G_A.c **** *
 253:.\Generated_Source\PSoC5/G_A.c **** * Summary:
 254:.\Generated_Source\PSoC5/G_A.c **** *  Sets pointer and size for waveform 2.                                    
 255:.\Generated_Source\PSoC5/G_A.c **** *
 256:.\Generated_Source\PSoC5/G_A.c **** * Parameters:  
 257:.\Generated_Source\PSoC5/G_A.c **** *  uint8 * WavePtr:     Pointer to the waveform array.
 258:.\Generated_Source\PSoC5/G_A.c **** *  uint16  SampleSize:  The amount of samples in the waveform.
 259:.\Generated_Source\PSoC5/G_A.c **** *
 260:.\Generated_Source\PSoC5/G_A.c **** * Return: 
 261:.\Generated_Source\PSoC5/G_A.c **** *  None
 262:.\Generated_Source\PSoC5/G_A.c **** *
 263:.\Generated_Source\PSoC5/G_A.c **** *******************************************************************************/
 264:.\Generated_Source\PSoC5/G_A.c **** void G_A_Wave2Setup(const uint8 * wavePtr, uint16 sampleSize)
 265:.\Generated_Source\PSoC5/G_A.c ****  
 266:.\Generated_Source\PSoC5/G_A.c **** {
 846              		.loc 1 266 0
 847              		.cfi_startproc
 848              		@ args = 0, pretend = 0, frame = 8
 849              		@ frame_needed = 1, uses_anonymous_args = 0
 850 0000 80B5     		push	{r7, lr}
 851              		.cfi_def_cfa_offset 8
 852              		.cfi_offset 7, -8
 853              		.cfi_offset 14, -4
 854 0002 82B0     		sub	sp, sp, #8
 855              		.cfi_def_cfa_offset 16
 856 0004 00AF     		add	r7, sp, #0
 857              		.cfi_def_cfa_register 7
 858 0006 7860     		str	r0, [r7, #4]
 859 0008 0B46     		mov	r3, r1
 860 000a 7B80     		strh	r3, [r7, #2]	@ movhi
 267:.\Generated_Source\PSoC5/G_A.c **** 	#if (CY_PSOC3)
 268:.\Generated_Source\PSoC5/G_A.c **** 		uint16 memoryType; /* determining the source memory type */
 269:.\Generated_Source\PSoC5/G_A.c **** 		memoryType = (G_A_HI16FLASHPTR == HI16(wavePtr)) ? HI16(CYDEV_FLS_BASE) : HI16(CYDEV_SRAM_BASE);
 270:.\Generated_Source\PSoC5/G_A.c **** 			
 271:.\Generated_Source\PSoC5/G_A.c **** 		G_A_Wave2Chan = G_A_Wave2_DMA_DmaInitialize(
 272:.\Generated_Source\PSoC5/G_A.c **** 		G_A_Wave2_DMA_BYTES_PER_BURST, G_A_Wave2_DMA_REQUEST_PER_BURST,
 273:.\Generated_Source\PSoC5/G_A.c **** 		memoryType, HI16(CYDEV_PERIPH_BASE));
 274:.\Generated_Source\PSoC5/G_A.c **** 	#else /* PSoC 5 */
 275:.\Generated_Source\PSoC5/G_A.c **** 		G_A_Wave2Chan = G_A_Wave2_DMA_DmaInitialize(
 276:.\Generated_Source\PSoC5/G_A.c **** 		G_A_Wave2_DMA_BYTES_PER_BURST, G_A_Wave2_DMA_REQUEST_PER_BURST,
 277:.\Generated_Source\PSoC5/G_A.c **** 		HI16(wavePtr), HI16(G_A_DAC8__D));
 861              		.loc 1 277 0
 862 000c 7B68     		ldr	r3, [r7, #4]
ARM GAS  C:\Users\IEUser\AppData\Local\Temp\ccSIVJAX.s 			page 21


 863 000e 1B0C     		lsrs	r3, r3, #16
 275:.\Generated_Source\PSoC5/G_A.c **** 		G_A_Wave2Chan = G_A_Wave2_DMA_DmaInitialize(
 864              		.loc 1 275 0
 865 0010 9BB2     		uxth	r3, r3
 866 0012 0120     		movs	r0, #1
 867 0014 0121     		movs	r1, #1
 868 0016 1A46     		mov	r2, r3
 869 0018 4FF48043 		mov	r3, #16384
 870 001c FFF7FEFF 		bl	G_A_Wave2_DMA_DmaInitialize
 871 0020 0346     		mov	r3, r0
 872 0022 1A46     		mov	r2, r3
 873 0024 104B     		ldr	r3, .L19
 874 0026 1A70     		strb	r2, [r3]
 278:.\Generated_Source\PSoC5/G_A.c **** 	#endif /* CY_PSOC3 */
 279:.\Generated_Source\PSoC5/G_A.c **** 	
 280:.\Generated_Source\PSoC5/G_A.c **** 	/*
 281:.\Generated_Source\PSoC5/G_A.c **** 	* TD is looping on itself. 
 282:.\Generated_Source\PSoC5/G_A.c **** 	* Increment the source address, but not the destination address. 
 283:.\Generated_Source\PSoC5/G_A.c **** 	*/
 284:.\Generated_Source\PSoC5/G_A.c **** 	(void)CyDmaTdSetConfiguration(G_A_Wave2TD, sampleSize, G_A_Wave2TD, 
 875              		.loc 1 284 0
 876 0028 104B     		ldr	r3, .L19+4
 877 002a 1978     		ldrb	r1, [r3]	@ zero_extendqisi2
 878 002c 0F4B     		ldr	r3, .L19+4
 879 002e 1B78     		ldrb	r3, [r3]	@ zero_extendqisi2
 880 0030 7A88     		ldrh	r2, [r7, #2]
 881 0032 0846     		mov	r0, r1
 882 0034 1146     		mov	r1, r2
 883 0036 1A46     		mov	r2, r3
 884 0038 0123     		movs	r3, #1
 885 003a FFF7FEFF 		bl	CyDmaTdSetConfiguration
 285:.\Generated_Source\PSoC5/G_A.c ****                                     (uint8)CY_DMA_TD_INC_SRC_ADR | (uint8)G_A_Wave2_DMA__TD_TERMOUT
 286:.\Generated_Source\PSoC5/G_A.c **** 	
 287:.\Generated_Source\PSoC5/G_A.c **** 	/* Set the TD source and destination address */
 288:.\Generated_Source\PSoC5/G_A.c **** 	(void)CyDmaTdSetAddress(G_A_Wave2TD, LO16((uint32)wavePtr), LO16(G_A_DAC8__D));
 886              		.loc 1 288 0
 887 003e 0B4B     		ldr	r3, .L19+4
 888 0040 1A78     		ldrb	r2, [r3]	@ zero_extendqisi2
 889 0042 7B68     		ldr	r3, [r7, #4]
 890 0044 9BB2     		uxth	r3, r3
 891 0046 1046     		mov	r0, r2
 892 0048 1946     		mov	r1, r3
 893 004a 45F68232 		movw	r2, #23426
 894 004e FFF7FEFF 		bl	CyDmaTdSetAddress
 289:.\Generated_Source\PSoC5/G_A.c **** 	
 290:.\Generated_Source\PSoC5/G_A.c **** 	/* Associate the TD with the channel */
 291:.\Generated_Source\PSoC5/G_A.c **** 	(void)CyDmaChSetInitialTd(G_A_Wave2Chan, G_A_Wave2TD);
 895              		.loc 1 291 0
 896 0052 054B     		ldr	r3, .L19
 897 0054 1A78     		ldrb	r2, [r3]	@ zero_extendqisi2
 898 0056 054B     		ldr	r3, .L19+4
 899 0058 1B78     		ldrb	r3, [r3]	@ zero_extendqisi2
 900 005a 1046     		mov	r0, r2
 901 005c 1946     		mov	r1, r3
 902 005e FFF7FEFF 		bl	CyDmaChSetInitialTd
 292:.\Generated_Source\PSoC5/G_A.c **** }
 903              		.loc 1 292 0
ARM GAS  C:\Users\IEUser\AppData\Local\Temp\ccSIVJAX.s 			page 22


 904 0062 0837     		adds	r7, r7, #8
 905 0064 BD46     		mov	sp, r7
 906              		@ sp needed
 907 0066 80BD     		pop	{r7, pc}
 908              	.L20:
 909              		.align	2
 910              	.L19:
 911 0068 02000000 		.word	G_A_Wave2Chan
 912 006c 04000000 		.word	G_A_Wave2TD
 913              		.cfi_endproc
 914              	.LFE6:
 915              		.size	G_A_Wave2Setup, .-G_A_Wave2Setup
 916              		.text
 917              	.Letext0:
 918              		.file 2 ".\\Generated_Source\\PSoC5\\cytypes.h"
 919              		.section	.debug_info,"",%progbits
 920              	.Ldebug_info0:
 921 0000 4A020000 		.4byte	0x24a
 922 0004 0400     		.2byte	0x4
 923 0006 00000000 		.4byte	.Ldebug_abbrev0
 924 000a 04       		.byte	0x4
 925 000b 01       		.uleb128 0x1
 926 000c 20010000 		.4byte	.LASF36
 927 0010 01       		.byte	0x1
 928 0011 9C010000 		.4byte	.LASF37
 929 0015 05020000 		.4byte	.LASF38
 930 0019 00000000 		.4byte	.Ldebug_ranges0+0
 931 001d 00000000 		.4byte	0
 932 0021 00000000 		.4byte	.Ldebug_line0
 933 0025 02       		.uleb128 0x2
 934 0026 01       		.byte	0x1
 935 0027 06       		.byte	0x6
 936 0028 6C020000 		.4byte	.LASF0
 937 002c 02       		.uleb128 0x2
 938 002d 01       		.byte	0x1
 939 002e 08       		.byte	0x8
 940 002f B8000000 		.4byte	.LASF1
 941 0033 02       		.uleb128 0x2
 942 0034 02       		.byte	0x2
 943 0035 05       		.byte	0x5
 944 0036 EF010000 		.4byte	.LASF2
 945 003a 02       		.uleb128 0x2
 946 003b 02       		.byte	0x2
 947 003c 07       		.byte	0x7
 948 003d 0F000000 		.4byte	.LASF3
 949 0041 02       		.uleb128 0x2
 950 0042 04       		.byte	0x4
 951 0043 05       		.byte	0x5
 952 0044 4D020000 		.4byte	.LASF4
 953 0048 02       		.uleb128 0x2
 954 0049 04       		.byte	0x4
 955 004a 07       		.byte	0x7
 956 004b 71000000 		.4byte	.LASF5
 957 004f 02       		.uleb128 0x2
 958 0050 08       		.byte	0x8
 959 0051 05       		.byte	0x5
 960 0052 CE010000 		.4byte	.LASF6
ARM GAS  C:\Users\IEUser\AppData\Local\Temp\ccSIVJAX.s 			page 23


 961 0056 02       		.uleb128 0x2
 962 0057 08       		.byte	0x8
 963 0058 07       		.byte	0x7
 964 0059 FD000000 		.4byte	.LASF7
 965 005d 03       		.uleb128 0x3
 966 005e 04       		.byte	0x4
 967 005f 05       		.byte	0x5
 968 0060 696E7400 		.ascii	"int\000"
 969 0064 02       		.uleb128 0x2
 970 0065 04       		.byte	0x4
 971 0066 07       		.byte	0x7
 972 0067 22000000 		.4byte	.LASF8
 973 006b 04       		.uleb128 0x4
 974 006c 8B000000 		.4byte	.LASF9
 975 0070 02       		.byte	0x2
 976 0071 A1       		.byte	0xa1
 977 0072 2C000000 		.4byte	0x2c
 978 0076 04       		.uleb128 0x4
 979 0077 DB000000 		.4byte	.LASF10
 980 007b 02       		.byte	0x2
 981 007c A2       		.byte	0xa2
 982 007d 3A000000 		.4byte	0x3a
 983 0081 04       		.uleb128 0x4
 984 0082 E2000000 		.4byte	.LASF11
 985 0086 02       		.byte	0x2
 986 0087 A3       		.byte	0xa3
 987 0088 48000000 		.4byte	0x48
 988 008c 02       		.uleb128 0x2
 989 008d 04       		.byte	0x4
 990 008e 04       		.byte	0x4
 991 008f 56000000 		.4byte	.LASF12
 992 0093 02       		.uleb128 0x2
 993 0094 08       		.byte	0x8
 994 0095 04       		.byte	0x4
 995 0096 C6000000 		.4byte	.LASF13
 996 009a 02       		.uleb128 0x2
 997 009b 01       		.byte	0x1
 998 009c 08       		.byte	0x8
 999 009d EA010000 		.4byte	.LASF14
 1000 00a1 02       		.uleb128 0x2
 1001 00a2 04       		.byte	0x4
 1002 00a3 07       		.byte	0x7
 1003 00a4 BB010000 		.4byte	.LASF15
 1004 00a8 05       		.uleb128 0x5
 1005 00a9 2F000000 		.4byte	.LASF16
 1006 00ad 01       		.byte	0x1
 1007 00ae 2B       		.byte	0x2b
 1008 00af 00000000 		.4byte	.LFB0
 1009 00b3 50000000 		.4byte	.LFE0-.LFB0
 1010 00b7 01       		.uleb128 0x1
 1011 00b8 9C       		.byte	0x9c
 1012 00b9 05       		.uleb128 0x5
 1013 00ba F2000000 		.4byte	.LASF17
 1014 00be 01       		.byte	0x1
 1015 00bf 56       		.byte	0x56
 1016 00c0 00000000 		.4byte	.LFB1
 1017 00c4 34000000 		.4byte	.LFE1-.LFB1
ARM GAS  C:\Users\IEUser\AppData\Local\Temp\ccSIVJAX.s 			page 24


 1018 00c8 01       		.uleb128 0x1
 1019 00c9 9C       		.byte	0x9c
 1020 00ca 05       		.uleb128 0x5
 1021 00cb C4010000 		.4byte	.LASF18
 1022 00cf 01       		.byte	0x1
 1023 00d0 81       		.byte	0x81
 1024 00d1 00000000 		.4byte	.LFB2
 1025 00d5 20000000 		.4byte	.LFE2-.LFB2
 1026 00d9 01       		.uleb128 0x1
 1027 00da 9C       		.byte	0x9c
 1028 00db 06       		.uleb128 0x6
 1029 00dc F9010000 		.4byte	.LASF24
 1030 00e0 01       		.byte	0x1
 1031 00e1 A3       		.byte	0xa3
 1032 00e2 00000000 		.4byte	.LFB3
 1033 00e6 2E000000 		.4byte	.LFE3-.LFB3
 1034 00ea 01       		.uleb128 0x1
 1035 00eb 9C       		.byte	0x9c
 1036 00ec 29010000 		.4byte	0x129
 1037 00f0 07       		.uleb128 0x7
 1038 00f1 38000000 		.4byte	.LASF19
 1039 00f5 01       		.byte	0x1
 1040 00f6 A3       		.byte	0xa3
 1041 00f7 29010000 		.4byte	0x129
 1042 00fb 02       		.uleb128 0x2
 1043 00fc 91       		.byte	0x91
 1044 00fd 74       		.sleb128 -12
 1045 00fe 07       		.uleb128 0x7
 1046 00ff 91000000 		.4byte	.LASF20
 1047 0103 01       		.byte	0x1
 1048 0104 A3       		.byte	0xa3
 1049 0105 76000000 		.4byte	0x76
 1050 0109 02       		.uleb128 0x2
 1051 010a 91       		.byte	0x91
 1052 010b 72       		.sleb128 -14
 1053 010c 07       		.uleb128 0x7
 1054 010d 41000000 		.4byte	.LASF21
 1055 0111 01       		.byte	0x1
 1056 0112 A3       		.byte	0xa3
 1057 0113 29010000 		.4byte	0x129
 1058 0117 02       		.uleb128 0x2
 1059 0118 91       		.byte	0x91
 1060 0119 6C       		.sleb128 -20
 1061 011a 07       		.uleb128 0x7
 1062 011b 9D000000 		.4byte	.LASF22
 1063 011f 01       		.byte	0x1
 1064 0120 A3       		.byte	0xa3
 1065 0121 76000000 		.4byte	0x76
 1066 0125 02       		.uleb128 0x2
 1067 0126 91       		.byte	0x91
 1068 0127 70       		.sleb128 -16
 1069 0128 00       		.byte	0
 1070 0129 08       		.uleb128 0x8
 1071 012a 04       		.byte	0x4
 1072 012b 2F010000 		.4byte	0x12f
 1073 012f 09       		.uleb128 0x9
 1074 0130 6B000000 		.4byte	0x6b
ARM GAS  C:\Users\IEUser\AppData\Local\Temp\ccSIVJAX.s 			page 25


 1075 0134 05       		.uleb128 0x5
 1076 0135 E9000000 		.4byte	.LASF23
 1077 0139 01       		.byte	0x1
 1078 013a BB       		.byte	0xbb
 1079 013b 00000000 		.4byte	.LFB4
 1080 013f 2C000000 		.4byte	.LFE4-.LFB4
 1081 0143 01       		.uleb128 0x1
 1082 0144 9C       		.byte	0x9c
 1083 0145 06       		.uleb128 0x6
 1084 0146 00000000 		.4byte	.LASF25
 1085 014a 01       		.byte	0x1
 1086 014b DA       		.byte	0xda
 1087 014c 00000000 		.4byte	.LFB5
 1088 0150 70000000 		.4byte	.LFE5-.LFB5
 1089 0154 01       		.uleb128 0x1
 1090 0155 9C       		.byte	0x9c
 1091 0156 77010000 		.4byte	0x177
 1092 015a 07       		.uleb128 0x7
 1093 015b 83000000 		.4byte	.LASF26
 1094 015f 01       		.byte	0x1
 1095 0160 DA       		.byte	0xda
 1096 0161 29010000 		.4byte	0x129
 1097 0165 02       		.uleb128 0x2
 1098 0166 91       		.byte	0x91
 1099 0167 74       		.sleb128 -12
 1100 0168 07       		.uleb128 0x7
 1101 0169 5C000000 		.4byte	.LASF27
 1102 016d 01       		.byte	0x1
 1103 016e DA       		.byte	0xda
 1104 016f 76000000 		.4byte	0x76
 1105 0173 02       		.uleb128 0x2
 1106 0174 91       		.byte	0x91
 1107 0175 72       		.sleb128 -14
 1108 0176 00       		.byte	0
 1109 0177 0A       		.uleb128 0xa
 1110 0178 A9000000 		.4byte	.LASF28
 1111 017c 01       		.byte	0x1
 1112 017d 0801     		.2byte	0x108
 1113 017f 00000000 		.4byte	.LFB6
 1114 0183 70000000 		.4byte	.LFE6-.LFB6
 1115 0187 01       		.uleb128 0x1
 1116 0188 9C       		.byte	0x9c
 1117 0189 AC010000 		.4byte	0x1ac
 1118 018d 0B       		.uleb128 0xb
 1119 018e 83000000 		.4byte	.LASF26
 1120 0192 01       		.byte	0x1
 1121 0193 0801     		.2byte	0x108
 1122 0195 29010000 		.4byte	0x129
 1123 0199 02       		.uleb128 0x2
 1124 019a 91       		.byte	0x91
 1125 019b 74       		.sleb128 -12
 1126 019c 0B       		.uleb128 0xb
 1127 019d 5C000000 		.4byte	.LASF27
 1128 01a1 01       		.byte	0x1
 1129 01a2 0801     		.2byte	0x108
 1130 01a4 76000000 		.4byte	0x76
 1131 01a8 02       		.uleb128 0x2
ARM GAS  C:\Users\IEUser\AppData\Local\Temp\ccSIVJAX.s 			page 26


 1132 01a9 91       		.byte	0x91
 1133 01aa 72       		.sleb128 -14
 1134 01ab 00       		.byte	0
 1135 01ac 0C       		.uleb128 0xc
 1136 01ad CD000000 		.4byte	.LASF29
 1137 01b1 01       		.byte	0x1
 1138 01b2 17       		.byte	0x17
 1139 01b3 6B000000 		.4byte	0x6b
 1140 01b7 05       		.uleb128 0x5
 1141 01b8 03       		.byte	0x3
 1142 01b9 01000000 		.4byte	G_A_Wave1Chan
 1143 01bd 0C       		.uleb128 0xc
 1144 01be DC010000 		.4byte	.LASF30
 1145 01c2 01       		.byte	0x1
 1146 01c3 18       		.byte	0x18
 1147 01c4 6B000000 		.4byte	0x6b
 1148 01c8 05       		.uleb128 0x5
 1149 01c9 03       		.byte	0x3
 1150 01ca 02000000 		.4byte	G_A_Wave2Chan
 1151 01ce 0C       		.uleb128 0xc
 1152 01cf 56020000 		.4byte	.LASF31
 1153 01d3 01       		.byte	0x1
 1154 01d4 19       		.byte	0x19
 1155 01d5 6B000000 		.4byte	0x6b
 1156 01d9 05       		.uleb128 0x5
 1157 01da 03       		.byte	0x3
 1158 01db 03000000 		.4byte	G_A_Wave1TD
 1159 01df 0C       		.uleb128 0xc
 1160 01e0 4A000000 		.4byte	.LASF32
 1161 01e4 01       		.byte	0x1
 1162 01e5 1A       		.byte	0x1a
 1163 01e6 6B000000 		.4byte	0x6b
 1164 01ea 05       		.uleb128 0x5
 1165 01eb 03       		.byte	0x3
 1166 01ec 04000000 		.4byte	G_A_Wave2TD
 1167 01f0 0D       		.uleb128 0xd
 1168 01f1 14010000 		.4byte	.LASF33
 1169 01f5 01       		.byte	0x1
 1170 01f6 12       		.byte	0x12
 1171 01f7 6B000000 		.4byte	0x6b
 1172 01fb 05       		.uleb128 0x5
 1173 01fc 03       		.byte	0x3
 1174 01fd 00000000 		.4byte	G_A_initVar
 1175 0201 0E       		.uleb128 0xe
 1176 0202 6B000000 		.4byte	0x6b
 1177 0206 11020000 		.4byte	0x211
 1178 020a 0F       		.uleb128 0xf
 1179 020b A1000000 		.4byte	0xa1
 1180 020f FE       		.byte	0xfe
 1181 0210 00       		.byte	0
 1182 0211 0D       		.uleb128 0xd
 1183 0212 67000000 		.4byte	.LASF34
 1184 0216 01       		.byte	0x1
 1185 0217 14       		.byte	0x14
 1186 0218 22020000 		.4byte	0x222
 1187 021c 05       		.uleb128 0x5
 1188 021d 03       		.byte	0x3
ARM GAS  C:\Users\IEUser\AppData\Local\Temp\ccSIVJAX.s 			page 27


 1189 021e 00000000 		.4byte	G_A_wave1
 1190 0222 09       		.uleb128 0x9
 1191 0223 01020000 		.4byte	0x201
 1192 0227 0E       		.uleb128 0xe
 1193 0228 6B000000 		.4byte	0x6b
 1194 022c 37020000 		.4byte	0x237
 1195 0230 0F       		.uleb128 0xf
 1196 0231 A1000000 		.4byte	0xa1
 1197 0235 E2       		.byte	0xe2
 1198 0236 00       		.byte	0
 1199 0237 0D       		.uleb128 0xd
 1200 0238 62020000 		.4byte	.LASF35
 1201 023c 01       		.byte	0x1
 1202 023d 15       		.byte	0x15
 1203 023e 48020000 		.4byte	0x248
 1204 0242 05       		.uleb128 0x5
 1205 0243 03       		.byte	0x3
 1206 0244 00000000 		.4byte	G_A_wave2
 1207 0248 09       		.uleb128 0x9
 1208 0249 27020000 		.4byte	0x227
 1209 024d 00       		.byte	0
 1210              		.section	.debug_abbrev,"",%progbits
 1211              	.Ldebug_abbrev0:
 1212 0000 01       		.uleb128 0x1
 1213 0001 11       		.uleb128 0x11
 1214 0002 01       		.byte	0x1
 1215 0003 25       		.uleb128 0x25
 1216 0004 0E       		.uleb128 0xe
 1217 0005 13       		.uleb128 0x13
 1218 0006 0B       		.uleb128 0xb
 1219 0007 03       		.uleb128 0x3
 1220 0008 0E       		.uleb128 0xe
 1221 0009 1B       		.uleb128 0x1b
 1222 000a 0E       		.uleb128 0xe
 1223 000b 55       		.uleb128 0x55
 1224 000c 17       		.uleb128 0x17
 1225 000d 11       		.uleb128 0x11
 1226 000e 01       		.uleb128 0x1
 1227 000f 10       		.uleb128 0x10
 1228 0010 17       		.uleb128 0x17
 1229 0011 00       		.byte	0
 1230 0012 00       		.byte	0
 1231 0013 02       		.uleb128 0x2
 1232 0014 24       		.uleb128 0x24
 1233 0015 00       		.byte	0
 1234 0016 0B       		.uleb128 0xb
 1235 0017 0B       		.uleb128 0xb
 1236 0018 3E       		.uleb128 0x3e
 1237 0019 0B       		.uleb128 0xb
 1238 001a 03       		.uleb128 0x3
 1239 001b 0E       		.uleb128 0xe
 1240 001c 00       		.byte	0
 1241 001d 00       		.byte	0
 1242 001e 03       		.uleb128 0x3
 1243 001f 24       		.uleb128 0x24
 1244 0020 00       		.byte	0
 1245 0021 0B       		.uleb128 0xb
ARM GAS  C:\Users\IEUser\AppData\Local\Temp\ccSIVJAX.s 			page 28


 1246 0022 0B       		.uleb128 0xb
 1247 0023 3E       		.uleb128 0x3e
 1248 0024 0B       		.uleb128 0xb
 1249 0025 03       		.uleb128 0x3
 1250 0026 08       		.uleb128 0x8
 1251 0027 00       		.byte	0
 1252 0028 00       		.byte	0
 1253 0029 04       		.uleb128 0x4
 1254 002a 16       		.uleb128 0x16
 1255 002b 00       		.byte	0
 1256 002c 03       		.uleb128 0x3
 1257 002d 0E       		.uleb128 0xe
 1258 002e 3A       		.uleb128 0x3a
 1259 002f 0B       		.uleb128 0xb
 1260 0030 3B       		.uleb128 0x3b
 1261 0031 0B       		.uleb128 0xb
 1262 0032 49       		.uleb128 0x49
 1263 0033 13       		.uleb128 0x13
 1264 0034 00       		.byte	0
 1265 0035 00       		.byte	0
 1266 0036 05       		.uleb128 0x5
 1267 0037 2E       		.uleb128 0x2e
 1268 0038 00       		.byte	0
 1269 0039 3F       		.uleb128 0x3f
 1270 003a 19       		.uleb128 0x19
 1271 003b 03       		.uleb128 0x3
 1272 003c 0E       		.uleb128 0xe
 1273 003d 3A       		.uleb128 0x3a
 1274 003e 0B       		.uleb128 0xb
 1275 003f 3B       		.uleb128 0x3b
 1276 0040 0B       		.uleb128 0xb
 1277 0041 27       		.uleb128 0x27
 1278 0042 19       		.uleb128 0x19
 1279 0043 11       		.uleb128 0x11
 1280 0044 01       		.uleb128 0x1
 1281 0045 12       		.uleb128 0x12
 1282 0046 06       		.uleb128 0x6
 1283 0047 40       		.uleb128 0x40
 1284 0048 18       		.uleb128 0x18
 1285 0049 9642     		.uleb128 0x2116
 1286 004b 19       		.uleb128 0x19
 1287 004c 00       		.byte	0
 1288 004d 00       		.byte	0
 1289 004e 06       		.uleb128 0x6
 1290 004f 2E       		.uleb128 0x2e
 1291 0050 01       		.byte	0x1
 1292 0051 3F       		.uleb128 0x3f
 1293 0052 19       		.uleb128 0x19
 1294 0053 03       		.uleb128 0x3
 1295 0054 0E       		.uleb128 0xe
 1296 0055 3A       		.uleb128 0x3a
 1297 0056 0B       		.uleb128 0xb
 1298 0057 3B       		.uleb128 0x3b
 1299 0058 0B       		.uleb128 0xb
 1300 0059 27       		.uleb128 0x27
 1301 005a 19       		.uleb128 0x19
 1302 005b 11       		.uleb128 0x11
ARM GAS  C:\Users\IEUser\AppData\Local\Temp\ccSIVJAX.s 			page 29


 1303 005c 01       		.uleb128 0x1
 1304 005d 12       		.uleb128 0x12
 1305 005e 06       		.uleb128 0x6
 1306 005f 40       		.uleb128 0x40
 1307 0060 18       		.uleb128 0x18
 1308 0061 9642     		.uleb128 0x2116
 1309 0063 19       		.uleb128 0x19
 1310 0064 01       		.uleb128 0x1
 1311 0065 13       		.uleb128 0x13
 1312 0066 00       		.byte	0
 1313 0067 00       		.byte	0
 1314 0068 07       		.uleb128 0x7
 1315 0069 05       		.uleb128 0x5
 1316 006a 00       		.byte	0
 1317 006b 03       		.uleb128 0x3
 1318 006c 0E       		.uleb128 0xe
 1319 006d 3A       		.uleb128 0x3a
 1320 006e 0B       		.uleb128 0xb
 1321 006f 3B       		.uleb128 0x3b
 1322 0070 0B       		.uleb128 0xb
 1323 0071 49       		.uleb128 0x49
 1324 0072 13       		.uleb128 0x13
 1325 0073 02       		.uleb128 0x2
 1326 0074 18       		.uleb128 0x18
 1327 0075 00       		.byte	0
 1328 0076 00       		.byte	0
 1329 0077 08       		.uleb128 0x8
 1330 0078 0F       		.uleb128 0xf
 1331 0079 00       		.byte	0
 1332 007a 0B       		.uleb128 0xb
 1333 007b 0B       		.uleb128 0xb
 1334 007c 49       		.uleb128 0x49
 1335 007d 13       		.uleb128 0x13
 1336 007e 00       		.byte	0
 1337 007f 00       		.byte	0
 1338 0080 09       		.uleb128 0x9
 1339 0081 26       		.uleb128 0x26
 1340 0082 00       		.byte	0
 1341 0083 49       		.uleb128 0x49
 1342 0084 13       		.uleb128 0x13
 1343 0085 00       		.byte	0
 1344 0086 00       		.byte	0
 1345 0087 0A       		.uleb128 0xa
 1346 0088 2E       		.uleb128 0x2e
 1347 0089 01       		.byte	0x1
 1348 008a 3F       		.uleb128 0x3f
 1349 008b 19       		.uleb128 0x19
 1350 008c 03       		.uleb128 0x3
 1351 008d 0E       		.uleb128 0xe
 1352 008e 3A       		.uleb128 0x3a
 1353 008f 0B       		.uleb128 0xb
 1354 0090 3B       		.uleb128 0x3b
 1355 0091 05       		.uleb128 0x5
 1356 0092 27       		.uleb128 0x27
 1357 0093 19       		.uleb128 0x19
 1358 0094 11       		.uleb128 0x11
 1359 0095 01       		.uleb128 0x1
ARM GAS  C:\Users\IEUser\AppData\Local\Temp\ccSIVJAX.s 			page 30


 1360 0096 12       		.uleb128 0x12
 1361 0097 06       		.uleb128 0x6
 1362 0098 40       		.uleb128 0x40
 1363 0099 18       		.uleb128 0x18
 1364 009a 9642     		.uleb128 0x2116
 1365 009c 19       		.uleb128 0x19
 1366 009d 01       		.uleb128 0x1
 1367 009e 13       		.uleb128 0x13
 1368 009f 00       		.byte	0
 1369 00a0 00       		.byte	0
 1370 00a1 0B       		.uleb128 0xb
 1371 00a2 05       		.uleb128 0x5
 1372 00a3 00       		.byte	0
 1373 00a4 03       		.uleb128 0x3
 1374 00a5 0E       		.uleb128 0xe
 1375 00a6 3A       		.uleb128 0x3a
 1376 00a7 0B       		.uleb128 0xb
 1377 00a8 3B       		.uleb128 0x3b
 1378 00a9 05       		.uleb128 0x5
 1379 00aa 49       		.uleb128 0x49
 1380 00ab 13       		.uleb128 0x13
 1381 00ac 02       		.uleb128 0x2
 1382 00ad 18       		.uleb128 0x18
 1383 00ae 00       		.byte	0
 1384 00af 00       		.byte	0
 1385 00b0 0C       		.uleb128 0xc
 1386 00b1 34       		.uleb128 0x34
 1387 00b2 00       		.byte	0
 1388 00b3 03       		.uleb128 0x3
 1389 00b4 0E       		.uleb128 0xe
 1390 00b5 3A       		.uleb128 0x3a
 1391 00b6 0B       		.uleb128 0xb
 1392 00b7 3B       		.uleb128 0x3b
 1393 00b8 0B       		.uleb128 0xb
 1394 00b9 49       		.uleb128 0x49
 1395 00ba 13       		.uleb128 0x13
 1396 00bb 02       		.uleb128 0x2
 1397 00bc 18       		.uleb128 0x18
 1398 00bd 00       		.byte	0
 1399 00be 00       		.byte	0
 1400 00bf 0D       		.uleb128 0xd
 1401 00c0 34       		.uleb128 0x34
 1402 00c1 00       		.byte	0
 1403 00c2 03       		.uleb128 0x3
 1404 00c3 0E       		.uleb128 0xe
 1405 00c4 3A       		.uleb128 0x3a
 1406 00c5 0B       		.uleb128 0xb
 1407 00c6 3B       		.uleb128 0x3b
 1408 00c7 0B       		.uleb128 0xb
 1409 00c8 49       		.uleb128 0x49
 1410 00c9 13       		.uleb128 0x13
 1411 00ca 3F       		.uleb128 0x3f
 1412 00cb 19       		.uleb128 0x19
 1413 00cc 02       		.uleb128 0x2
 1414 00cd 18       		.uleb128 0x18
 1415 00ce 00       		.byte	0
 1416 00cf 00       		.byte	0
ARM GAS  C:\Users\IEUser\AppData\Local\Temp\ccSIVJAX.s 			page 31


 1417 00d0 0E       		.uleb128 0xe
 1418 00d1 01       		.uleb128 0x1
 1419 00d2 01       		.byte	0x1
 1420 00d3 49       		.uleb128 0x49
 1421 00d4 13       		.uleb128 0x13
 1422 00d5 01       		.uleb128 0x1
 1423 00d6 13       		.uleb128 0x13
 1424 00d7 00       		.byte	0
 1425 00d8 00       		.byte	0
 1426 00d9 0F       		.uleb128 0xf
 1427 00da 21       		.uleb128 0x21
 1428 00db 00       		.byte	0
 1429 00dc 49       		.uleb128 0x49
 1430 00dd 13       		.uleb128 0x13
 1431 00de 2F       		.uleb128 0x2f
 1432 00df 0B       		.uleb128 0xb
 1433 00e0 00       		.byte	0
 1434 00e1 00       		.byte	0
 1435 00e2 00       		.byte	0
 1436              		.section	.debug_aranges,"",%progbits
 1437 0000 4C000000 		.4byte	0x4c
 1438 0004 0200     		.2byte	0x2
 1439 0006 00000000 		.4byte	.Ldebug_info0
 1440 000a 04       		.byte	0x4
 1441 000b 00       		.byte	0
 1442 000c 0000     		.2byte	0
 1443 000e 0000     		.2byte	0
 1444 0010 00000000 		.4byte	.LFB0
 1445 0014 50000000 		.4byte	.LFE0-.LFB0
 1446 0018 00000000 		.4byte	.LFB1
 1447 001c 34000000 		.4byte	.LFE1-.LFB1
 1448 0020 00000000 		.4byte	.LFB2
 1449 0024 20000000 		.4byte	.LFE2-.LFB2
 1450 0028 00000000 		.4byte	.LFB3
 1451 002c 2E000000 		.4byte	.LFE3-.LFB3
 1452 0030 00000000 		.4byte	.LFB4
 1453 0034 2C000000 		.4byte	.LFE4-.LFB4
 1454 0038 00000000 		.4byte	.LFB5
 1455 003c 70000000 		.4byte	.LFE5-.LFB5
 1456 0040 00000000 		.4byte	.LFB6
 1457 0044 70000000 		.4byte	.LFE6-.LFB6
 1458 0048 00000000 		.4byte	0
 1459 004c 00000000 		.4byte	0
 1460              		.section	.debug_ranges,"",%progbits
 1461              	.Ldebug_ranges0:
 1462 0000 00000000 		.4byte	.LFB0
 1463 0004 50000000 		.4byte	.LFE0
 1464 0008 00000000 		.4byte	.LFB1
 1465 000c 34000000 		.4byte	.LFE1
 1466 0010 00000000 		.4byte	.LFB2
 1467 0014 20000000 		.4byte	.LFE2
 1468 0018 00000000 		.4byte	.LFB3
 1469 001c 2E000000 		.4byte	.LFE3
 1470 0020 00000000 		.4byte	.LFB4
 1471 0024 2C000000 		.4byte	.LFE4
 1472 0028 00000000 		.4byte	.LFB5
 1473 002c 70000000 		.4byte	.LFE5
ARM GAS  C:\Users\IEUser\AppData\Local\Temp\ccSIVJAX.s 			page 32


 1474 0030 00000000 		.4byte	.LFB6
 1475 0034 70000000 		.4byte	.LFE6
 1476 0038 00000000 		.4byte	0
 1477 003c 00000000 		.4byte	0
 1478              		.section	.debug_line,"",%progbits
 1479              	.Ldebug_line0:
 1480 0000 EB000000 		.section	.debug_str,"MS",%progbits,1
 1480      02004200 
 1480      00000201 
 1480      FB0E0D00 
 1480      01010101 
 1481              	.LASF25:
 1482 0000 475F415F 		.ascii	"G_A_Wave1Setup\000"
 1482      57617665 
 1482      31536574 
 1482      757000
 1483              	.LASF3:
 1484 000f 73686F72 		.ascii	"short unsigned int\000"
 1484      7420756E 
 1484      7369676E 
 1484      65642069 
 1484      6E7400
 1485              	.LASF8:
 1486 0022 756E7369 		.ascii	"unsigned int\000"
 1486      676E6564 
 1486      20696E74 
 1486      00
 1487              	.LASF16:
 1488 002f 475F415F 		.ascii	"G_A_Init\000"
 1488      496E6974 
 1488      00
 1489              	.LASF19:
 1490 0038 77617665 		.ascii	"wavePtr1\000"
 1490      50747231 
 1490      00
 1491              	.LASF21:
 1492 0041 77617665 		.ascii	"wavePtr2\000"
 1492      50747232 
 1492      00
 1493              	.LASF32:
 1494 004a 475F415F 		.ascii	"G_A_Wave2TD\000"
 1494      57617665 
 1494      32544400 
 1495              	.LASF12:
 1496 0056 666C6F61 		.ascii	"float\000"
 1496      7400
 1497              	.LASF27:
 1498 005c 73616D70 		.ascii	"sampleSize\000"
 1498      6C655369 
 1498      7A6500
 1499              	.LASF34:
 1500 0067 475F415F 		.ascii	"G_A_wave1\000"
 1500      77617665 
 1500      3100
 1501              	.LASF5:
 1502 0071 6C6F6E67 		.ascii	"long unsigned int\000"
 1502      20756E73 
ARM GAS  C:\Users\IEUser\AppData\Local\Temp\ccSIVJAX.s 			page 33


 1502      69676E65 
 1502      6420696E 
 1502      7400
 1503              	.LASF26:
 1504 0083 77617665 		.ascii	"wavePtr\000"
 1504      50747200 
 1505              	.LASF9:
 1506 008b 75696E74 		.ascii	"uint8\000"
 1506      3800
 1507              	.LASF20:
 1508 0091 73616D70 		.ascii	"sampleSize1\000"
 1508      6C655369 
 1508      7A653100 
 1509              	.LASF22:
 1510 009d 73616D70 		.ascii	"sampleSize2\000"
 1510      6C655369 
 1510      7A653200 
 1511              	.LASF28:
 1512 00a9 475F415F 		.ascii	"G_A_Wave2Setup\000"
 1512      57617665 
 1512      32536574 
 1512      757000
 1513              	.LASF1:
 1514 00b8 756E7369 		.ascii	"unsigned char\000"
 1514      676E6564 
 1514      20636861 
 1514      7200
 1515              	.LASF13:
 1516 00c6 646F7562 		.ascii	"double\000"
 1516      6C6500
 1517              	.LASF29:
 1518 00cd 475F415F 		.ascii	"G_A_Wave1Chan\000"
 1518      57617665 
 1518      31436861 
 1518      6E00
 1519              	.LASF10:
 1520 00db 75696E74 		.ascii	"uint16\000"
 1520      313600
 1521              	.LASF11:
 1522 00e2 75696E74 		.ascii	"uint32\000"
 1522      333200
 1523              	.LASF23:
 1524 00e9 475F415F 		.ascii	"G_A_Stop\000"
 1524      53746F70 
 1524      00
 1525              	.LASF17:
 1526 00f2 475F415F 		.ascii	"G_A_Enable\000"
 1526      456E6162 
 1526      6C6500
 1527              	.LASF7:
 1528 00fd 6C6F6E67 		.ascii	"long long unsigned int\000"
 1528      206C6F6E 
 1528      6720756E 
 1528      7369676E 
 1528      65642069 
 1529              	.LASF33:
 1530 0114 475F415F 		.ascii	"G_A_initVar\000"
ARM GAS  C:\Users\IEUser\AppData\Local\Temp\ccSIVJAX.s 			page 34


 1530      696E6974 
 1530      56617200 
 1531              	.LASF36:
 1532 0120 474E5520 		.ascii	"GNU C 4.8.4 20140526 (release) [ARM/embedded-4_8-br"
 1532      4320342E 
 1532      382E3420 
 1532      32303134 
 1532      30353236 
 1533 0153 616E6368 		.ascii	"anch revision 211358] -mcpu=cortex-m3 -mthumb -g -O"
 1533      20726576 
 1533      6973696F 
 1533      6E203231 
 1533      31333538 
 1534 0186 30202D66 		.ascii	"0 -ffunction-sections\000"
 1534      66756E63 
 1534      74696F6E 
 1534      2D736563 
 1534      74696F6E 
 1535              	.LASF37:
 1536 019c 2E5C4765 		.ascii	".\\Generated_Source\\PSoC5\\G_A.c\000"
 1536      6E657261 
 1536      7465645F 
 1536      536F7572 
 1536      63655C50 
 1537              	.LASF15:
 1538 01bb 73697A65 		.ascii	"sizetype\000"
 1538      74797065 
 1538      00
 1539              	.LASF18:
 1540 01c4 475F415F 		.ascii	"G_A_Start\000"
 1540      53746172 
 1540      7400
 1541              	.LASF6:
 1542 01ce 6C6F6E67 		.ascii	"long long int\000"
 1542      206C6F6E 
 1542      6720696E 
 1542      7400
 1543              	.LASF30:
 1544 01dc 475F415F 		.ascii	"G_A_Wave2Chan\000"
 1544      57617665 
 1544      32436861 
 1544      6E00
 1545              	.LASF14:
 1546 01ea 63686172 		.ascii	"char\000"
 1546      00
 1547              	.LASF2:
 1548 01ef 73686F72 		.ascii	"short int\000"
 1548      7420696E 
 1548      7400
 1549              	.LASF24:
 1550 01f9 475F415F 		.ascii	"G_A_StartEx\000"
 1550      53746172 
 1550      74457800 
 1551              	.LASF38:
 1552 0205 433A5C55 		.ascii	"C:\\Users\\IEUser\\Downloads\\PSoC_Creator\\Filter_"
 1552      73657273 
 1552      5C494555 
ARM GAS  C:\Users\IEUser\AppData\Local\Temp\ccSIVJAX.s 			page 35


 1552      7365725C 
 1552      446F776E 
 1553 0233 4144435F 		.ascii	"ADC_VDAC01\\Design01.cydsn\000"
 1553      56444143 
 1553      30315C44 
 1553      65736967 
 1553      6E30312E 
 1554              	.LASF4:
 1555 024d 6C6F6E67 		.ascii	"long int\000"
 1555      20696E74 
 1555      00
 1556              	.LASF31:
 1557 0256 475F415F 		.ascii	"G_A_Wave1TD\000"
 1557      57617665 
 1557      31544400 
 1558              	.LASF35:
 1559 0262 475F415F 		.ascii	"G_A_wave2\000"
 1559      77617665 
 1559      3200
 1560              	.LASF0:
 1561 026c 7369676E 		.ascii	"signed char\000"
 1561      65642063 
 1561      68617200 
 1562              		.ident	"GCC: (GNU Tools for ARM Embedded Processors) 4.8.4 20140526 (release) [ARM/embedded-4_8-br
